#
# There is insufficient memory for the Java Runtime Environment to continue.
# Native memory allocation (mmap) failed to map 65536 bytes for Failed to commit metaspace.
# Possible reasons:
#   The system is out of physical RAM or swap space
#   The process is running with CompressedOops enabled, and the Java Heap may be blocking the growth of the native heap
# Possible solutions:
#   Reduce memory load on the system
#   Increase physical memory or swap space
#   Check if swap backing store is full
#   Decrease Java heap size (-Xmx/-Xms)
#   Decrease number of Java threads
#   Decrease Java thread stack sizes (-Xss)
#   Set larger code cache with -XX:ReservedCodeCacheSize=
#   JVM is running with Unscaled Compressed Oops mode in which the Java heap is
#     placed in the first 4GB address space. The Java Heap base address is the
#     maximum limit for the native heap growth. Please use -XX:HeapBaseMinAddress
#     to set the Java Heap base and to place the Java Heap above 4GB virtual address.
# This output file may be truncated or incomplete.
#
#  Out of Memory Error (virtualSpaceNode.cpp:112), pid=12108, tid=8960
#
# JRE version: Java(TM) SE Runtime Environment (21.0.2+13) (build 21.0.2+13-LTS-58)
# Java VM: Java HotSpot(TM) 64-Bit Server VM (21.0.2+13-LTS-58, mixed mode, sharing, tiered, compressed oops, compressed class ptrs, g1 gc, windows-amd64)
# No core dump will be written. Minidumps are not enabled by default on client versions of Windows
#

---------------  S U M M A R Y ------------

Command Line: -DwatchParentProcess=false -XX:+ExitOnOutOfMemoryError -XX:+HeapDumpOnOutOfMemoryError -XX:HeapDumpPath=c:\Users\MINH QUAN\AppData\Roaming\Code\User\globalStorage\redhat.vscode-xml -Xmx64M org.eclipse.lemminx.XMLServerLauncher

Host: 13th Gen Intel(R) Core(TM) i5-13420H, 12 cores, 15G,  Windows 11 , 64 bit Build 26100 (10.0.26100.5074)
Time: Fri Sep 26 15:50:08 2025 SE Asia Standard Time elapsed time: 3.010400 seconds (0d 0h 0m 3s)

---------------  T H R E A D  ---------------

Current thread (0x00000189d44255d0):  JavaThread "ForkJoinPool.commonPool-worker-6" daemon [_thread_in_vm, id=8960, stack(0x0000005f50000000,0x0000005f50100000) (1024K)]

Stack: [0x0000005f50000000,0x0000005f50100000]
Native frames: (J=compiled Java code, j=interpreted, Vv=VM code, C=native code)
V  [jvm.dll+0x6cade9]
V  [jvm.dll+0x8569c1]
V  [jvm.dll+0x858d2e]
V  [jvm.dll+0x859413]
V  [jvm.dll+0x280e56]
V  [jvm.dll+0x8526ee]
V  [jvm.dll+0x66e705]
V  [jvm.dll+0x1e68cc]
V  [jvm.dll+0x1e669e]
V  [jvm.dll+0x67104c]
V  [jvm.dll+0x670e62]
V  [jvm.dll+0x66f0de]
V  [jvm.dll+0x26b47f]
V  [jvm.dll+0x679305]
V  [jvm.dll+0x217b73]
V  [jvm.dll+0x2180b5]
V  [jvm.dll+0x218ad1]
V  [jvm.dll+0x20dd9e]
V  [jvm.dll+0x5ad3dc]
V  [jvm.dll+0x21f76a]
V  [jvm.dll+0x7cec21]
V  [jvm.dll+0x7cfc85]
V  [jvm.dll+0x7d022f]
V  [jvm.dll+0x7cfed8]
V  [jvm.dll+0x26ed7b]
V  [jvm.dll+0x3d3c0e]
C  0x000001898754a7ff

The last pc belongs to new (printed below).
Java frames: (J=compiled Java code, j=interpreted, Vv=VM code)
j  sun.security.ssl.TransportContext.<init>(Lsun/security/ssl/SSLContextImpl;Lsun/security/ssl/SSLTransport;Lsun/security/ssl/SSLConfiguration;Lsun/security/ssl/InputRecord;Lsun/security/ssl/OutputRecord;Z)V+115 java.base@21.0.2
j  sun.security.ssl.TransportContext.<init>(Lsun/security/ssl/SSLContextImpl;Lsun/security/ssl/SSLTransport;Lsun/security/ssl/InputRecord;Lsun/security/ssl/OutputRecord;Z)V+17 java.base@21.0.2
j  sun.security.ssl.SSLSocketImpl.<init>(Lsun/security/ssl/SSLContextImpl;)V+87 java.base@21.0.2
j  sun.security.ssl.SSLSocketFactoryImpl.createSocket()Ljava/net/Socket;+8 java.base@21.0.2
j  sun.net.www.protocol.https.HttpsClient.createSocket()Ljava/net/Socket;+4 java.base@21.0.2
j  sun.net.NetworkClient.doConnect(Ljava/lang/String;I)Ljava/net/Socket;+52 java.base@21.0.2
j  sun.net.www.http.HttpClient.openServer(Ljava/lang/String;I)V+4 java.base@21.0.2
j  sun.net.www.http.HttpClient.openServer()V+126 java.base@21.0.2
j  sun.net.www.protocol.https.HttpsClient.<init>(Ljavax/net/ssl/SSLSocketFactory;Ljava/net/URL;Ljava/net/Proxy;I)V+122 java.base@21.0.2
j  sun.net.www.protocol.https.HttpsClient.New(Ljavax/net/ssl/SSLSocketFactory;Ljava/net/URL;Ljavax/net/ssl/HostnameVerifier;Ljava/net/Proxy;ZILsun/net/www/protocol/http/HttpURLConnection;)Lsun/net/www/http/HttpClient;+405 java.base@21.0.2
j  sun.net.www.protocol.https.AbstractDelegateHttpsURLConnection.getNewHttpClient(Ljava/net/URL;Ljava/net/Proxy;I)Lsun/net/www/http/HttpClient;+13 java.base@21.0.2
j  sun.net.www.protocol.http.HttpURLConnection.plainConnect0()V+380 java.base@21.0.2
j  sun.net.www.protocol.http.HttpURLConnection.plainConnect()V+77 java.base@21.0.2
j  sun.net.www.protocol.https.AbstractDelegateHttpsURLConnection.connect()V+9 java.base@21.0.2
j  sun.net.www.protocol.http.HttpURLConnection.getInputStream0()Ljava/io/InputStream;+216 java.base@21.0.2
j  sun.net.www.protocol.http.HttpURLConnection.getInputStream()Ljava/io/InputStream;+62 java.base@21.0.2
j  sun.net.www.protocol.http.HttpURLConnection.getHeaderField(Ljava/lang/String;)Ljava/lang/String;+1 java.base@21.0.2
j  sun.net.www.protocol.https.HttpsURLConnectionImpl.getHeaderField(Ljava/lang/String;)Ljava/lang/String;+5 java.base@21.0.2
j  org.eclipse.lemminx.uriresolver.CacheResourcesManager.lambda$downloadResource$0(Ljava/lang/String;Ljava/nio/file/Path;)Ljava/nio/file/Path;+111
j  org.eclipse.lemminx.uriresolver.CacheResourcesManager$$Lambda+0x00000189901542e0.get()Ljava/lang/Object;+12
j  java.util.concurrent.CompletableFuture$AsyncSupply.run()V+37 java.base@21.0.2
j  java.util.concurrent.CompletableFuture$AsyncSupply.exec()Z+1 java.base@21.0.2
j  java.util.concurrent.ForkJoinTask.doExec()I+10 java.base@21.0.2
j  java.util.concurrent.ForkJoinPool$WorkQueue.topLevelExec(Ljava/util/concurrent/ForkJoinTask;Ljava/util/concurrent/ForkJoinPool$WorkQueue;)V+19 java.base@21.0.2
j  java.util.concurrent.ForkJoinPool.scan(Ljava/util/concurrent/ForkJoinPool$WorkQueue;II)I+211 java.base@21.0.2
j  java.util.concurrent.ForkJoinPool.runWorker(Ljava/util/concurrent/ForkJoinPool$WorkQueue;)V+35 java.base@21.0.2
j  java.util.concurrent.ForkJoinWorkerThread.run()V+31 java.base@21.0.2
v  ~StubRoutines::call_stub 0x000001898753100d
new  187 new  [0x000001898754a680, 0x000001898754a888]  520 bytes
[MachCode]
  0x000001898754a680: 4883 ec08 | c5fa 1104 | 24eb 1f48 | 83ec 10c5 | fb11 0424 | eb14 4883 | ec10 4889 | 0424 48c7 
  0x000001898754a6a0: 4424 0800 | 0000 00eb | 0150 410f | b755 010f | cac1 ea10 | 488b 4de8 | 488b 4908 | 488b 4908 
  0x000001898754a6c0: 488b 4108 | 807c 1004 | 070f 85d3 | 0000 0066 | 8b54 d148 | 488b 4928 | 488b 4cd1 | 0851 80b9 
  0x000001898754a6e0: 2001 0000 | 050f 85b6 | 0000 008b | 5108 f6c2 | 010f 85aa | 0000 0049 | 8b87 b801 | 0000 488d 
  0x000001898754a700: 1c10 493b | 9fc8 0100 | 000f 8792 | 0000 0049 | 899f b801 | 0000 4883 | ea10 0f84 | 0f00 0000 
  0x000001898754a720: 33c9 c1ea | 0348 894c | d008 48ff | ca75 f648 | c700 0100 | 0000 5933 | f689 700c | 49ba 0000 
  0x000001898754a740: 008f 8901 | 0000 492b | ca89 4808 | 49ba fa45 | 134f fc7f | 0000 4180 | 3a00 0f84 | 3c00 0000 
  0x000001898754a760: 5048 8bc8 | 4883 ec20 | 40f6 c40f | 0f84 1900 | 0000 4883 | ec08 48b8 | 8009 c44e | fc7f 0000 
  0x000001898754a780: ffd0 4883 | c408 e90c | 0000 0048 | b880 09c4 | 4efc 7f00 | 00ff d048 | 83c4 2058 | e9cb 0000 
  0x000001898754a7a0: 0059 488b | 55e8 488b | 5208 488b | 5208 450f | b745 0141 | 0fc8 41c1 | e810 e805 | 0000 00e9 
  0x000001898754a7c0: a800 0000 | 488d 4424 | 084c 896d | c049 8bcf | c5f8 7749 | 89af a803 | 0000 4989 | 8798 0300 
  0x000001898754a7e0: 0048 83ec | 2040 f6c4 | 0f0f 8419 | 0000 0048 | 83ec 0848 | b8c0 3b8e | 4efc 7f00 | 00ff d048 
  0x000001898754a800: 83c4 08e9 | 0c00 0000 | 48b8 c03b | 8e4e fc7f | 0000 ffd0 | 4883 c420 | 49c7 8798 | 0300 0000 
  0x000001898754a820: 0000 0049 | c787 a803 | 0000 0000 | 0000 49c7 | 87a0 0300 | 0000 0000 | 00c5 f877 | 4983 7f08 
  0x000001898754a840: 000f 8405 | 0000 00e9 | b466 feff | 498b 87f0 | 0300 0049 | c787 f003 | 0000 0000 | 0000 4c8b 
  0x000001898754a860: 6dc0 4c8b | 75c8 4e8d | 74f5 00c3 | 410f b65d | 0349 83c5 | 0349 ba00 | 0716 4ffc | 7f00 0041 
  0x000001898754a880: ff24 da0f | 1f44 0000 
[/MachCode]

---------------  P R O C E S S  ---------------

Threads class SMR info:
_java_thread_list=0x00000189d43dc060, length=24, elements={
0x00000189fe074490, 0x00000189fe077a70, 0x00000189fe07a4e0, 0x00000189fe07af40,
0x00000189fe07b9a0, 0x00000189fe07c400, 0x00000189fe07d190, 0x00000189fe0ae350,
0x00000189fe2df510, 0x00000189fe2f8410, 0x00000189fe5e6110, 0x00000189f0689310,
0x00000189fe6ceb80, 0x00000189fe968d00, 0x00000189fe7c4220, 0x00000189fe6562f0,
0x00000189d445a720, 0x00000189fe8bfbf0, 0x00000189fe8d0f50, 0x00000189d44255d0,
0x00000189d428d890, 0x00000189fecd1170, 0x00000189fecd1800, 0x00000189d45f3660
}

Java Threads: ( => current thread )
  0x00000189fe074490 JavaThread "Reference Handler"          daemon [_thread_blocked, id=16136, stack(0x0000005f4e500000,0x0000005f4e600000) (1024K)]
  0x00000189fe077a70 JavaThread "Finalizer"                  daemon [_thread_blocked, id=4528, stack(0x0000005f4e600000,0x0000005f4e700000) (1024K)]
  0x00000189fe07a4e0 JavaThread "Signal Dispatcher"          daemon [_thread_blocked, id=20672, stack(0x0000005f4e700000,0x0000005f4e800000) (1024K)]
  0x00000189fe07af40 JavaThread "Attach Listener"            daemon [_thread_blocked, id=16284, stack(0x0000005f4e800000,0x0000005f4e900000) (1024K)]
  0x00000189fe07b9a0 JavaThread "Service Thread"             daemon [_thread_blocked, id=23004, stack(0x0000005f4e900000,0x0000005f4ea00000) (1024K)]
  0x00000189fe07c400 JavaThread "Monitor Deflation Thread"   daemon [_thread_blocked, id=18240, stack(0x0000005f4ea00000,0x0000005f4eb00000) (1024K)]
  0x00000189fe07d190 JavaThread "C2 CompilerThread0"         daemon [_thread_blocked, id=6788, stack(0x0000005f4eb00000,0x0000005f4ec00000) (1024K)]
  0x00000189fe0ae350 JavaThread "C1 CompilerThread0"         daemon [_thread_blocked, id=10924, stack(0x0000005f4ec00000,0x0000005f4ed00000) (1024K)]
  0x00000189fe2df510 JavaThread "Notification Thread"        daemon [_thread_blocked, id=12204, stack(0x0000005f4ed00000,0x0000005f4ee00000) (1024K)]
  0x00000189fe2f8410 JavaThread "Common-Cleaner"             daemon [_thread_blocked, id=17360, stack(0x0000005f4ee00000,0x0000005f4ef00000) (1024K)]
  0x00000189fe5e6110 JavaThread "pool-4-thread-1"                   [_thread_in_native, id=20124, stack(0x0000005f4ef00000,0x0000005f4f000000) (1024K)]
  0x00000189f0689310 JavaThread "DestroyJavaVM"                     [_thread_blocked, id=6872, stack(0x0000005f4dd00000,0x0000005f4de00000) (1024K)]
  0x00000189fe6ceb80 JavaThread "pool-5-thread-1"                   [_thread_blocked, id=7872, stack(0x0000005f4f000000,0x0000005f4f100000) (1024K)]
  0x00000189fe968d00 JavaThread "ForkJoinPool.commonPool-worker-1" daemon [_thread_blocked, id=19092, stack(0x0000005f4f100000,0x0000005f4f200000) (1024K)]
  0x00000189fe7c4220 JavaThread "C2 CompilerThread1"         daemon [_thread_blocked, id=12560, stack(0x0000005f4f200000,0x0000005f4f300000) (1024K)]
  0x00000189fe6562f0 JavaThread "ForkJoinPool.commonPool-worker-2" daemon [_thread_blocked, id=23456, stack(0x0000005f4fc00000,0x0000005f4fd00000) (1024K)]
  0x00000189d445a720 JavaThread "ForkJoinPool.commonPool-worker-3" daemon [_thread_blocked, id=21832, stack(0x0000005f4fd00000,0x0000005f4fe00000) (1024K)]
  0x00000189fe8bfbf0 JavaThread "ForkJoinPool.commonPool-worker-4" daemon [_thread_blocked, id=4228, stack(0x0000005f4fe00000,0x0000005f4ff00000) (1024K)]
  0x00000189fe8d0f50 JavaThread "ForkJoinPool.commonPool-worker-5" daemon [_thread_blocked, id=7300, stack(0x0000005f4ff00000,0x0000005f50000000) (1024K)]
=>0x00000189d44255d0 JavaThread "ForkJoinPool.commonPool-worker-6" daemon [_thread_in_vm, id=8960, stack(0x0000005f50000000,0x0000005f50100000) (1024K)]
  0x00000189d428d890 JavaThread "ForkJoinPool.commonPool-worker-7" daemon [_thread_blocked, id=19848, stack(0x0000005f50100000,0x0000005f50200000) (1024K)]
  0x00000189fecd1170 JavaThread "ForkJoinPool.commonPool-worker-8" daemon [_thread_blocked, id=7412, stack(0x0000005f50200000,0x0000005f50300000) (1024K)]
  0x00000189fecd1800 JavaThread "ForkJoinPool.commonPool-worker-9" daemon [_thread_blocked, id=8252, stack(0x0000005f50300000,0x0000005f50400000) (1024K)]
  0x00000189d45f3660 JavaThread "C2 CompilerThread2"         daemon [_thread_blocked, id=2924, stack(0x0000005f50400000,0x0000005f50500000) (1024K)]
Total: 24

Other Threads:
  0x00000189fe052f20 VMThread "VM Thread"                           [id=17656, stack(0x0000005f4e400000,0x0000005f4e500000) (1024K)]
  0x00000189fe04ba10 WatcherThread "VM Periodic Task Thread"        [id=22424, stack(0x0000005f4e300000,0x0000005f4e400000) (1024K)]
  0x00000189f29f7e60 WorkerThread "GC Thread#0"                     [id=8684, stack(0x0000005f4de00000,0x0000005f4df00000) (1024K)]
  0x00000189fe7fa720 WorkerThread "GC Thread#1"                     [id=20520, stack(0x0000005f4f300000,0x0000005f4f400000) (1024K)]
  0x00000189fe7fd6f0 WorkerThread "GC Thread#2"                     [id=15164, stack(0x0000005f4f400000,0x0000005f4f500000) (1024K)]
  0x00000189fe7fda90 WorkerThread "GC Thread#3"                     [id=20184, stack(0x0000005f4f500000,0x0000005f4f600000) (1024K)]
  0x00000189fe7fde30 WorkerThread "GC Thread#4"                     [id=23536, stack(0x0000005f4f600000,0x0000005f4f700000) (1024K)]
  0x00000189fe7fe1d0 WorkerThread "GC Thread#5"                     [id=19480, stack(0x0000005f4f700000,0x0000005f4f800000) (1024K)]
  0x00000189fe7ef8b0 WorkerThread "GC Thread#6"                     [id=18884, stack(0x0000005f4f800000,0x0000005f4f900000) (1024K)]
  0x00000189fe90e960 WorkerThread "GC Thread#7"                     [id=1764, stack(0x0000005f4f900000,0x0000005f4fa00000) (1024K)]
  0x00000189fe91ed10 WorkerThread "GC Thread#8"                     [id=3472, stack(0x0000005f4fa00000,0x0000005f4fb00000) (1024K)]
  0x00000189fe91f4c0 WorkerThread "GC Thread#9"                     [id=18120, stack(0x0000005f4fb00000,0x0000005f4fc00000) (1024K)]
  0x00000189f29f9640 ConcurrentGCThread "G1 Main Marker"            [id=9812, stack(0x0000005f4df00000,0x0000005f4e000000) (1024K)]
  0x00000189f29fafd0 WorkerThread "G1 Conc#0"                       [id=2504, stack(0x0000005f4e000000,0x0000005f4e100000) (1024K)]
  0x00000189f2a6e210 ConcurrentGCThread "G1 Refine#0"               [id=13576, stack(0x0000005f4e100000,0x0000005f4e200000) (1024K)]
  0x00000189f2a6eb90 ConcurrentGCThread "G1 Service"                [id=12852, stack(0x0000005f4e200000,0x0000005f4e300000) (1024K)]
Total: 16

Threads with active compile tasks:
Total: 0

VM state: not at safepoint (normal execution)

VM Mutex/Monitor currently owned by a thread:  ([mutex/lock_event])
[0x00007ffc4f14ace8] Metaspace_lock - owner thread: 0x00000189d44255d0

Heap address: 0x00000000fc000000, size: 64 MB, Compressed Oops mode: 32-bit

CDS archive(s) mapped at: [0x000001898f000000-0x000001898fc90000-0x000001898fc90000), size 13172736, SharedBaseAddress: 0x000001898f000000, ArchiveRelocationMode: 1.
Compressed class space mapped at: 0x0000018990000000-0x00000189d0000000, reserved size: 1073741824
Narrow klass base: 0x000001898f000000, Narrow klass shift: 0, Narrow klass range: 0x100000000

GC Precious Log:
 CardTable entry size: 512
 Card Set container configuration: InlinePtr #cards 5 size 8 Array Of Cards #cards 12 size 40 Howl #buckets 4 coarsen threshold 1843 Howl Bitmap #cards 512 size 80 coarsen threshold 460 Card regions per heap region 1 cards per card region 2048
 CPUs: 12 total, 12 available
 Memory: 16087M
 Large Page Support: Disabled
 NUMA Support: Disabled
 Compressed Oops: Enabled (32-bit)
 Heap Region Size: 1M
 Heap Min Capacity: 8M
 Heap Initial Capacity: 64M
 Heap Max Capacity: 64M
 Pre-touch: Disabled
 Parallel Workers: 10
 Concurrent Workers: 3
 Concurrent Refinement Workers: 10
 Periodic GC: Disabled

Heap:
 garbage-first heap   total 65536K, used 12541K [0x00000000fc000000, 0x0000000100000000)
  region size 1024K, 7 young (7168K), 4 survivors (4096K)
 Metaspace       used 15024K, committed 15296K, reserved 1114112K
  class space    used 1714K, committed 1856K, reserved 1048576K

Heap Regions: E=young(eden), S=young(survivor), O=old, HS=humongous(starts), HC=humongous(continues), CS=collection set, F=free, TAMS=top-at-mark-start, PB=parsable bottom
|   0|0x00000000fc000000, 0x00000000fc100000, 0x00000000fc100000|100%|HS|  |TAMS 0x00000000fc000000| PB 0x00000000fc000000| Complete 
|   1|0x00000000fc100000, 0x00000000fc200000, 0x00000000fc200000|100%| O|  |TAMS 0x00000000fc100000| PB 0x00000000fc100000| Untracked 
|   2|0x00000000fc200000, 0x00000000fc300000, 0x00000000fc300000|100%| O|  |TAMS 0x00000000fc200000| PB 0x00000000fc200000| Untracked 
|   3|0x00000000fc300000, 0x00000000fc400000, 0x00000000fc400000|100%| O|  |TAMS 0x00000000fc300000| PB 0x00000000fc300000| Untracked 
|   4|0x00000000fc400000, 0x00000000fc500000, 0x00000000fc500000|100%| O|  |TAMS 0x00000000fc400000| PB 0x00000000fc400000| Untracked 
|   5|0x00000000fc500000, 0x00000000fc600000, 0x00000000fc600000|100%| O|  |TAMS 0x00000000fc500000| PB 0x00000000fc500000| Untracked 
|   6|0x00000000fc600000, 0x00000000fc63f610, 0x00000000fc700000| 24%| O|  |TAMS 0x00000000fc600000| PB 0x00000000fc600000| Untracked 
|   7|0x00000000fc700000, 0x00000000fc700000, 0x00000000fc800000|  0%| F|  |TAMS 0x00000000fc700000| PB 0x00000000fc700000| Untracked 
|   8|0x00000000fc800000, 0x00000000fc800000, 0x00000000fc900000|  0%| F|  |TAMS 0x00000000fc800000| PB 0x00000000fc800000| Untracked 
|   9|0x00000000fc900000, 0x00000000fc900000, 0x00000000fca00000|  0%| F|  |TAMS 0x00000000fc900000| PB 0x00000000fc900000| Untracked 
|  10|0x00000000fca00000, 0x00000000fca00000, 0x00000000fcb00000|  0%| F|  |TAMS 0x00000000fca00000| PB 0x00000000fca00000| Untracked 
|  11|0x00000000fcb00000, 0x00000000fcb00000, 0x00000000fcc00000|  0%| F|  |TAMS 0x00000000fcb00000| PB 0x00000000fcb00000| Untracked 
|  12|0x00000000fcc00000, 0x00000000fcc00000, 0x00000000fcd00000|  0%| F|  |TAMS 0x00000000fcc00000| PB 0x00000000fcc00000| Untracked 
|  13|0x00000000fcd00000, 0x00000000fcd00000, 0x00000000fce00000|  0%| F|  |TAMS 0x00000000fcd00000| PB 0x00000000fcd00000| Untracked 
|  14|0x00000000fce00000, 0x00000000fce00000, 0x00000000fcf00000|  0%| F|  |TAMS 0x00000000fce00000| PB 0x00000000fce00000| Untracked 
|  15|0x00000000fcf00000, 0x00000000fcf00000, 0x00000000fd000000|  0%| F|  |TAMS 0x00000000fcf00000| PB 0x00000000fcf00000| Untracked 
|  16|0x00000000fd000000, 0x00000000fd000000, 0x00000000fd100000|  0%| F|  |TAMS 0x00000000fd000000| PB 0x00000000fd000000| Untracked 
|  17|0x00000000fd100000, 0x00000000fd100000, 0x00000000fd200000|  0%| F|  |TAMS 0x00000000fd100000| PB 0x00000000fd100000| Untracked 
|  18|0x00000000fd200000, 0x00000000fd200000, 0x00000000fd300000|  0%| F|  |TAMS 0x00000000fd200000| PB 0x00000000fd200000| Untracked 
|  19|0x00000000fd300000, 0x00000000fd300000, 0x00000000fd400000|  0%| F|  |TAMS 0x00000000fd300000| PB 0x00000000fd300000| Untracked 
|  20|0x00000000fd400000, 0x00000000fd400000, 0x00000000fd500000|  0%| F|  |TAMS 0x00000000fd400000| PB 0x00000000fd400000| Untracked 
|  21|0x00000000fd500000, 0x00000000fd500000, 0x00000000fd600000|  0%| F|  |TAMS 0x00000000fd500000| PB 0x00000000fd500000| Untracked 
|  22|0x00000000fd600000, 0x00000000fd600000, 0x00000000fd700000|  0%| F|  |TAMS 0x00000000fd600000| PB 0x00000000fd600000| Untracked 
|  23|0x00000000fd700000, 0x00000000fd700000, 0x00000000fd800000|  0%| F|  |TAMS 0x00000000fd700000| PB 0x00000000fd700000| Untracked 
|  24|0x00000000fd800000, 0x00000000fd800000, 0x00000000fd900000|  0%| F|  |TAMS 0x00000000fd800000| PB 0x00000000fd800000| Untracked 
|  25|0x00000000fd900000, 0x00000000fd900000, 0x00000000fda00000|  0%| F|  |TAMS 0x00000000fd900000| PB 0x00000000fd900000| Untracked 
|  26|0x00000000fda00000, 0x00000000fda00000, 0x00000000fdb00000|  0%| F|  |TAMS 0x00000000fda00000| PB 0x00000000fda00000| Untracked 
|  27|0x00000000fdb00000, 0x00000000fdb00000, 0x00000000fdc00000|  0%| F|  |TAMS 0x00000000fdb00000| PB 0x00000000fdb00000| Untracked 
|  28|0x00000000fdc00000, 0x00000000fdc00000, 0x00000000fdd00000|  0%| F|  |TAMS 0x00000000fdc00000| PB 0x00000000fdc00000| Untracked 
|  29|0x00000000fdd00000, 0x00000000fde00000, 0x00000000fde00000|100%| S|CS|TAMS 0x00000000fdd00000| PB 0x00000000fdd00000| Complete 
|  30|0x00000000fde00000, 0x00000000fdf00000, 0x00000000fdf00000|100%| S|CS|TAMS 0x00000000fde00000| PB 0x00000000fde00000| Complete 
|  31|0x00000000fdf00000, 0x00000000fe000000, 0x00000000fe000000|100%| S|CS|TAMS 0x00000000fdf00000| PB 0x00000000fdf00000| Complete 
|  32|0x00000000fe000000, 0x00000000fe100000, 0x00000000fe100000|100%| S|CS|TAMS 0x00000000fe000000| PB 0x00000000fe000000| Complete 
|  33|0x00000000fe100000, 0x00000000fe100000, 0x00000000fe200000|  0%| F|  |TAMS 0x00000000fe100000| PB 0x00000000fe100000| Untracked 
|  34|0x00000000fe200000, 0x00000000fe200000, 0x00000000fe300000|  0%| F|  |TAMS 0x00000000fe200000| PB 0x00000000fe200000| Untracked 
|  35|0x00000000fe300000, 0x00000000fe300000, 0x00000000fe400000|  0%| F|  |TAMS 0x00000000fe300000| PB 0x00000000fe300000| Untracked 
|  36|0x00000000fe400000, 0x00000000fe400000, 0x00000000fe500000|  0%| F|  |TAMS 0x00000000fe400000| PB 0x00000000fe400000| Untracked 
|  37|0x00000000fe500000, 0x00000000fe500000, 0x00000000fe600000|  0%| F|  |TAMS 0x00000000fe500000| PB 0x00000000fe500000| Untracked 
|  38|0x00000000fe600000, 0x00000000fe600000, 0x00000000fe700000|  0%| F|  |TAMS 0x00000000fe600000| PB 0x00000000fe600000| Untracked 
|  39|0x00000000fe700000, 0x00000000fe700000, 0x00000000fe800000|  0%| F|  |TAMS 0x00000000fe700000| PB 0x00000000fe700000| Untracked 
|  40|0x00000000fe800000, 0x00000000fe800000, 0x00000000fe900000|  0%| F|  |TAMS 0x00000000fe800000| PB 0x00000000fe800000| Untracked 
|  41|0x00000000fe900000, 0x00000000fe900000, 0x00000000fea00000|  0%| F|  |TAMS 0x00000000fe900000| PB 0x00000000fe900000| Untracked 
|  42|0x00000000fea00000, 0x00000000fea00000, 0x00000000feb00000|  0%| F|  |TAMS 0x00000000fea00000| PB 0x00000000fea00000| Untracked 
|  43|0x00000000feb00000, 0x00000000feb00000, 0x00000000fec00000|  0%| F|  |TAMS 0x00000000feb00000| PB 0x00000000feb00000| Untracked 
|  44|0x00000000fec00000, 0x00000000fec00000, 0x00000000fed00000|  0%| F|  |TAMS 0x00000000fec00000| PB 0x00000000fec00000| Untracked 
|  45|0x00000000fed00000, 0x00000000fed00000, 0x00000000fee00000|  0%| F|  |TAMS 0x00000000fed00000| PB 0x00000000fed00000| Untracked 
|  46|0x00000000fee00000, 0x00000000fee00000, 0x00000000fef00000|  0%| F|  |TAMS 0x00000000fee00000| PB 0x00000000fee00000| Untracked 
|  47|0x00000000fef00000, 0x00000000fef00000, 0x00000000ff000000|  0%| F|  |TAMS 0x00000000fef00000| PB 0x00000000fef00000| Untracked 
|  48|0x00000000ff000000, 0x00000000ff000000, 0x00000000ff100000|  0%| F|  |TAMS 0x00000000ff000000| PB 0x00000000ff000000| Untracked 
|  49|0x00000000ff100000, 0x00000000ff100000, 0x00000000ff200000|  0%| F|  |TAMS 0x00000000ff100000| PB 0x00000000ff100000| Untracked 
|  50|0x00000000ff200000, 0x00000000ff200000, 0x00000000ff300000|  0%| F|  |TAMS 0x00000000ff200000| PB 0x00000000ff200000| Untracked 
|  51|0x00000000ff300000, 0x00000000ff300000, 0x00000000ff400000|  0%| F|  |TAMS 0x00000000ff300000| PB 0x00000000ff300000| Untracked 
|  52|0x00000000ff400000, 0x00000000ff400000, 0x00000000ff500000|  0%| F|  |TAMS 0x00000000ff400000| PB 0x00000000ff400000| Untracked 
|  53|0x00000000ff500000, 0x00000000ff500000, 0x00000000ff600000|  0%| F|  |TAMS 0x00000000ff500000| PB 0x00000000ff500000| Untracked 
|  54|0x00000000ff600000, 0x00000000ff600000, 0x00000000ff700000|  0%| F|  |TAMS 0x00000000ff600000| PB 0x00000000ff600000| Untracked 
|  55|0x00000000ff700000, 0x00000000ff700000, 0x00000000ff800000|  0%| F|  |TAMS 0x00000000ff700000| PB 0x00000000ff700000| Untracked 
|  56|0x00000000ff800000, 0x00000000ff800000, 0x00000000ff900000|  0%| F|  |TAMS 0x00000000ff800000| PB 0x00000000ff800000| Untracked 
|  57|0x00000000ff900000, 0x00000000ff900000, 0x00000000ffa00000|  0%| F|  |TAMS 0x00000000ff900000| PB 0x00000000ff900000| Untracked 
|  58|0x00000000ffa00000, 0x00000000ffa00000, 0x00000000ffb00000|  0%| F|  |TAMS 0x00000000ffa00000| PB 0x00000000ffa00000| Untracked 
|  59|0x00000000ffb00000, 0x00000000ffb00000, 0x00000000ffc00000|  0%| F|  |TAMS 0x00000000ffb00000| PB 0x00000000ffb00000| Untracked 
|  60|0x00000000ffc00000, 0x00000000ffc00000, 0x00000000ffd00000|  0%| F|  |TAMS 0x00000000ffc00000| PB 0x00000000ffc00000| Untracked 
|  61|0x00000000ffd00000, 0x00000000ffd37d70, 0x00000000ffe00000| 21%| E|  |TAMS 0x00000000ffd00000| PB 0x00000000ffd00000| Complete 
|  62|0x00000000ffe00000, 0x00000000fff00000, 0x00000000fff00000|100%| E|CS|TAMS 0x00000000ffe00000| PB 0x00000000ffe00000| Complete 
|  63|0x00000000fff00000, 0x0000000100000000, 0x0000000100000000|100%| E|CS|TAMS 0x00000000fff00000| PB 0x00000000fff00000| Complete 

Card table byte_map: [0x00000189f0bb0000,0x00000189f0bd0000] _byte_map_base: 0x00000189f03d0000

Marking Bits: (CMBitMap*) 0x00000189f29f8560
 Bits: [0x00000189fb380000, 0x00000189fb480000)

Polling page: 0x00000189f0950000

Metaspace:

Usage:
  Non-class:     13.00 MB used.
      Class:      1.67 MB used.
       Both:     14.67 MB used.

Virtual space:
  Non-class space:       64.00 MB reserved,      13.12 MB ( 21%) committed,  1 nodes.
      Class space:        1.00 GB reserved,       1.81 MB ( <1%) committed,  1 nodes.
             Both:        1.06 GB reserved,      14.94 MB (  1%) committed. 

Chunk freelists:
   Non-Class:  2.41 MB
       Class:  14.22 MB
        Both:  16.63 MB

MaxMetaspaceSize: unlimited
CompressedClassSpaceSize: 1.00 GB
Initial GC threshold: 21.00 MB
Current GC threshold: 21.00 MB
CDS: on
 - commit_granule_bytes: 65536.
 - commit_granule_words: 8192.
 - virtual_space_node_default_size: 8388608.
 - enlarge_chunks_in_place: 1.
 - use_allocation_guard: 0.


Internal statistics:

num_allocs_failed_limit: 0.
num_arena_births: 218.
num_arena_deaths: 0.
num_vsnodes_births: 2.
num_vsnodes_deaths: 0.
num_space_committed: 239.
num_space_uncommitted: 0.
num_chunks_returned_to_freelist: 0.
num_chunks_taken_from_freelist: 599.
num_chunk_merges: 0.
num_chunk_splits: 395.
num_chunks_enlarged: 287.
num_inconsistent_stats: 0.

CodeHeap 'non-profiled nmethods': size=120000Kb used=789Kb max_used=789Kb free=119210Kb
 bounds [0x0000018987ad0000, 0x0000018987d40000, 0x000001898f000000]
CodeHeap 'profiled nmethods': size=120000Kb used=4794Kb max_used=4794Kb free=115205Kb
 bounds [0x0000018980000000, 0x00000189804b0000, 0x0000018987530000]
CodeHeap 'non-nmethods': size=5760Kb used=1466Kb max_used=1505Kb free=4293Kb
 bounds [0x0000018987530000, 0x00000189877a0000, 0x0000018987ad0000]
 total_blobs=2995 nmethods=2448 adapters=451
 compilation: enabled
              stopped_count=0, restarted_count=0
 full_count=0

Compilation events (20 events):
Event: 2.995 Thread 0x00000189fe0ae350 nmethod 2438 0x00000189804a5210 code [0x00000189804a53c0, 0x00000189804a5558]
Event: 2.997 Thread 0x00000189fe0ae350 2439       3       java.security.CodeSource::matchCerts (254 bytes)
Event: 2.997 Thread 0x00000189fe0ae350 nmethod 2439 0x00000189804a5690 code [0x00000189804a5900, 0x00000189804a6430]
Event: 2.999 Thread 0x00000189fe0ae350 2440       3       java.util.HashMap::computeIfAbsent (330 bytes)
Event: 2.999 Thread 0x00000189fe7c4220 2441       4       java.util.HashMap::hash (20 bytes)
Event: 3.000 Thread 0x00000189fe7c4220 nmethod 2441 0x0000018987b94710 code [0x0000018987b948a0, 0x0000018987b94990]
Event: 3.000 Thread 0x00000189fe0ae350 nmethod 2440 0x00000189804a6810 code [0x00000189804a6b40, 0x00000189804a81b0]
Event: 3.000 Thread 0x00000189fe0ae350 2442       3       sun.security.util.SecurityProviderConstants::getAliases (63 bytes)
Event: 3.000 Thread 0x00000189fe0ae350 nmethod 2442 0x00000189804a8810 code [0x00000189804a8a80, 0x00000189804a9330]
Event: 3.003 Thread 0x00000189fe0ae350 2443       3       java.util.Collections$EmptyMap::entrySet (4 bytes)
Event: 3.003 Thread 0x00000189fe0ae350 nmethod 2443 0x00000189804a9610 code [0x00000189804a97c0, 0x00000189804a9930]
Event: 3.006 Thread 0x00000189fe07d190 2444       4       java.lang.Integer::parseInt (264 bytes)
Event: 3.006 Thread 0x00000189fe0ae350 2445       3       java.math.BigInteger::<init> (404 bytes)
Event: 3.008 Thread 0x00000189fe0ae350 nmethod 2445 0x00000189804a9a10 code [0x00000189804a9f00, 0x00000189804ac2d0]
Event: 3.008 Thread 0x00000189fe0ae350 2446       3       java.lang.invoke.Invokers$Holder::linkToTargetMethod (10 bytes)
Event: 3.008 Thread 0x00000189fe0ae350 nmethod 2446 0x00000189804ad190 code [0x00000189804ad360, 0x00000189804ad780]
Event: 3.008 Thread 0x00000189fe0ae350 2447       3       java.lang.reflect.AccessibleObject::slowVerifyAccess (67 bytes)
Event: 3.008 Thread 0x00000189fe0ae350 nmethod 2447 0x00000189804ad890 code [0x00000189804adac0, 0x00000189804ae218]
Event: 3.008 Thread 0x00000189fe0ae350 2448       3       java.lang.Enum::getDeclaringClass (22 bytes)
Event: 3.008 Thread 0x00000189fe0ae350 nmethod 2448 0x00000189804ae410 code [0x00000189804ae5c0, 0x00000189804ae798]

GC Heap History (4 events):
Event: 2.467 GC heap before
{Heap before GC invocations=0 (full 0):
 garbage-first heap   total 65536K, used 24576K [0x00000000fc000000, 0x0000000100000000)
  region size 1024K, 23 young (23552K), 0 survivors (0K)
 Metaspace       used 7902K, committed 8128K, reserved 1114112K
  class space    used 935K, committed 1024K, reserved 1048576K
}
Event: 2.489 GC heap after
{Heap after GC invocations=1 (full 0):
 garbage-first heap   total 65536K, used 5226K [0x00000000fc000000, 0x0000000100000000)
  region size 1024K, 3 young (3072K), 3 survivors (3072K)
 Metaspace       used 7902K, committed 8128K, reserved 1114112K
  class space    used 935K, committed 1024K, reserved 1048576K
}
Event: 2.934 GC heap before
{Heap before GC invocations=1 (full 0):
 garbage-first heap   total 65536K, used 32874K [0x00000000fc000000, 0x0000000100000000)
  region size 1024K, 31 young (31744K), 3 survivors (3072K)
 Metaspace       used 13799K, committed 14016K, reserved 1114112K
  class space    used 1590K, committed 1728K, reserved 1048576K
}
Event: 2.940 GC heap after
{Heap after GC invocations=2 (full 0):
 garbage-first heap   total 65536K, used 10493K [0x00000000fc000000, 0x0000000100000000)
  region size 1024K, 4 young (4096K), 4 survivors (4096K)
 Metaspace       used 13799K, committed 14016K, reserved 1114112K
  class space    used 1590K, committed 1728K, reserved 1048576K
}

Dll operation events (7 events):
Event: 0.010 Loaded shared library C:\Program Files\Java\jdk-21\bin\java.dll
Event: 0.044 Loaded shared library C:\Program Files\Java\jdk-21\bin\jsvml.dll
Event: 0.074 Loaded shared library C:\Program Files\Java\jdk-21\bin\net.dll
Event: 0.077 Loaded shared library C:\Program Files\Java\jdk-21\bin\nio.dll
Event: 0.090 Loaded shared library C:\Program Files\Java\jdk-21\bin\zip.dll
Event: 0.156 Loaded shared library C:\Program Files\Java\jdk-21\bin\jimage.dll
Event: 2.721 Loaded shared library C:\Program Files\Java\jdk-21\bin\sunmscapi.dll

Deoptimization events (20 events):
Event: 2.995 Thread 0x00000189d44255d0 Uncommon trap: trap_request=0xffffffde fr.pc=0x0000018987b94544 relative=0x0000000000000124
Event: 2.995 Thread 0x00000189d44255d0 Uncommon trap: reason=class_check action=maybe_recompile pc=0x0000018987b94544 method=jdk.internal.misc.Unsafe.allocateUninitializedArray(Ljava/lang/Class;I)Ljava/lang/Object; @ 51 c2
Event: 2.995 Thread 0x00000189d44255d0 DEOPT PACKING pc=0x0000018987b94544 sp=0x0000005f500fc360
Event: 2.995 Thread 0x00000189d44255d0 DEOPT UNPACKING pc=0x00000189875846a2 sp=0x0000005f500fc2d8 mode 2
Event: 2.996 Thread 0x00000189d44255d0 Uncommon trap: trap_request=0xffffffde fr.pc=0x0000018987b94544 relative=0x0000000000000124
Event: 2.996 Thread 0x00000189d44255d0 Uncommon trap: reason=class_check action=maybe_recompile pc=0x0000018987b94544 method=jdk.internal.misc.Unsafe.allocateUninitializedArray(Ljava/lang/Class;I)Ljava/lang/Object; @ 51 c2
Event: 2.996 Thread 0x00000189d44255d0 DEOPT PACKING pc=0x0000018987b94544 sp=0x0000005f500f8220
Event: 2.996 Thread 0x00000189d44255d0 DEOPT UNPACKING pc=0x00000189875846a2 sp=0x0000005f500f8198 mode 2
Event: 2.998 Thread 0x00000189d44255d0 Uncommon trap: trap_request=0xffffffde fr.pc=0x0000018987b94544 relative=0x0000000000000124
Event: 2.998 Thread 0x00000189d44255d0 Uncommon trap: reason=class_check action=maybe_recompile pc=0x0000018987b94544 method=jdk.internal.misc.Unsafe.allocateUninitializedArray(Ljava/lang/Class;I)Ljava/lang/Object; @ 51 c2
Event: 2.998 Thread 0x00000189d44255d0 DEOPT PACKING pc=0x0000018987b94544 sp=0x0000005f500fafd0
Event: 2.998 Thread 0x00000189d44255d0 DEOPT UNPACKING pc=0x00000189875846a2 sp=0x0000005f500faf48 mode 2
Event: 3.000 Thread 0x00000189d44255d0 Uncommon trap: trap_request=0xffffffde fr.pc=0x0000018987b94544 relative=0x0000000000000124
Event: 3.000 Thread 0x00000189d44255d0 Uncommon trap: reason=class_check action=maybe_recompile pc=0x0000018987b94544 method=jdk.internal.misc.Unsafe.allocateUninitializedArray(Ljava/lang/Class;I)Ljava/lang/Object; @ 51 c2
Event: 3.000 Thread 0x00000189d44255d0 DEOPT PACKING pc=0x0000018987b94544 sp=0x0000005f500fc360
Event: 3.000 Thread 0x00000189d44255d0 DEOPT UNPACKING pc=0x00000189875846a2 sp=0x0000005f500fc2d8 mode 2
Event: 3.007 Thread 0x00000189d44255d0 Uncommon trap: trap_request=0xffffff45 fr.pc=0x0000018987b832a8 relative=0x0000000000000268
Event: 3.007 Thread 0x00000189d44255d0 Uncommon trap: reason=unstable_if action=reinterpret pc=0x0000018987b832a8 method=java.util.HashMap.putVal(ILjava/lang/Object;Ljava/lang/Object;ZZ)Ljava/lang/Object; @ 162 c2
Event: 3.007 Thread 0x00000189d44255d0 DEOPT PACKING pc=0x0000018987b832a8 sp=0x0000005f500fc0a0
Event: 3.008 Thread 0x00000189d44255d0 DEOPT UNPACKING pc=0x00000189875846a2 sp=0x0000005f500fbfc8 mode 2

Classes loaded (20 events):
Event: 3.004 Loading class sun/security/provider/certpath/ldap/JdkLDAP done
Event: 3.004 Loading class sun/security/provider/certpath/ldap/JdkLDAP$ProviderService
Event: 3.004 Loading class sun/security/provider/certpath/ldap/JdkLDAP$ProviderService done
Event: 3.004 Loading class com/sun/security/sasl/Provider
Event: 3.005 Loading class com/sun/security/sasl/Provider done
Event: 3.005 Loading class com/sun/security/sasl/Provider$1
Event: 3.005 Loading class com/sun/security/sasl/Provider$1 done
Event: 3.005 Loading class com/sun/security/sasl/Provider$ProviderService
Event: 3.005 Loading class com/sun/security/sasl/Provider$ProviderService done
Event: 3.005 Loading class sun/security/ssl/PredefinedDHParameterSpecs
Event: 3.006 Loading class sun/security/ssl/PredefinedDHParameterSpecs done
Event: 3.007 Loading class sun/security/ssl/PredefinedDHParameterSpecs$1
Event: 3.007 Loading class sun/security/ssl/PredefinedDHParameterSpecs$1 done
Event: 3.007 Loading class sun/security/util/SafeDHParameterSpec
Event: 3.007 Loading class javax/crypto/spec/DHParameterSpec
Event: 3.007 Loading class javax/crypto/spec/DHParameterSpec done
Event: 3.007 Loading class sun/security/util/SafeDHParameterSpec done
Event: 3.008 Loading class com/sun/crypto/provider/DHParameters
Event: 3.008 Loading class com/sun/crypto/provider/DHParameters done
Event: 3.008 Loading class sun/security/ssl/SSLSessionImpl

Classes unloaded (0 events):
No events

Classes redefined (0 events):
No events

Internal exceptions (20 events):
Event: 2.759 Thread 0x00000189d445a720 Exception <a 'sun/nio/fs/WindowsException'{0x00000000ff17f248}> (0x00000000ff17f248) 
thrown [s\open\src\hotspot\share\prims\jni.cpp, line 520]
Event: 2.759 Thread 0x00000189d445a720 Exception <a 'sun/nio/fs/WindowsException'{0x00000000ff181a80}> (0x00000000ff181a80) 
thrown [s\open\src\hotspot\share\prims\jni.cpp, line 520]
Event: 2.760 Thread 0x00000189d445a720 Exception <a 'sun/nio/fs/WindowsException'{0x00000000ff184360}> (0x00000000ff184360) 
thrown [s\open\src\hotspot\share\prims\jni.cpp, line 520]
Event: 2.760 Thread 0x00000189d445a720 Exception <a 'sun/nio/fs/WindowsException'{0x00000000ff186ba8}> (0x00000000ff186ba8) 
thrown [s\open\src\hotspot\share\prims\jni.cpp, line 520]
Event: 2.760 Thread 0x00000189d445a720 Exception <a 'sun/nio/fs/WindowsException'{0x00000000ff189438}> (0x00000000ff189438) 
thrown [s\open\src\hotspot\share\prims\jni.cpp, line 520]
Event: 2.760 Thread 0x00000189d445a720 Exception <a 'sun/nio/fs/WindowsException'{0x00000000ff18bcc0}> (0x00000000ff18bcc0) 
thrown [s\open\src\hotspot\share\prims\jni.cpp, line 520]
Event: 2.760 Thread 0x00000189d445a720 Exception <a 'sun/nio/fs/WindowsException'{0x00000000ff18e548}> (0x00000000ff18e548) 
thrown [s\open\src\hotspot\share\prims\jni.cpp, line 520]
Event: 2.761 Thread 0x00000189d445a720 Exception <a 'sun/nio/fs/WindowsException'{0x00000000ff1adb50}> (0x00000000ff1adb50) 
thrown [s\open\src\hotspot\share\prims\jni.cpp, line 520]
Event: 2.761 Thread 0x00000189d445a720 Exception <a 'sun/nio/fs/WindowsException'{0x00000000ff1b0388}> (0x00000000ff1b0388) 
thrown [s\open\src\hotspot\share\prims\jni.cpp, line 520]
Event: 2.762 Thread 0x00000189d445a720 Exception <a 'sun/nio/fs/WindowsException'{0x00000000ff1b2c00}> (0x00000000ff1b2c00) 
thrown [s\open\src\hotspot\share\prims\jni.cpp, line 520]
Event: 2.762 Thread 0x00000189d445a720 Exception <a 'sun/nio/fs/WindowsException'{0x00000000ff1b54f8}> (0x00000000ff1b54f8) 
thrown [s\open\src\hotspot\share\prims\jni.cpp, line 520]
Event: 2.774 Thread 0x00000189d445a720 Exception <a 'sun/nio/fs/WindowsException'{0x00000000ff1b7d28}> (0x00000000ff1b7d28) 
thrown [s\open\src\hotspot\share\prims\jni.cpp, line 520]
Event: 2.775 Thread 0x00000189d445a720 Exception <a 'sun/nio/fs/WindowsException'{0x00000000ff1ba520}> (0x00000000ff1ba520) 
thrown [s\open\src\hotspot\share\prims\jni.cpp, line 520]
Event: 2.780 Thread 0x00000189d445a720 Exception <a 'sun/nio/fs/WindowsException'{0x00000000ff1c1650}> (0x00000000ff1c1650) 
thrown [s\open\src\hotspot\share\prims\jni.cpp, line 520]
Event: 2.780 Thread 0x00000189d445a720 Exception <a 'sun/nio/fs/WindowsException'{0x00000000ff1c2db8}> (0x00000000ff1c2db8) 
thrown [s\open\src\hotspot\share\prims\jni.cpp, line 520]
Event: 2.802 Thread 0x00000189d428d890 Exception <a 'sun/nio/fs/WindowsException'{0x00000000fea93c60}> (0x00000000fea93c60) 
thrown [s\open\src\hotspot\share\prims\jni.cpp, line 520]
Event: 2.822 Thread 0x00000189fe5e6110 Exception <a 'java/lang/IncompatibleClassChangeError'{0x00000000ff746758}: Found class java.lang.Object, but interface was expected> (0x00000000ff746758) 
thrown [s\open\src\hotspot\share\interpreter\linkResolver.cpp, line 840]
Event: 2.891 Thread 0x00000189fecd1800 Exception <a 'java/lang/NoSuchMethodError'{0x00000000fe3283c0}: 'void java.lang.invoke.DirectMethodHandle$Holder.invokeVirtual(java.lang.Object, java.lang.Object)'> (0x00000000fe3283c0) 
thrown [s\open\src\hotspot\share\interpreter\linkResolver.cpp, line 773]
Event: 2.942 Thread 0x00000189fe6562f0 Exception <a 'sun/nio/fs/WindowsException'{0x00000000fffe14e0}> (0x00000000fffe14e0) 
thrown [s\open\src\hotspot\share\prims\jni.cpp, line 520]
Event: 2.942 Thread 0x00000189fe6562f0 Exception <a 'sun/nio/fs/WindowsException'{0x00000000fffe2bf0}> (0x00000000fffe2bf0) 
thrown [s\open\src\hotspot\share\prims\jni.cpp, line 520]

ZGC Phase Switch (0 events):
No events

VM Operations (20 events):
Event: 1.733 Executing VM operation: HandshakeAllThreads (Deoptimize)
Event: 1.733 Executing VM operation: HandshakeAllThreads (Deoptimize) done
Event: 1.733 Executing VM operation: Cleanup
Event: 1.733 Executing VM operation: Cleanup done
Event: 1.735 Executing VM operation: HandshakeAllThreads (Deoptimize)
Event: 1.735 Executing VM operation: HandshakeAllThreads (Deoptimize) done
Event: 2.467 Executing VM operation: G1CollectForAllocation (G1 Evacuation Pause)
Event: 2.489 Executing VM operation: G1CollectForAllocation (G1 Evacuation Pause) done
Event: 2.665 Executing VM operation: HandshakeAllThreads (Deoptimize)
Event: 2.672 Executing VM operation: HandshakeAllThreads (Deoptimize) done
Event: 2.687 Executing VM operation: HandshakeAllThreads (Deoptimize)
Event: 2.687 Executing VM operation: HandshakeAllThreads (Deoptimize) done
Event: 2.719 Executing VM operation: HandshakeAllThreads (Deoptimize)
Event: 2.723 Executing VM operation: HandshakeAllThreads (Deoptimize) done
Event: 2.803 Executing VM operation: HandshakeAllThreads (Deoptimize)
Event: 2.803 Executing VM operation: HandshakeAllThreads (Deoptimize) done
Event: 2.883 Executing VM operation: HandshakeAllThreads (Deoptimize)
Event: 2.884 Executing VM operation: HandshakeAllThreads (Deoptimize) done
Event: 2.934 Executing VM operation: G1CollectForAllocation (G1 Evacuation Pause)
Event: 2.940 Executing VM operation: G1CollectForAllocation (G1 Evacuation Pause) done

Events (20 events):
Event: 0.035 Thread 0x00000189fe07c400 Thread added: 0x00000189fe07c400
Event: 0.035 Thread 0x00000189fe07d190 Thread added: 0x00000189fe07d190
Event: 0.036 Thread 0x00000189fe0ae350 Thread added: 0x00000189fe0ae350
Event: 0.065 Thread 0x00000189fe2df510 Thread added: 0x00000189fe2df510
Event: 0.069 Thread 0x00000189fe2f8410 Thread added: 0x00000189fe2f8410
Event: 0.542 Thread 0x00000189fe5e6110 Thread added: 0x00000189fe5e6110
Event: 0.543 Thread 0x00000189f0689310 Thread exited: 0x00000189f0689310
Event: 0.543 Thread 0x00000189f0689310 Thread added: 0x00000189f0689310
Event: 1.788 Thread 0x00000189fe6ceb80 Thread added: 0x00000189fe6ceb80
Event: 2.364 Thread 0x00000189fe968d00 Thread added: 0x00000189fe968d00
Event: 2.388 Thread 0x00000189fe7c4220 Thread added: 0x00000189fe7c4220
Event: 2.586 Thread 0x00000189fe6562f0 Thread added: 0x00000189fe6562f0
Event: 2.609 Thread 0x00000189d445a720 Thread added: 0x00000189d445a720
Event: 2.610 Thread 0x00000189fe8bfbf0 Thread added: 0x00000189fe8bfbf0
Event: 2.622 Thread 0x00000189fe8d0f50 Thread added: 0x00000189fe8d0f50
Event: 2.636 Thread 0x00000189d44255d0 Thread added: 0x00000189d44255d0
Event: 2.641 Thread 0x00000189d428d890 Thread added: 0x00000189d428d890
Event: 2.641 Thread 0x00000189fecd1170 Thread added: 0x00000189fecd1170
Event: 2.664 Thread 0x00000189fecd1800 Thread added: 0x00000189fecd1800
Event: 2.706 Thread 0x00000189d45f3660 Thread added: 0x00000189d45f3660


Dynamic libraries:
0x00007ff740360000 - 0x00007ff740370000 	C:\Program Files\Java\jdk-21\bin\java.exe
0x00007ffd25860000 - 0x00007ffd25ac9000 	C:\WINDOWS\SYSTEM32\ntdll.dll
0x00007ffd24410000 - 0x00007ffd244d9000 	C:\WINDOWS\System32\KERNEL32.DLL
0x00007ffd22a80000 - 0x00007ffd22e73000 	C:\WINDOWS\System32\KERNELBASE.dll
0x00007ffd1f330000 - 0x00007ffd1f3ce000 	C:\WINDOWS\SYSTEM32\apphelp.dll
0x00007ffd232f0000 - 0x00007ffd2343b000 	C:\WINDOWS\System32\ucrtbase.dll
0x00007ffd08c80000 - 0x00007ffd08c9b000 	C:\Program Files\Java\jdk-21\bin\VCRUNTIME140.dll
0x00007ffd08b60000 - 0x00007ffd08b79000 	C:\Program Files\Java\jdk-21\bin\jli.dll
0x00007ffd24060000 - 0x00007ffd24114000 	C:\WINDOWS\System32\ADVAPI32.dll
0x00007ffd24260000 - 0x00007ffd24309000 	C:\WINDOWS\System32\msvcrt.dll
0x00007ffd24130000 - 0x00007ffd241d6000 	C:\WINDOWS\System32\sechost.dll
0x00007ffd23f40000 - 0x00007ffd24058000 	C:\WINDOWS\System32\RPCRT4.dll
0x00007ffd245d0000 - 0x00007ffd24794000 	C:\WINDOWS\System32\USER32.dll
0x00007ffd230b0000 - 0x00007ffd230d7000 	C:\WINDOWS\System32\win32u.dll
0x00007ffd01810000 - 0x00007ffd01aa3000 	C:\WINDOWS\WinSxS\amd64_microsoft.windows.common-controls_6595b64144ccf1df_6.0.26100.5074_none_3e0d6f78e32fd63f\COMCTL32.dll
0x00007ffd25580000 - 0x00007ffd255ab000 	C:\WINDOWS\System32\GDI32.dll
0x00007ffd23440000 - 0x00007ffd2356d000 	C:\WINDOWS\System32\gdi32full.dll
0x00007ffd23000000 - 0x00007ffd230a3000 	C:\WINDOWS\System32\msvcp_win.dll
0x00007ffd0ff10000 - 0x00007ffd0ff1b000 	C:\WINDOWS\SYSTEM32\VERSION.dll
0x00007ffd24220000 - 0x00007ffd2424f000 	C:\WINDOWS\System32\IMM32.DLL
0x00007ffd14670000 - 0x00007ffd1467c000 	C:\Program Files\Java\jdk-21\bin\vcruntime140_1.dll
0x00007ffcd9000000 - 0x00007ffcd908e000 	C:\Program Files\Java\jdk-21\bin\msvcp140.dll
0x00007ffc4e510000 - 0x00007ffc4f227000 	C:\Program Files\Java\jdk-21\bin\server\jvm.dll
0x00007ffd23630000 - 0x00007ffd236a4000 	C:\WINDOWS\System32\WS2_32.dll
0x00007ffd21650000 - 0x00007ffd216ae000 	C:\WINDOWS\SYSTEM32\POWRPROF.dll
0x00007ffd10050000 - 0x00007ffd10085000 	C:\WINDOWS\SYSTEM32\WINMM.dll
0x00007ffd21630000 - 0x00007ffd21644000 	C:\WINDOWS\SYSTEM32\UMPDC.dll
0x00007ffd218f0000 - 0x00007ffd2190b000 	C:\WINDOWS\SYSTEM32\kernel.appcore.dll
0x00007ffd14270000 - 0x00007ffd1427a000 	C:\Program Files\Java\jdk-21\bin\jimage.dll
0x00007ffd1fbe0000 - 0x00007ffd1fe22000 	C:\WINDOWS\SYSTEM32\DBGHELP.DLL
0x00007ffd24cc0000 - 0x00007ffd2503b000 	C:\WINDOWS\System32\combase.dll
0x00007ffd244e0000 - 0x00007ffd245b7000 	C:\WINDOWS\System32\OLEAUT32.dll
0x00007ffcf1370000 - 0x00007ffcf13ad000 	C:\WINDOWS\SYSTEM32\dbgcore.DLL
0x00007ffd23250000 - 0x00007ffd232e9000 	C:\WINDOWS\System32\bcryptPrimitives.dll
0x00007ffd08a00000 - 0x00007ffd08a1f000 	C:\Program Files\Java\jdk-21\bin\java.dll
0x00007ffd236b0000 - 0x00007ffd23dfd000 	C:\WINDOWS\System32\SHELL32.dll
0x00007ffd230e0000 - 0x00007ffd2324c000 	C:\WINDOWS\System32\wintypes.dll
0x00007ffd206b0000 - 0x00007ffd20f09000 	C:\WINDOWS\SYSTEM32\windows.storage.dll
0x00007ffd24310000 - 0x00007ffd24400000 	C:\WINDOWS\System32\SHCORE.dll
0x00007ffd247a0000 - 0x00007ffd24802000 	C:\WINDOWS\System32\shlwapi.dll
0x00007ffd22910000 - 0x00007ffd22939000 	C:\WINDOWS\SYSTEM32\profapi.dll
0x00007ffcbd750000 - 0x00007ffcbd827000 	C:\Program Files\Java\jdk-21\bin\jsvml.dll
0x00007ffd116d0000 - 0x00007ffd116e0000 	C:\Program Files\Java\jdk-21\bin\net.dll
0x00007ffd18ee0000 - 0x00007ffd18fff000 	C:\WINDOWS\SYSTEM32\WINHTTP.dll
0x00007ffd21e70000 - 0x00007ffd21edb000 	C:\WINDOWS\system32\mswsock.dll
0x00007ffd08740000 - 0x00007ffd08756000 	C:\Program Files\Java\jdk-21\bin\nio.dll
0x00007ffd08990000 - 0x00007ffd089a8000 	C:\Program Files\Java\jdk-21\bin\zip.dll
0x00007ffd22110000 - 0x00007ffd2212b000 	C:\WINDOWS\SYSTEM32\CRYPTSP.dll
0x00007ffd21850000 - 0x00007ffd2188b000 	C:\WINDOWS\system32\rsaenh.dll
0x00007ffd21f10000 - 0x00007ffd21f3b000 	C:\WINDOWS\SYSTEM32\USERENV.dll
0x00007ffd228e0000 - 0x00007ffd22906000 	C:\WINDOWS\SYSTEM32\bcrypt.dll
0x00007ffd22130000 - 0x00007ffd2213c000 	C:\WINDOWS\SYSTEM32\CRYPTBASE.dll
0x00007ffd212d0000 - 0x00007ffd21304000 	C:\WINDOWS\SYSTEM32\IPHLPAPI.DLL
0x00007ffd24120000 - 0x00007ffd2412a000 	C:\WINDOWS\System32\NSI.dll
0x00007ffcf9210000 - 0x00007ffcf921e000 	C:\Program Files\Java\jdk-21\bin\sunmscapi.dll
0x00007ffd22e80000 - 0x00007ffd22ff7000 	C:\WINDOWS\System32\CRYPT32.dll
0x00007ffd22330000 - 0x00007ffd22360000 	C:\WINDOWS\SYSTEM32\ncrypt.dll
0x00007ffd222e0000 - 0x00007ffd2231f000 	C:\WINDOWS\SYSTEM32\NTASN1.dll

dbghelp: loaded successfully - version: 4.0.5 - missing functions: none
symbol engine: initialized successfully - sym options: 0x614 - pdb path: .;C:\Program Files\Java\jdk-21\bin;C:\WINDOWS\SYSTEM32;C:\WINDOWS\WinSxS\amd64_microsoft.windows.common-controls_6595b64144ccf1df_6.0.26100.5074_none_3e0d6f78e32fd63f;C:\Program Files\Java\jdk-21\bin\server

VM Arguments:
jvm_args: -DwatchParentProcess=false -XX:+ExitOnOutOfMemoryError -XX:+HeapDumpOnOutOfMemoryError -XX:HeapDumpPath=c:\Users\MINH QUAN\AppData\Roaming\Code\User\globalStorage\redhat.vscode-xml -Xmx64M 
java_command: org.eclipse.lemminx.XMLServerLauncher
java_class_path (initial): c:\Users\MINH QUAN\.vscode\extensions\redhat.vscode-xml-0.29.0-win32-x64\server\org.eclipse.lemminx-0.31.0-uber.jar
Launcher Type: SUN_STANDARD

[Global flags]
     intx CICompilerCount                          = 4                                         {product} {ergonomic}
     uint ConcGCThreads                            = 3                                         {product} {ergonomic}
     bool ExitOnOutOfMemoryError                   = true                                      {product} {command line}
     uint G1ConcRefinementThreads                  = 10                                        {product} {ergonomic}
   size_t G1HeapRegionSize                         = 1048576                                   {product} {ergonomic}
    uintx GCDrainStackTargetSize                   = 64                                        {product} {ergonomic}
     bool HeapDumpOnOutOfMemoryError               = true                                   {manageable} {command line}
    ccstr HeapDumpPath                             = c:\Users\MINH QUAN\AppData\Roaming\Code\User\globalStorage\redhat.vscode-xml         {manageable} {command line}
   size_t InitialHeapSize                          = 67108864                                  {product} {ergonomic}
   size_t MarkStackSize                            = 4194304                                   {product} {ergonomic}
   size_t MaxHeapSize                              = 67108864                                  {product} {command line}
   size_t MaxNewSize                               = 39845888                                  {product} {ergonomic}
   size_t MinHeapDeltaBytes                        = 1048576                                   {product} {ergonomic}
   size_t MinHeapSize                              = 8388608                                   {product} {ergonomic}
    uintx NonNMethodCodeHeapSize                   = 5839372                                {pd product} {ergonomic}
    uintx NonProfiledCodeHeapSize                  = 122909434                              {pd product} {ergonomic}
    uintx ProfiledCodeHeapSize                     = 122909434                              {pd product} {ergonomic}
    uintx ReservedCodeCacheSize                    = 251658240                              {pd product} {ergonomic}
     bool SegmentedCodeCache                       = true                                      {product} {ergonomic}
   size_t SoftMaxHeapSize                          = 67108864                               {manageable} {ergonomic}
     bool UseCompressedOops                        = true                           {product lp64_product} {ergonomic}
     bool UseG1GC                                  = true                                      {product} {ergonomic}
     bool UseLargePagesIndividualAllocation        = false                                  {pd product} {ergonomic}

Logging:
Log output configuration:
 #0: stdout all=warning uptime,level,tags foldmultilines=false
 #1: stderr all=off uptime,level,tags foldmultilines=false

Environment Variables:
JAVA_HOME=C:\Program Files\Java\jdk-21
PATH=C:\Program Files\nodejs;C:\Program Files (x86)\Common Files\Oracle\Java\javapath;C:\Windows\system32;C:\Windows;C:\Windows\System32\Wbem;C:\Windows\System32\WindowsPowerShell\v1.0\;C:\Windows\System32\OpenSSH\;C:\Program Files (x86)\NVIDIA Corporation\PhysX\Common;C:\WINDOWS\system32;C:\WINDOWS;C:\WINDOWS\System32\Wbem;C:\WINDOWS\System32\WindowsPowerShell\v1.0\;C:\WINDOWS\System32\OpenSSH\;C:\Program Files\dotnet\;C:\Program Files (x86)\Microsoft SQL Server\160\Tools\Binn\;C:\Program Files\Microsoft SQL Server\160\Tools\Binn\;C:\Program Files\Microsoft SQL Server\Client SDK\ODBC\170\Tools\Binn\;C:\Program Files\Microsoft SQL Server\160\DTS\Binn\;C:\Program Files (x86)\Microsoft SQL Server\160\DTS\Binn\;C:\xampp\php;C:\composer;C:\Program Files\Cloudflare\Cloudflare WARP\;C:\Program Files\NVIDIA Corporation\NVIDIA App\NvDLISR;C:\MinGW\bin;C:\Program Files\Java\jdk-21\bin;C:\Program Files\Git\cmd;C:\Program Files\nodejs\;C:\Users\MINH QUAN\AppData\Local\Programs\Python\Launcher\;C:\Users\MINH QUAN\AppData\Local\Microsoft\WindowsApps;C:\Users\MINH QUAN\.dotnet\tools;C:\Users\MINH QUAN\AppData\Local\Programs\Microsoft VS Code\bin;C:\Users\MINH QUAN\AppData\Roaming\Composer\vendor\bin;C:\Users\MINH QUAN\.bun\bin;C:\Users\MINH QUAN\AppData\Roaming\npm;C:\Users\MINH QUAN\AppData\Local\GitHubDesktop\bin;C:\Users\MINH QUAN\AppData\Local\Programs\Windsurf\bin
USERNAME=MINH_QUAN
OS=Windows_NT
PROCESSOR_IDENTIFIER=Intel64 Family 6 Model 186 Stepping 2, GenuineIntel
TMP=C:\Users\MINHQU~1\AppData\Local\Temp
TEMP=C:\Users\MINHQU~1\AppData\Local\Temp




Periodic native trim disabled

---------------  S Y S T E M  ---------------

OS:
 Windows 11 , 64 bit Build 26100 (10.0.26100.5074)
OS uptime: 0 days 0:27 hours

CPU: total 12 (initial active 12) (12 cores per cpu, 1 threads per core) family 6 model 186 stepping 2 microcode 0x5103, cx8, cmov, fxsr, mmx, 3dnowpref, sse, sse2, sse3, ssse3, sse4.1, sse4.2, popcnt, lzcnt, tsc, tscinvbit, avx, avx2, aes, erms, clmul, bmi1, bmi2, adx, sha, fma, vzeroupper, clflush, clflushopt, clwb, serialize, rdtscp, rdpid, fsrm, f16c, pku, cet_ibt, cet_ss
Processor Information for all 12 processors :
  Max Mhz: 2100, Current Mhz: 2100, Mhz Limit: 2100

Memory: 4k page, system-wide physical 16087M (3193M free)
TotalPageFile size 22831M (AvailPageFile size 38M)
current process WorkingSet (physical memory assigned to process): 122M, peak: 122M
current process commit charge ("private bytes"): 185M, peak: 187M

vm_info: Java HotSpot(TM) 64-Bit Server VM (21.0.2+13-LTS-58) for windows-amd64 JRE (21.0.2+13-LTS-58), built on 2024-01-05T18:32:24Z by "mach5one" with MS VC++ 17.1 (VS2022)

END.
