#
# There is insufficient memory for the Java Runtime Environment to continue.
# Native memory allocation (malloc) failed to allocate 1645968 bytes. Error detail: Chunk::new
# Possible reasons:
#   The system is out of physical RAM or swap space
#   This process is running with CompressedOops enabled, and the Java Heap may be blocking the growth of the native heap
# Possible solutions:
#   Reduce memory load on the system
#   Increase physical memory or swap space
#   Check if swap backing store is full
#   Decrease Java heap size (-Xmx/-Xms)
#   Decrease number of Java threads
#   Decrease Java thread stack sizes (-Xss)
#   Set larger code cache with -XX:ReservedCodeCacheSize=
#   JVM is running with Unscaled Compressed Oops mode in which the Java heap is
#     placed in the first 4GB address space. The Java Heap base address is the
#     maximum limit for the native heap growth. Please use -XX:HeapBaseMinAddress
#     to set the Java Heap base and to place the Java Heap above 4GB virtual address.
# This output file may be truncated or incomplete.
#
#  Out of Memory Error (arena.cpp:168), pid=22360, tid=14268
#
# JRE version: OpenJDK Runtime Environment Temurin-21.0.8+9 (21.0.8+9) (build 21.0.8+9-LTS)
# Java VM: OpenJDK 64-Bit Server VM Temurin-21.0.8+9 (21.0.8+9-LTS, mixed mode, sharing, tiered, compressed oops, compressed class ptrs, parallel gc, windows-amd64)
# No core dump will be written. Minidumps are not enabled by default on client versions of Windows
#

---------------  S U M M A R Y ------------

Command Line: --add-modules=ALL-SYSTEM --add-opens=java.base/java.util=ALL-UNNAMED --add-opens=java.base/java.lang=ALL-UNNAMED --add-opens=java.base/sun.nio.fs=ALL-UNNAMED -Declipse.application=org.eclipse.jdt.ls.core.id1 -Dosgi.bundles.defaultStartLevel=4 -Declipse.product=org.eclipse.jdt.ls.core.product -Djava.import.generatesMetadataFilesAtProjectRoot=false -DDetectVMInstallationsJob.disabled=true -Dfile.encoding=utf8 -XX:+UseParallelGC -XX:GCTimeRatio=4 -XX:AdaptiveSizePolicyWeight=90 -Dsun.zip.disableMemoryMapping=true -Xmx2G -Xms100m -Xlog:disable -javaagent:c:\Users\MINH QUAN\.vscode\extensions\redhat.java-1.45.0-win32-x64\lombok\lombok-1.18.39-4050.jar -XX:+HeapDumpOnOutOfMemoryError -XX:HeapDumpPath=c:\Users\MINH QUAN\AppData\Roaming\Code\User\workspaceStorage\bbbe183c1fbf0343f34df3db487e7bb0\redhat.java -Daether.dependencyCollector.impl=bf c:\Users\MINH QUAN\.vscode\extensions\redhat.java-1.45.0-win32-x64\server\plugins\org.eclipse.equinox.launcher_1.7.0.v20250519-0528.jar -configuration c:\Users\MINH QUAN\AppData\Roaming\Code\User\globalStorage\redhat.java\1.45.0\config_win -data c:\Users\MINH QUAN\AppData\Roaming\Code\User\workspaceStorage\bbbe183c1fbf0343f34df3db487e7bb0\redhat.java\jdt_ws --pipe=\\.\pipe\lsp-4521d535b7549f96919e6f451019b0fa-sock

Host: 13th Gen Intel(R) Core(TM) i5-13420H, 12 cores, 15G,  Windows 11 , 64 bit Build 26100 (10.0.26100.5074)
Time: Fri Sep 26 15:51:31 2025 SE Asia Standard Time elapsed time: 14.241957 seconds (0d 0h 0m 14s)

---------------  T H R E A D  ---------------

Current thread (0x0000018feb26a070):  JavaThread "C2 CompilerThread1" daemon [_thread_in_native, id=14268, stack(0x00000001bfc00000,0x00000001bfd00000) (1024K)]


Current CompileTask:
C2:14241 9862       4       org.eclipse.jdt.internal.compiler.parser.Parser::consumeRule (7748 bytes)

Stack: [0x00000001bfc00000,0x00000001bfd00000]
Native frames: (J=compiled Java code, j=interpreted, Vv=VM code, C=native code)
V  [jvm.dll+0x6d2449]
V  [jvm.dll+0x8ae341]
V  [jvm.dll+0x8b08be]
V  [jvm.dll+0x8b0fa3]
V  [jvm.dll+0x280c96]
V  [jvm.dll+0xc581d]
V  [jvm.dll+0xc5d53]
V  [jvm.dll+0x3b919c]
V  [jvm.dll+0x385315]
V  [jvm.dll+0x38477a]
V  [jvm.dll+0x248ed0]
V  [jvm.dll+0x2484af]
V  [jvm.dll+0x1c89ee]
V  [jvm.dll+0x257d4d]
V  [jvm.dll+0x2562ea]
V  [jvm.dll+0x3f2d16]
V  [jvm.dll+0x857e6b]
V  [jvm.dll+0x6d0b0d]
C  [ucrtbase.dll+0x37b0]
C  [KERNEL32.DLL+0x2e8d7]
C  [ntdll.dll+0x8d9c]


---------------  P R O C E S S  ---------------

Threads class SMR info:
_java_thread_list=0x0000018ff4b1f980, length=63, elements={
0x0000018fc8633d20, 0x0000018fdf0a9400, 0x0000018fc86de5b0, 0x0000018fdf0af9a0,
0x0000018fdf0b2500, 0x0000018fdf0b5a00, 0x0000018fdf0bb5b0, 0x0000018fe04342b0,
0x0000018fe04369d0, 0x0000018fe0509930, 0x0000018fe076a1a0, 0x0000018fe6063130,
0x0000018fe62e5570, 0x0000018fe17a6ac0, 0x0000018fe17a74f0, 0x0000018fe6369280,
0x0000018fe684a700, 0x0000018fe66d5fa0, 0x0000018fe66d5280, 0x0000018fe66d2b20,
0x0000018fe66d5910, 0x0000018fe66d31b0, 0x0000018fe66d3840, 0x0000018fe66d4560,
0x0000018fe66d3ed0, 0x0000018fe66d4bf0, 0x0000018fe9ababd0, 0x0000018fe9abcca0,
0x0000018fe9abbf80, 0x0000018fe9abc610, 0x0000018fe9abd330, 0x0000018fe9aba540,
0x0000018fe9ab9eb0, 0x0000018fe9abd9c0, 0x0000018fe9abe050, 0x0000018fe9abe6e0,
0x0000018fe9abb260, 0x0000018fe9abed70, 0x0000018fe9abb8f0, 0x0000018fe9abf400,
0x0000018fe9ac0e40, 0x0000018fe9ac07b0, 0x0000018feb26a070, 0x0000018ff4a9cf80,
0x0000018fea670e60, 0x0000018fea672f30, 0x0000018fea6735c0, 0x0000018fea6742e0,
0x0000018fea674970, 0x0000018fea6714f0, 0x0000018fea675000, 0x0000018fea671b80,
0x0000018fea676a40, 0x0000018fea6770d0, 0x0000018fea677760, 0x0000018fea677df0,
0x0000018fea678480, 0x0000018fea675690, 0x0000018fea675d20, 0x0000018fea6763b0,
0x0000018ff4bf5f60, 0x0000018ff4bf65f0, 0x0000018ff4bf8030
}

Java Threads: ( => current thread )
  0x0000018fc8633d20 JavaThread "main"                              [_thread_blocked, id=1344, stack(0x00000001bef00000,0x00000001bf000000) (1024K)]
  0x0000018fdf0a9400 JavaThread "Reference Handler"          daemon [_thread_blocked, id=4088, stack(0x00000001bf300000,0x00000001bf400000) (1024K)]
  0x0000018fc86de5b0 JavaThread "Finalizer"                  daemon [_thread_blocked, id=12968, stack(0x00000001bf400000,0x00000001bf500000) (1024K)]
  0x0000018fdf0af9a0 JavaThread "Signal Dispatcher"          daemon [_thread_blocked, id=15900, stack(0x00000001bf500000,0x00000001bf600000) (1024K)]
  0x0000018fdf0b2500 JavaThread "Attach Listener"            daemon [_thread_blocked, id=10284, stack(0x00000001bf600000,0x00000001bf700000) (1024K)]
  0x0000018fdf0b5a00 JavaThread "Service Thread"             daemon [_thread_blocked, id=15396, stack(0x00000001bf700000,0x00000001bf800000) (1024K)]
  0x0000018fdf0bb5b0 JavaThread "Monitor Deflation Thread"   daemon [_thread_blocked, id=2816, stack(0x00000001bf800000,0x00000001bf900000) (1024K)]
  0x0000018fe04342b0 JavaThread "C2 CompilerThread0"         daemon [_thread_in_native, id=11220, stack(0x00000001bf900000,0x00000001bfa00000) (1024K)]
  0x0000018fe04369d0 JavaThread "C1 CompilerThread0"         daemon [_thread_in_native, id=8968, stack(0x00000001bfa00000,0x00000001bfb00000) (1024K)]
  0x0000018fe0509930 JavaThread "Common-Cleaner"             daemon [_thread_blocked, id=11488, stack(0x00000001bfb00000,0x00000001bfc00000) (1024K)]
  0x0000018fe076a1a0 JavaThread "Notification Thread"        daemon [_thread_blocked, id=2868, stack(0x00000001bfd00000,0x00000001bfe00000) (1024K)]
  0x0000018fe6063130 JavaThread "Active Thread: Equinox Container: b9653c68-aa32-4fa3-8cd7-7441016c9e15"        [_thread_blocked, id=11364, stack(0x00000001c0500000,0x00000001c0600000) (1024K)]
  0x0000018fe62e5570 JavaThread "Refresh Thread: Equinox Container: b9653c68-aa32-4fa3-8cd7-7441016c9e15" daemon [_thread_blocked, id=5944, stack(0x00000001c0700000,0x00000001c0800000) (1024K)]
  0x0000018fe17a6ac0 JavaThread "Framework Event Dispatcher: Equinox Container: b9653c68-aa32-4fa3-8cd7-7441016c9e15" daemon [_thread_blocked, id=14956, stack(0x00000001c0800000,0x00000001c0900000) (1024K)]
  0x0000018fe17a74f0 JavaThread "Start Level: Equinox Container: b9653c68-aa32-4fa3-8cd7-7441016c9e15" daemon [_thread_blocked, id=11768, stack(0x00000001c0900000,0x00000001c0a00000) (1024K)]
  0x0000018fe6369280 JavaThread "Bundle File Closer"         daemon [_thread_blocked, id=19432, stack(0x00000001c0c00000,0x00000001c0d00000) (1024K)]
  0x0000018fe684a700 JavaThread "SCR Component Actor"        daemon [_thread_blocked, id=6776, stack(0x00000001c0d00000,0x00000001c0e00000) (1024K)]
  0x0000018fe66d5fa0 JavaThread "Worker-JM"                         [_thread_blocked, id=21168, stack(0x00000001c0f00000,0x00000001c1000000) (1024K)]
  0x0000018fe66d5280 JavaThread "JNA Cleaner"                daemon [_thread_blocked, id=3460, stack(0x00000001c1000000,0x00000001c1100000) (1024K)]
  0x0000018fe66d2b20 JavaThread "Worker-0"                          [_thread_blocked, id=8528, stack(0x00000001c1100000,0x00000001c1200000) (1024K)]
  0x0000018fe66d5910 JavaThread "Worker-1: Building"                [_thread_blocked, id=1916, stack(0x00000001c1200000,0x00000001c1300000) (1024K)]
  0x0000018fe66d31b0 JavaThread "Java indexing"              daemon [_thread_blocked, id=22572, stack(0x00000001c1300000,0x00000001c1400000) (1024K)]
  0x0000018fe66d3840 JavaThread "Worker-2"                          [_thread_blocked, id=13532, stack(0x00000001c1600000,0x00000001c1700000) (1024K)]
  0x0000018fe66d4560 JavaThread "Worker-3: Publish Diagnostics"        [_thread_in_Java, id=9808, stack(0x00000001c1700000,0x00000001c1800000) (1024K)]
  0x0000018fe66d3ed0 JavaThread "Worker-4"                          [_thread_blocked, id=2376, stack(0x00000001c1800000,0x00000001c1900000) (1024K)]
  0x0000018fe66d4bf0 JavaThread "Worker-5: Initialize workspace"        [_thread_blocked, id=4188, stack(0x00000001c1900000,0x00000001c1a00000) (1024K)]
  0x0000018fe9ababd0 JavaThread "Thread-2"                   daemon [_thread_in_native, id=11036, stack(0x00000001c1a00000,0x00000001c1b00000) (1024K)]
  0x0000018fe9abcca0 JavaThread "Thread-3"                   daemon [_thread_in_native, id=22912, stack(0x00000001c1b00000,0x00000001c1c00000) (1024K)]
  0x0000018fe9abbf80 JavaThread "Thread-4"                   daemon [_thread_in_native, id=12864, stack(0x00000001c1c00000,0x00000001c1d00000) (1024K)]
  0x0000018fe9abc610 JavaThread "Thread-5"                   daemon [_thread_in_native, id=8752, stack(0x00000001c1d00000,0x00000001c1e00000) (1024K)]
  0x0000018fe9abd330 JavaThread "Thread-6"                   daemon [_thread_in_native, id=4512, stack(0x00000001c1e00000,0x00000001c1f00000) (1024K)]
  0x0000018fe9aba540 JavaThread "Thread-7"                   daemon [_thread_in_native, id=19808, stack(0x00000001c1f00000,0x00000001c2000000) (1024K)]
  0x0000018fe9ab9eb0 JavaThread "Thread-8"                   daemon [_thread_in_native, id=23540, stack(0x00000001c2000000,0x00000001c2100000) (1024K)]
  0x0000018fe9abd9c0 JavaThread "Thread-9"                   daemon [_thread_in_native, id=17216, stack(0x00000001c2100000,0x00000001c2200000) (1024K)]
  0x0000018fe9abe050 JavaThread "Thread-10"                  daemon [_thread_in_native, id=9112, stack(0x00000001c2200000,0x00000001c2300000) (1024K)]
  0x0000018fe9abe6e0 JavaThread "Thread-11"                  daemon [_thread_in_native, id=18416, stack(0x00000001c2300000,0x00000001c2400000) (1024K)]
  0x0000018fe9abb260 JavaThread "Thread-12"                  daemon [_thread_in_native, id=14960, stack(0x00000001c2400000,0x00000001c2500000) (1024K)]
  0x0000018fe9abed70 JavaThread "Thread-13"                  daemon [_thread_in_native, id=20540, stack(0x00000001c2500000,0x00000001c2600000) (1024K)]
  0x0000018fe9abb8f0 JavaThread "Thread-14"                  daemon [_thread_in_native, id=20116, stack(0x00000001c2600000,0x00000001c2700000) (1024K)]
  0x0000018fe9abf400 JavaThread "pool-2-thread-1"                   [_thread_blocked, id=15636, stack(0x00000001c2700000,0x00000001c2800000) (1024K)]
  0x0000018fe9ac0e40 JavaThread "WorkspaceEventsHandler"            [_thread_blocked, id=22200, stack(0x00000001c2800000,0x00000001c2900000) (1024K)]
  0x0000018fe9ac07b0 JavaThread "pool-1-thread-1"                   [_thread_in_native, id=22620, stack(0x00000001c2900000,0x00000001c2a00000) (1024K)]
=>0x0000018feb26a070 JavaThread "C2 CompilerThread1"         daemon [_thread_in_native, id=14268, stack(0x00000001bfc00000,0x00000001bfd00000) (1024K)]
  0x0000018ff4a9cf80 JavaThread "C2 CompilerThread2"         daemon [_thread_in_native, id=15316, stack(0x00000001bfe00000,0x00000001bff00000) (1024K)]
  0x0000018fea670e60 JavaThread "LocalFile Deleter"          daemon [_thread_blocked, id=3000, stack(0x00000001c0e00000,0x00000001c0f00000) (1024K)]
  0x0000018fea672f30 JavaThread "LocalFile Deleter"          daemon [_thread_blocked, id=11904, stack(0x00000001c2a00000,0x00000001c2b00000) (1024K)]
  0x0000018fea6735c0 JavaThread "LocalFile Deleter"          daemon [_thread_blocked, id=23208, stack(0x00000001c2b00000,0x00000001c2c00000) (1024K)]
  0x0000018fea6742e0 JavaThread "LocalFile Deleter"          daemon [_thread_blocked, id=12528, stack(0x00000001c2c00000,0x00000001c2d00000) (1024K)]
  0x0000018fea674970 JavaThread "LocalFile Deleter"          daemon [_thread_blocked, id=23056, stack(0x00000001c2d00000,0x00000001c2e00000) (1024K)]
  0x0000018fea6714f0 JavaThread "LocalFile Deleter"          daemon [_thread_blocked, id=22296, stack(0x00000001c2e00000,0x00000001c2f00000) (1024K)]
  0x0000018fea675000 JavaThread "Compiler Source File Reader" daemon [_thread_blocked, id=1796, stack(0x00000001c2f00000,0x00000001c3000000) (1024K)]
  0x0000018fea671b80 JavaThread "Compiler Source File Reader" daemon [_thread_blocked, id=12464, stack(0x00000001c3000000,0x00000001c3100000) (1024K)]
  0x0000018fea676a40 JavaThread "Compiler Source File Reader" daemon [_thread_blocked, id=20536, stack(0x00000001c3100000,0x00000001c3200000) (1024K)]
  0x0000018fea6770d0 JavaThread "Compiler Source File Reader" daemon [_thread_blocked, id=21632, stack(0x00000001c3200000,0x00000001c3300000) (1024K)]
  0x0000018fea677760 JavaThread "Compiler Source File Reader" daemon [_thread_blocked, id=11352, stack(0x00000001c3300000,0x00000001c3400000) (1024K)]
  0x0000018fea677df0 JavaThread "Compiler Source File Reader" daemon [_thread_blocked, id=21572, stack(0x00000001c3400000,0x00000001c3500000) (1024K)]
  0x0000018fea678480 JavaThread "Compiler Source File Reader" daemon [_thread_blocked, id=4760, stack(0x00000001c3500000,0x00000001c3600000) (1024K)]
  0x0000018fea675690 JavaThread "Compiler Source File Reader" daemon [_thread_blocked, id=14344, stack(0x00000001c3600000,0x00000001c3700000) (1024K)]
  0x0000018fea675d20 JavaThread "Compiler Source File Reader" daemon [_thread_blocked, id=18636, stack(0x00000001c3700000,0x00000001c3800000) (1024K)]
  0x0000018fea6763b0 JavaThread "Compiler Source File Reader" daemon [_thread_blocked, id=7268, stack(0x00000001c3800000,0x00000001c3900000) (1024K)]
  0x0000018ff4bf5f60 JavaThread "ForkJoinPool.commonPool-worker-1" daemon [_thread_blocked, id=1576, stack(0x00000001c3900000,0x00000001c3a00000) (1024K)]
  0x0000018ff4bf65f0 JavaThread "ForkJoinPool.commonPool-worker-2" daemon [_thread_blocked, id=22340, stack(0x00000001c3a00000,0x00000001c3b00000) (1024K)]
  0x0000018ff4bf8030 JavaThread "Compiler Processing Task"   daemon [_thread_in_Java, id=14368, stack(0x00000001c3b00000,0x00000001c3c00000) (1024K)]
Total: 63

Other Threads:
  0x0000018fdf0a4870 VMThread "VM Thread"                           [id=16572, stack(0x00000001bf200000,0x00000001bf300000) (1024K)]
  0x0000018fdef9ca00 WatcherThread "VM Periodic Task Thread"        [id=1384, stack(0x00000001bf100000,0x00000001bf200000) (1024K)]
  0x0000018fc864c110 WorkerThread "GC Thread#0"                     [id=19968, stack(0x00000001bf000000,0x00000001bf100000) (1024K)]
  0x0000018fe193c950 WorkerThread "GC Thread#1"                     [id=16900, stack(0x00000001bff00000,0x00000001c0000000) (1024K)]
  0x0000018fe6031960 WorkerThread "GC Thread#2"                     [id=6760, stack(0x00000001c0000000,0x00000001c0100000) (1024K)]
  0x0000018fe1959db0 WorkerThread "GC Thread#3"                     [id=13484, stack(0x00000001c0100000,0x00000001c0200000) (1024K)]
  0x0000018fe195a150 WorkerThread "GC Thread#4"                     [id=23440, stack(0x00000001c0200000,0x00000001c0300000) (1024K)]
  0x0000018fe195a4f0 WorkerThread "GC Thread#5"                     [id=3900, stack(0x00000001c0300000,0x00000001c0400000) (1024K)]
  0x0000018fe19bef60 WorkerThread "GC Thread#6"                     [id=22516, stack(0x00000001c0400000,0x00000001c0500000) (1024K)]
  0x0000018fe630ab10 WorkerThread "GC Thread#7"                     [id=10348, stack(0x00000001c0600000,0x00000001c0700000) (1024K)]
  0x0000018fe60e6160 WorkerThread "GC Thread#8"                     [id=17808, stack(0x00000001c0a00000,0x00000001c0b00000) (1024K)]
  0x0000018fe60e4ba0 WorkerThread "GC Thread#9"                     [id=6212, stack(0x00000001c0b00000,0x00000001c0c00000) (1024K)]
Total: 12

Threads with active compile tasks:
C2 CompilerThread0  14260 9945       4       org.eclipse.jdt.internal.compiler.lookup.BinaryTypeBinding::createMethod (1666 bytes)
C1 CompilerThread0  14260 10038       2       org.eclipse.jdt.internal.compiler.ast.ASTNode::checkInvocationArguments (838 bytes)
C2 CompilerThread1  14260 9862       4       org.eclipse.jdt.internal.compiler.parser.Parser::consumeRule (7748 bytes)
C2 CompilerThread2  14260 9887       4       org.eclipse.jdt.internal.core.JavaElement::getElementInfo (27 bytes)
Total: 4

VM state: not at safepoint (normal execution)

VM Mutex/Monitor currently owned by a thread: None

Heap address: 0x0000000080000000, size: 2048 MB, Compressed Oops mode: 32-bit

CDS archive(s) mapped at: [0x0000018f80000000-0x0000018f80ba0000-0x0000018f80ba0000), size 12189696, SharedBaseAddress: 0x0000018f80000000, ArchiveRelocationMode: 1.
Compressed class space mapped at: 0x0000018f81000000-0x0000018fc1000000, reserved size: 1073741824
Narrow klass base: 0x0000018f80000000, Narrow klass shift: 0, Narrow klass range: 0x100000000

GC Precious Log:
 CardTable entry size: 512
 CPUs: 12 total, 12 available
 Memory: 16087M
 Large Page Support: Disabled
 NUMA Support: Disabled
 Compressed Oops: Enabled (32-bit)
 Alignments: Space 512K, Generation 512K, Heap 2M
 Heap Min Capacity: 100M
 Heap Initial Capacity: 100M
 Heap Max Capacity: 2G
 Pre-touch: Disabled
 Parallel Workers: 10

Heap:
 PSYoungGen      total 15872K, used 11535K [0x00000000d5580000, 0x00000000d6880000, 0x0000000100000000)
  eden space 13312K, 67% used [0x00000000d5580000,0x00000000d5e4fa88,0x00000000d6280000)
  from space 2560K, 98% used [0x00000000d6600000,0x00000000d68744b0,0x00000000d6880000)
  to   space 3072K, 0% used [0x00000000d6280000,0x00000000d6280000,0x00000000d6580000)
 ParOldGen       total 95232K, used 61635K [0x0000000080000000, 0x0000000085d00000, 0x00000000d5580000)
  object space 95232K, 64% used [0x0000000080000000,0x0000000083c30d68,0x0000000085d00000)
 Metaspace       used 59937K, committed 61440K, reserved 1114112K
  class space    used 6303K, committed 6976K, reserved 1048576K

Card table byte_map: [0x0000018fc7fc0000,0x0000018fc83d0000] _byte_map_base: 0x0000018fc7bc0000

Marking Bits: (ParMarkBitMap*) 0x00007ffc709ba340
 Begin Bits: [0x0000018fdaac0000, 0x0000018fdcac0000)
 End Bits:   [0x0000018fdcac0000, 0x0000018fdeac0000)

Polling page: 0x0000018fc64e0000

Metaspace:

Usage:
  Non-class:     52.38 MB used.
      Class:      6.16 MB used.
       Both:     58.53 MB used.

Virtual space:
  Non-class space:       64.00 MB reserved,      53.19 MB ( 83%) committed,  1 nodes.
      Class space:        1.00 GB reserved,       6.81 MB ( <1%) committed,  1 nodes.
             Both:        1.06 GB reserved,      60.00 MB (  6%) committed. 

Chunk freelists:
   Non-Class:  10.48 MB
       Class:  9.21 MB
        Both:  19.70 MB

MaxMetaspaceSize: unlimited
CompressedClassSpaceSize: 1.00 GB
Initial GC threshold: 21.00 MB
Current GC threshold: 97.31 MB
CDS: on
 - commit_granule_bytes: 65536.
 - commit_granule_words: 8192.
 - virtual_space_node_default_size: 8388608.
 - enlarge_chunks_in_place: 1.
 - use_allocation_guard: 0.


Internal statistics:

num_allocs_failed_limit: 13.
num_arena_births: 1060.
num_arena_deaths: 26.
num_vsnodes_births: 2.
num_vsnodes_deaths: 0.
num_space_committed: 960.
num_space_uncommitted: 0.
num_chunks_returned_to_freelist: 41.
num_chunks_taken_from_freelist: 3778.
num_chunk_merges: 14.
num_chunk_splits: 2367.
num_chunks_enlarged: 1404.
num_inconsistent_stats: 0.

CodeHeap 'non-profiled nmethods': size=120000Kb used=8294Kb max_used=8294Kb free=111705Kb
 bounds [0x0000018fd32e0000, 0x0000018fd3b00000, 0x0000018fda810000]
CodeHeap 'profiled nmethods': size=120000Kb used=20656Kb max_used=20656Kb free=99343Kb
 bounds [0x0000018fcb810000, 0x0000018fccc40000, 0x0000018fd2d40000]
CodeHeap 'non-nmethods': size=5760Kb used=1425Kb max_used=1513Kb free=4334Kb
 bounds [0x0000018fd2d40000, 0x0000018fd2fb0000, 0x0000018fd32e0000]
CodeCache: size=245760Kb, used=30375Kb, max_used=30463Kb, free=215382Kb
 total_blobs=9851, nmethods=9115, adapters=640, full_count=0
Compilation: enabled, stopped_count=0, restarted_count=0

Compilation events (20 events):
Event: 14.239 Thread 0x0000018fe04369d0 9979       1       org.eclipse.jdt.internal.compiler.lookup.InferenceVariable::isProperType (2 bytes)
Event: 14.239 Thread 0x0000018fe04369d0 nmethod 9979 0x0000018fd3af6610 code [0x0000018fd3af67a0, 0x0000018fd3af6868]
Event: 14.239 Thread 0x0000018fe04369d0 9974       2       org.eclipse.jdt.internal.compiler.lookup.BinaryTypeBinding$ExternalAnnotationStatus::isPotentiallyUnannotatedLib (44 bytes)
Event: 14.239 Thread 0x0000018fe04369d0 nmethod 9974 0x0000018fccc1ab10 code [0x0000018fccc1acc0, 0x0000018fccc1ae60]
Event: 14.239 Thread 0x0000018fe04369d0 9967       1       org.eclipse.jdt.internal.core.SingleTypeRequestor::getType (5 bytes)
Event: 14.239 Thread 0x0000018fe04369d0 nmethod 9967 0x0000018fd3af6910 code [0x0000018fd3af6aa0, 0x0000018fd3af6b68]
Event: 14.239 Thread 0x0000018fe04369d0 9981       2       org.eclipse.jdt.internal.compiler.lookup.InferenceContext18::isSameSite (51 bytes)
Event: 14.239 Thread 0x0000018fe04369d0 nmethod 9981 0x0000018fccc1af90 code [0x0000018fccc1b180, 0x0000018fccc1b3f0]
Event: 14.239 Thread 0x0000018fe04369d0 9975       1       org.eclipse.jdt.internal.compiler.classfmt.ElementValuePairInfo::getValue (5 bytes)
Event: 14.239 Thread 0x0000018fe04369d0 nmethod 9975 0x0000018fd3af6c10 code [0x0000018fd3af6da0, 0x0000018fd3af6e68]
Event: 14.239 Thread 0x0000018fe04369d0 9982       2       org.eclipse.jdt.internal.compiler.lookup.InferenceContext18::getParameter (37 bytes)
Event: 14.239 Thread 0x0000018fe04369d0 nmethod 9982 0x0000018fccc1b510 code [0x0000018fccc1b6e0, 0x0000018fccc1b8f0]
Event: 14.239 Thread 0x0000018fe04369d0 9983   !   2       org.eclipse.jdt.internal.compiler.ast.Statement::resolveWithBindings (27 bytes)
Event: 14.240 Thread 0x0000018fe04369d0 nmethod 9983 0x0000018fccc1ba90 code [0x0000018fccc1bc60, 0x0000018fccc1be68]
Event: 14.240 Thread 0x0000018fe04369d0 9985       2       org.eclipse.jdt.internal.compiler.lookup.ReferenceBinding::isEnum (15 bytes)
Event: 14.240 Thread 0x0000018fe04369d0 nmethod 9985 0x0000018fccc1c010 code [0x0000018fccc1c1c0, 0x0000018fccc1c308]
Event: 14.240 Thread 0x0000018fe04369d0 9984       2       org.eclipse.jdt.internal.compiler.lookup.Scope::getJavaLangObject (24 bytes)
Event: 14.240 Thread 0x0000018fe04369d0 nmethod 9984 0x0000018fccc1c390 code [0x0000018fccc1c540, 0x0000018fccc1c6d0]
Event: 14.240 Thread 0x0000018fe04369d0 9986       2       org.eclipse.jdt.internal.compiler.lookup.InferenceSubstitution::substitute (105 bytes)
Event: 14.240 Thread 0x0000018fe04369d0 nmethod 9986 0x0000018fccc1c810 code [0x0000018fccc1ca20, 0x0000018fccc1cde0]

GC Heap History (20 events):
Event: 13.781 GC heap before
{Heap before GC invocations=264 (full 2):
 PSYoungGen      total 14336K, used 13728K [0x00000000d5580000, 0x00000000d6400000, 0x0000000100000000)
  eden space 13312K, 100% used [0x00000000d5580000,0x00000000d6280000,0x00000000d6280000)
  from space 1024K, 40% used [0x00000000d6280000,0x00000000d62e8000,0x00000000d6380000)
  to   space 512K, 0% used [0x00000000d6380000,0x00000000d6380000,0x00000000d6400000)
 ParOldGen       total 93696K, used 93683K [0x0000000080000000, 0x0000000085b80000, 0x00000000d5580000)
  object space 93696K, 99% used [0x0000000080000000,0x0000000085b7cd18,0x0000000085b80000)
 Metaspace       used 58219K, committed 59648K, reserved 1114112K
  class space    used 6167K, committed 6848K, reserved 1048576K
}
Event: 13.781 GC heap after
{Heap after GC invocations=264 (full 2):
 PSYoungGen      total 13824K, used 448K [0x00000000d5580000, 0x00000000d6400000, 0x0000000100000000)
  eden space 13312K, 0% used [0x00000000d5580000,0x00000000d5580000,0x00000000d6280000)
  from space 512K, 87% used [0x00000000d6380000,0x00000000d63f0000,0x00000000d6400000)
  to   space 512K, 0% used [0x00000000d6300000,0x00000000d6300000,0x00000000d6380000)
 ParOldGen       total 94208K, used 93955K [0x0000000080000000, 0x0000000085c00000, 0x00000000d5580000)
  object space 94208K, 99% used [0x0000000080000000,0x0000000085bc0d18,0x0000000085c00000)
 Metaspace       used 58219K, committed 59648K, reserved 1114112K
  class space    used 6167K, committed 6848K, reserved 1048576K
}
Event: 13.797 GC heap before
{Heap before GC invocations=265 (full 2):
 PSYoungGen      total 13824K, used 13760K [0x00000000d5580000, 0x00000000d6400000, 0x0000000100000000)
  eden space 13312K, 100% used [0x00000000d5580000,0x00000000d6280000,0x00000000d6280000)
  from space 512K, 87% used [0x00000000d6380000,0x00000000d63f0000,0x00000000d6400000)
  to   space 512K, 0% used [0x00000000d6300000,0x00000000d6300000,0x00000000d6380000)
 ParOldGen       total 94208K, used 93955K [0x0000000080000000, 0x0000000085c00000, 0x00000000d5580000)
  object space 94208K, 99% used [0x0000000080000000,0x0000000085bc0d18,0x0000000085c00000)
 Metaspace       used 58250K, committed 59712K, reserved 1114112K
  class space    used 6173K, committed 6848K, reserved 1048576K
}
Event: 13.798 GC heap after
{Heap after GC invocations=265 (full 2):
 PSYoungGen      total 13824K, used 352K [0x00000000d5580000, 0x00000000d6400000, 0x0000000100000000)
  eden space 13312K, 0% used [0x00000000d5580000,0x00000000d5580000,0x00000000d6280000)
  from space 512K, 68% used [0x00000000d6300000,0x00000000d6358000,0x00000000d6380000)
  to   space 512K, 0% used [0x00000000d6380000,0x00000000d6380000,0x00000000d6400000)
 ParOldGen       total 94720K, used 94273K [0x0000000080000000, 0x0000000085c80000, 0x00000000d5580000)
  object space 94720K, 99% used [0x0000000080000000,0x0000000085c10658,0x0000000085c80000)
 Metaspace       used 58250K, committed 59712K, reserved 1114112K
  class space    used 6173K, committed 6848K, reserved 1048576K
}
Event: 13.813 GC heap before
{Heap before GC invocations=266 (full 2):
 PSYoungGen      total 13824K, used 13664K [0x00000000d5580000, 0x00000000d6400000, 0x0000000100000000)
  eden space 13312K, 100% used [0x00000000d5580000,0x00000000d6280000,0x00000000d6280000)
  from space 512K, 68% used [0x00000000d6300000,0x00000000d6358000,0x00000000d6380000)
  to   space 512K, 0% used [0x00000000d6380000,0x00000000d6380000,0x00000000d6400000)
 ParOldGen       total 94720K, used 94273K [0x0000000080000000, 0x0000000085c80000, 0x00000000d5580000)
  object space 94720K, 99% used [0x0000000080000000,0x0000000085c10658,0x0000000085c80000)
 Metaspace       used 58266K, committed 59712K, reserved 1114112K
  class space    used 6176K, committed 6848K, reserved 1048576K
}
Event: 13.814 GC heap after
{Heap after GC invocations=266 (full 2):
 PSYoungGen      total 13824K, used 507K [0x00000000d5580000, 0x00000000d6480000, 0x0000000100000000)
  eden space 13312K, 0% used [0x00000000d5580000,0x00000000d5580000,0x00000000d6280000)
  from space 512K, 99% used [0x00000000d6380000,0x00000000d63fed60,0x00000000d6400000)
  to   space 1024K, 0% used [0x00000000d6280000,0x00000000d6280000,0x00000000d6380000)
 ParOldGen       total 94720K, used 94449K [0x0000000080000000, 0x0000000085c80000, 0x00000000d5580000)
  object space 94720K, 99% used [0x0000000080000000,0x0000000085c3c740,0x0000000085c80000)
 Metaspace       used 58266K, committed 59712K, reserved 1114112K
  class space    used 6176K, committed 6848K, reserved 1048576K
}
Event: 13.838 GC heap before
{Heap before GC invocations=267 (full 2):
 PSYoungGen      total 13824K, used 10420K [0x00000000d5580000, 0x00000000d6480000, 0x0000000100000000)
  eden space 13312K, 74% used [0x00000000d5580000,0x00000000d5f2e450,0x00000000d6280000)
  from space 512K, 99% used [0x00000000d6380000,0x00000000d63fed60,0x00000000d6400000)
  to   space 1024K, 0% used [0x00000000d6280000,0x00000000d6280000,0x00000000d6380000)
 ParOldGen       total 94720K, used 94449K [0x0000000080000000, 0x0000000085c80000, 0x00000000d5580000)
  object space 94720K, 99% used [0x0000000080000000,0x0000000085c3c740,0x0000000085c80000)
 Metaspace       used 58390K, committed 59776K, reserved 1114112K
  class space    used 6197K, committed 6848K, reserved 1048576K
}
Event: 13.839 GC heap after
{Heap after GC invocations=267 (full 2):
 PSYoungGen      total 14336K, used 448K [0x00000000d5580000, 0x00000000d6480000, 0x0000000100000000)
  eden space 13312K, 0% used [0x00000000d5580000,0x00000000d5580000,0x00000000d6280000)
  from space 1024K, 43% used [0x00000000d6280000,0x00000000d62f0000,0x00000000d6380000)
  to   space 1024K, 0% used [0x00000000d6380000,0x00000000d6380000,0x00000000d6480000)
 ParOldGen       total 95232K, used 94802K [0x0000000080000000, 0x0000000085d00000, 0x00000000d5580000)
  object space 95232K, 99% used [0x0000000080000000,0x0000000085c94b68,0x0000000085d00000)
 Metaspace       used 58390K, committed 59776K, reserved 1114112K
  class space    used 6197K, committed 6848K, reserved 1048576K
}
Event: 13.839 GC heap before
{Heap before GC invocations=268 (full 3):
 PSYoungGen      total 14336K, used 448K [0x00000000d5580000, 0x00000000d6480000, 0x0000000100000000)
  eden space 13312K, 0% used [0x00000000d5580000,0x00000000d5580000,0x00000000d6280000)
  from space 1024K, 43% used [0x00000000d6280000,0x00000000d62f0000,0x00000000d6380000)
  to   space 1024K, 0% used [0x00000000d6380000,0x00000000d6380000,0x00000000d6480000)
 ParOldGen       total 95232K, used 94802K [0x0000000080000000, 0x0000000085d00000, 0x00000000d5580000)
  object space 95232K, 99% used [0x0000000080000000,0x0000000085c94b68,0x0000000085d00000)
 Metaspace       used 58390K, committed 59776K, reserved 1114112K
  class space    used 6197K, committed 6848K, reserved 1048576K
}
Event: 13.896 GC heap after
{Heap after GC invocations=268 (full 3):
 PSYoungGen      total 14336K, used 0K [0x00000000d5580000, 0x00000000d6480000, 0x0000000100000000)
  eden space 13312K, 0% used [0x00000000d5580000,0x00000000d5580000,0x00000000d6280000)
  from space 1024K, 0% used [0x00000000d6280000,0x00000000d6280000,0x00000000d6380000)
  to   space 1024K, 0% used [0x00000000d6380000,0x00000000d6380000,0x00000000d6480000)
 ParOldGen       total 95232K, used 57989K [0x0000000080000000, 0x0000000085d00000, 0x00000000d5580000)
  object space 95232K, 60% used [0x0000000080000000,0x00000000838a1740,0x0000000085d00000)
 Metaspace       used 58389K, committed 59776K, reserved 1114112K
  class space    used 6197K, committed 6848K, reserved 1048576K
}
Event: 13.946 GC heap before
{Heap before GC invocations=269 (full 3):
 PSYoungGen      total 14336K, used 13312K [0x00000000d5580000, 0x00000000d6480000, 0x0000000100000000)
  eden space 13312K, 100% used [0x00000000d5580000,0x00000000d6280000,0x00000000d6280000)
  from space 1024K, 0% used [0x00000000d6280000,0x00000000d6280000,0x00000000d6380000)
  to   space 1024K, 0% used [0x00000000d6380000,0x00000000d6380000,0x00000000d6480000)
 ParOldGen       total 95232K, used 57989K [0x0000000080000000, 0x0000000085d00000, 0x00000000d5580000)
  object space 95232K, 60% used [0x0000000080000000,0x00000000838a1740,0x0000000085d00000)
 Metaspace       used 58520K, committed 59904K, reserved 1114112K
  class space    used 6213K, committed 6848K, reserved 1048576K
}
Event: 13.946 GC heap after
{Heap after GC invocations=269 (full 3):
 PSYoungGen      total 14336K, used 608K [0x00000000d5580000, 0x00000000d6480000, 0x0000000100000000)
  eden space 13312K, 0% used [0x00000000d5580000,0x00000000d5580000,0x00000000d6280000)
  from space 1024K, 59% used [0x00000000d6380000,0x00000000d6418000,0x00000000d6480000)
  to   space 1024K, 0% used [0x00000000d6280000,0x00000000d6280000,0x00000000d6380000)
 ParOldGen       total 95232K, used 57989K [0x0000000080000000, 0x0000000085d00000, 0x00000000d5580000)
  object space 95232K, 60% used [0x0000000080000000,0x00000000838a1740,0x0000000085d00000)
 Metaspace       used 58520K, committed 59904K, reserved 1114112K
  class space    used 6213K, committed 6848K, reserved 1048576K
}
Event: 13.976 GC heap before
{Heap before GC invocations=270 (full 3):
 PSYoungGen      total 14336K, used 13920K [0x00000000d5580000, 0x00000000d6480000, 0x0000000100000000)
  eden space 13312K, 100% used [0x00000000d5580000,0x00000000d6280000,0x00000000d6280000)
  from space 1024K, 59% used [0x00000000d6380000,0x00000000d6418000,0x00000000d6480000)
  to   space 1024K, 0% used [0x00000000d6280000,0x00000000d6280000,0x00000000d6380000)
 ParOldGen       total 95232K, used 57989K [0x0000000080000000, 0x0000000085d00000, 0x00000000d5580000)
  object space 95232K, 60% used [0x0000000080000000,0x00000000838a1740,0x0000000085d00000)
 Metaspace       used 58560K, committed 60032K, reserved 1114112K
  class space    used 6220K, committed 6912K, reserved 1048576K
}
Event: 13.977 GC heap after
{Heap after GC invocations=270 (full 3):
 PSYoungGen      total 14336K, used 512K [0x00000000d5580000, 0x00000000d6480000, 0x0000000100000000)
  eden space 13312K, 0% used [0x00000000d5580000,0x00000000d5580000,0x00000000d6280000)
  from space 1024K, 50% used [0x00000000d6280000,0x00000000d6300000,0x00000000d6380000)
  to   space 1024K, 0% used [0x00000000d6380000,0x00000000d6380000,0x00000000d6480000)
 ParOldGen       total 95232K, used 58437K [0x0000000080000000, 0x0000000085d00000, 0x00000000d5580000)
  object space 95232K, 61% used [0x0000000080000000,0x0000000083911740,0x0000000085d00000)
 Metaspace       used 58560K, committed 60032K, reserved 1114112K
  class space    used 6220K, committed 6912K, reserved 1048576K
}
Event: 13.991 GC heap before
{Heap before GC invocations=271 (full 3):
 PSYoungGen      total 14336K, used 13824K [0x00000000d5580000, 0x00000000d6480000, 0x0000000100000000)
  eden space 13312K, 100% used [0x00000000d5580000,0x00000000d6280000,0x00000000d6280000)
  from space 1024K, 50% used [0x00000000d6280000,0x00000000d6300000,0x00000000d6380000)
  to   space 1024K, 0% used [0x00000000d6380000,0x00000000d6380000,0x00000000d6480000)
 ParOldGen       total 95232K, used 58437K [0x0000000080000000, 0x0000000085d00000, 0x00000000d5580000)
  object space 95232K, 61% used [0x0000000080000000,0x0000000083911740,0x0000000085d00000)
 Metaspace       used 58574K, committed 60032K, reserved 1114112K
  class space    used 6221K, committed 6912K, reserved 1048576K
}
Event: 13.992 GC heap after
{Heap after GC invocations=271 (full 3):
 PSYoungGen      total 13824K, used 480K [0x00000000d5580000, 0x00000000d6400000, 0x0000000100000000)
  eden space 13312K, 0% used [0x00000000d5580000,0x00000000d5580000,0x00000000d6280000)
  from space 512K, 93% used [0x00000000d6380000,0x00000000d63f8000,0x00000000d6400000)
  to   space 512K, 0% used [0x00000000d6300000,0x00000000d6300000,0x00000000d6380000)
 ParOldGen       total 95232K, used 58821K [0x0000000080000000, 0x0000000085d00000, 0x00000000d5580000)
  object space 95232K, 61% used [0x0000000080000000,0x0000000083971740,0x0000000085d00000)
 Metaspace       used 58574K, committed 60032K, reserved 1114112K
  class space    used 6221K, committed 6912K, reserved 1048576K
}
Event: 14.084 GC heap before
{Heap before GC invocations=272 (full 3):
 PSYoungGen      total 13824K, used 13792K [0x00000000d5580000, 0x00000000d6400000, 0x0000000100000000)
  eden space 13312K, 100% used [0x00000000d5580000,0x00000000d6280000,0x00000000d6280000)
  from space 512K, 93% used [0x00000000d6380000,0x00000000d63f8000,0x00000000d6400000)
  to   space 512K, 0% used [0x00000000d6300000,0x00000000d6300000,0x00000000d6380000)
 ParOldGen       total 95232K, used 58821K [0x0000000080000000, 0x0000000085d00000, 0x00000000d5580000)
  object space 95232K, 61% used [0x0000000080000000,0x0000000083971740,0x0000000085d00000)
 Metaspace       used 59036K, committed 60544K, reserved 1114112K
  class space    used 6253K, committed 6912K, reserved 1048576K
}
Event: 14.085 GC heap after
{Heap after GC invocations=272 (full 3):
 PSYoungGen      total 13824K, used 496K [0x00000000d5580000, 0x00000000d6980000, 0x0000000100000000)
  eden space 13312K, 0% used [0x00000000d5580000,0x00000000d5580000,0x00000000d6280000)
  from space 512K, 97% used [0x00000000d6300000,0x00000000d637c3c8,0x00000000d6380000)
  to   space 3584K, 0% used [0x00000000d6600000,0x00000000d6600000,0x00000000d6980000)
 ParOldGen       total 95232K, used 61090K [0x0000000080000000, 0x0000000085d00000, 0x00000000d5580000)
  object space 95232K, 64% used [0x0000000080000000,0x0000000083ba89a0,0x0000000085d00000)
 Metaspace       used 59036K, committed 60544K, reserved 1114112K
  class space    used 6253K, committed 6912K, reserved 1048576K
}
Event: 14.172 GC heap before
{Heap before GC invocations=273 (full 3):
 PSYoungGen      total 13824K, used 13808K [0x00000000d5580000, 0x00000000d6980000, 0x0000000100000000)
  eden space 13312K, 100% used [0x00000000d5580000,0x00000000d6280000,0x00000000d6280000)
  from space 512K, 97% used [0x00000000d6300000,0x00000000d637c3c8,0x00000000d6380000)
  to   space 3584K, 0% used [0x00000000d6600000,0x00000000d6600000,0x00000000d6980000)
 ParOldGen       total 95232K, used 61090K [0x0000000080000000, 0x0000000085d00000, 0x00000000d5580000)
  object space 95232K, 64% used [0x0000000080000000,0x0000000083ba89a0,0x0000000085d00000)
 Metaspace       used 59568K, committed 61056K, reserved 1114112K
  class space    used 6283K, committed 6976K, reserved 1048576K
}
Event: 14.174 GC heap after
{Heap after GC invocations=273 (full 3):
 PSYoungGen      total 15872K, used 2513K [0x00000000d5580000, 0x00000000d6880000, 0x0000000100000000)
  eden space 13312K, 0% used [0x00000000d5580000,0x00000000d5580000,0x00000000d6280000)
  from space 2560K, 98% used [0x00000000d6600000,0x00000000d68744b0,0x00000000d6880000)
  to   space 3072K, 0% used [0x00000000d6280000,0x00000000d6280000,0x00000000d6580000)
 ParOldGen       total 95232K, used 61635K [0x0000000080000000, 0x0000000085d00000, 0x00000000d5580000)
  object space 95232K, 64% used [0x0000000080000000,0x0000000083c30d68,0x0000000085d00000)
 Metaspace       used 59568K, committed 61056K, reserved 1114112K
  class space    used 6283K, committed 6976K, reserved 1048576K
}

Dll operation events (10 events):
Event: 0.007 Loaded shared library c:\Users\MINH QUAN\.vscode\extensions\redhat.java-1.45.0-win32-x64\jre\21.0.8-win32-x86_64\bin\java.dll
Event: 0.041 Loaded shared library c:\Users\MINH QUAN\.vscode\extensions\redhat.java-1.45.0-win32-x64\jre\21.0.8-win32-x86_64\bin\zip.dll
Event: 0.050 Loaded shared library C:\Users\MINH QUAN\.vscode\extensions\redhat.java-1.45.0-win32-x64\jre\21.0.8-win32-x86_64\bin\instrument.dll
Event: 0.055 Loaded shared library C:\Users\MINH QUAN\.vscode\extensions\redhat.java-1.45.0-win32-x64\jre\21.0.8-win32-x86_64\bin\net.dll
Event: 0.056 Loaded shared library C:\Users\MINH QUAN\.vscode\extensions\redhat.java-1.45.0-win32-x64\jre\21.0.8-win32-x86_64\bin\nio.dll
Event: 0.058 Loaded shared library C:\Users\MINH QUAN\.vscode\extensions\redhat.java-1.45.0-win32-x64\jre\21.0.8-win32-x86_64\bin\zip.dll
Event: 0.067 Loaded shared library C:\Users\MINH QUAN\.vscode\extensions\redhat.java-1.45.0-win32-x64\jre\21.0.8-win32-x86_64\bin\jimage.dll
Event: 0.103 Loaded shared library c:\Users\MINH QUAN\.vscode\extensions\redhat.java-1.45.0-win32-x64\jre\21.0.8-win32-x86_64\bin\verify.dll
Event: 0.667 Loaded shared library C:\Users\MINH QUAN\AppData\Roaming\Code\User\globalStorage\redhat.java\1.45.0\config_win\org.eclipse.equinox.launcher\org.eclipse.equinox.launcher.win32.win32.x86_64_1.2.1400.v20250801-0854\eclipse_11916.dll
Event: 1.374 Loaded shared library C:\Users\MINH QUAN\AppData\Local\Temp\jna--701564006\jna635657462017881696.dll

Deoptimization events (20 events):
Event: 14.222 Thread 0x0000018ff4bf8030 DEOPT PACKING pc=0x0000018fd337f6a8 sp=0x00000001c3bfdde0
Event: 14.222 Thread 0x0000018ff4bf8030 DEOPT UNPACKING pc=0x0000018fd2d93aa2 sp=0x00000001c3bfdcf0 mode 2
Event: 14.222 Thread 0x0000018ff4bf8030 Uncommon trap: trap_request=0xffffff45 fr.pc=0x0000018fd356c94c relative=0x000000000000062c
Event: 14.222 Thread 0x0000018ff4bf8030 Uncommon trap: reason=unstable_if action=reinterpret pc=0x0000018fd356c94c method=java.util.HashMap.putVal(ILjava/lang/Object;Ljava/lang/Object;ZZ)Ljava/lang/Object; @ 94 c2
Event: 14.222 Thread 0x0000018ff4bf8030 DEOPT PACKING pc=0x0000018fd356c94c sp=0x00000001c3bfdd80
Event: 14.222 Thread 0x0000018ff4bf8030 DEOPT UNPACKING pc=0x0000018fd2d93aa2 sp=0x00000001c3bfdcf8 mode 2
Event: 14.227 Thread 0x0000018ff4bf8030 DEOPT PACKING pc=0x0000018fccb2df72 sp=0x00000001c3bfd770
Event: 14.227 Thread 0x0000018ff4bf8030 DEOPT UNPACKING pc=0x0000018fd2d94242 sp=0x00000001c3bfcce8 mode 0
Event: 14.228 Thread 0x0000018fe9ac07b0 Uncommon trap: trap_request=0xffffffde fr.pc=0x0000018fd353f524 relative=0x0000000000001904
Event: 14.228 Thread 0x0000018fe9ac07b0 Uncommon trap: reason=class_check action=maybe_recompile pc=0x0000018fd353f524 method=org.eclipse.jdt.internal.core.JavaModelCache.getInfo(Lorg/eclipse/jdt/core/IJavaElement;)Lorg/eclipse/jdt/internal/compiler/env/IElementInfo; @ 138 c2
Event: 14.228 Thread 0x0000018fe9ac07b0 DEOPT PACKING pc=0x0000018fd353f524 sp=0x00000001c29fc630
Event: 14.228 Thread 0x0000018fe9ac07b0 DEOPT UNPACKING pc=0x0000018fd2d93aa2 sp=0x00000001c29fc5a0 mode 2
Event: 14.228 Thread 0x0000018fe9ac07b0 Uncommon trap: trap_request=0xffffffde fr.pc=0x0000018fd353f524 relative=0x0000000000001904
Event: 14.228 Thread 0x0000018fe9ac07b0 Uncommon trap: reason=class_check action=maybe_recompile pc=0x0000018fd353f524 method=org.eclipse.jdt.internal.core.JavaModelCache.getInfo(Lorg/eclipse/jdt/core/IJavaElement;)Lorg/eclipse/jdt/internal/compiler/env/IElementInfo; @ 138 c2
Event: 14.228 Thread 0x0000018fe9ac07b0 DEOPT PACKING pc=0x0000018fd353f524 sp=0x00000001c29fc930
Event: 14.228 Thread 0x0000018fe9ac07b0 DEOPT UNPACKING pc=0x0000018fd2d93aa2 sp=0x00000001c29fc890 mode 2
Event: 14.229 Thread 0x0000018fe66d4560 DEOPT PACKING pc=0x0000018fccb594d3 sp=0x00000001c17fd5d0
Event: 14.229 Thread 0x0000018fe66d4560 DEOPT UNPACKING pc=0x0000018fd2d94242 sp=0x00000001c17fc9e0 mode 0
Event: 14.230 Thread 0x0000018fe66d4560 DEOPT PACKING pc=0x0000018fcb8c175a sp=0x00000001c17fd850
Event: 14.230 Thread 0x0000018fe66d4560 DEOPT UNPACKING pc=0x0000018fd2d94242 sp=0x00000001c17fccc8 mode 0

Classes loaded (20 events):
Event: 10.410 Loading class java/nio/charset/CharacterCodingException
Event: 10.410 Loading class java/nio/charset/CharacterCodingException done
Event: 10.410 Loading class java/io/SequenceInputStream
Event: 10.410 Loading class java/io/SequenceInputStream done
Event: 10.460 Loading class java/util/WeakHashMap$KeyIterator
Event: 10.460 Loading class java/util/WeakHashMap$KeyIterator done
Event: 12.408 Loading class sun/nio/ch/ChannelOutputStream
Event: 12.408 Loading class sun/nio/ch/ChannelOutputStream done
Event: 13.309 Loading class java/lang/invoke/MethodHandleImpl$CountingWrapper$1
Event: 13.309 Loading class java/lang/invoke/MethodHandleImpl$CountingWrapper$1 done
Event: 13.400 Loading class java/util/stream/ReduceOps$4
Event: 13.400 Loading class java/util/stream/ReduceOps$4 done
Event: 13.401 Loading class java/util/stream/ReduceOps$4ReducingSink
Event: 13.401 Loading class java/util/stream/ReduceOps$4ReducingSink done
Event: 13.751 Loading class java/util/concurrent/ForkJoinTask$AdaptedCallable
Event: 13.751 Loading class java/util/concurrent/ForkJoinTask$AdaptedCallable done
Event: 14.028 Loading class java/nio/file/Files$2
Event: 14.028 Loading class java/nio/file/Files$2 done
Event: 14.070 Loading class java/util/concurrent/ArrayBlockingQueue
Event: 14.070 Loading class java/util/concurrent/ArrayBlockingQueue done

Classes unloaded (13 events):
Event: 1.630 Thread 0x0000018fdf0a4870 Unloading class 0x0000018f811ad000 'java/lang/invoke/LambdaForm$MH+0x0000018f811ad000'
Event: 1.630 Thread 0x0000018fdf0a4870 Unloading class 0x0000018f811acc00 'java/lang/invoke/LambdaForm$MH+0x0000018f811acc00'
Event: 1.630 Thread 0x0000018fdf0a4870 Unloading class 0x0000018f811ac800 'java/lang/invoke/LambdaForm$MH+0x0000018f811ac800'
Event: 1.630 Thread 0x0000018fdf0a4870 Unloading class 0x0000018f811ac400 'java/lang/invoke/LambdaForm$MH+0x0000018f811ac400'
Event: 1.630 Thread 0x0000018fdf0a4870 Unloading class 0x0000018f811ac000 'java/lang/invoke/LambdaForm$BMH+0x0000018f811ac000'
Event: 1.630 Thread 0x0000018fdf0a4870 Unloading class 0x0000018f811abc00 'java/lang/invoke/LambdaForm$DMH+0x0000018f811abc00'
Event: 1.630 Thread 0x0000018fdf0a4870 Unloading class 0x0000018f811aa800 'java/lang/invoke/LambdaForm$DMH+0x0000018f811aa800'
Event: 2.771 Thread 0x0000018fdf0a4870 Unloading class 0x0000018f81380c00 'java/lang/invoke/LambdaForm$MH+0x0000018f81380c00'
Event: 2.771 Thread 0x0000018fdf0a4870 Unloading class 0x0000018f81380400 'java/lang/invoke/LambdaForm$MH+0x0000018f81380400'
Event: 2.771 Thread 0x0000018fdf0a4870 Unloading class 0x0000018f8133b800 'java/lang/invoke/LambdaForm$MH+0x0000018f8133b800'
Event: 2.771 Thread 0x0000018fdf0a4870 Unloading class 0x0000018f8133b400 'java/lang/invoke/LambdaForm$DMH+0x0000018f8133b400'
Event: 2.771 Thread 0x0000018fdf0a4870 Unloading class 0x0000018f8133a400 'java/lang/invoke/LambdaForm$MH+0x0000018f8133a400'
Event: 13.849 Thread 0x0000018fdf0a4870 Unloading class 0x0000018f816a0c00 'java/lang/invoke/LambdaForm$DMH+0x0000018f816a0c00'

Classes redefined (0 events):
No events

Internal exceptions (20 events):
Event: 11.319 Thread 0x0000018fe9ac07b0 Implicit null exception at 0x0000018fd37c437f to 0x0000018fd37c478c
Event: 11.398 Thread 0x0000018fe9ac07b0 Exception <a 'java/lang/IncompatibleClassChangeError'{0x00000000d5e5c758}: Found class java.lang.Object, but interface was expected> (0x00000000d5e5c758) 
thrown [s\src\hotspot\share\interpreter\linkResolver.cpp, line 840]
Event: 13.490 Thread 0x0000018fe66d3840 Exception <a 'java/io/FileNotFoundException'{0x00000000d5f0f190}> (0x00000000d5f0f190) 
thrown [s\src\hotspot\share\prims\jni.cpp, line 520]
Event: 13.490 Thread 0x0000018fe66d3840 Exception <a 'java/io/FileNotFoundException'{0x00000000d5fd39d0}> (0x00000000d5fd39d0) 
thrown [s\src\hotspot\share\prims\jni.cpp, line 520]
Event: 13.491 Thread 0x0000018fe66d3840 Exception <a 'java/io/FileNotFoundException'{0x00000000d60360a0}> (0x00000000d60360a0) 
thrown [s\src\hotspot\share\prims\jni.cpp, line 520]
Event: 13.684 Thread 0x0000018fe66d5910 Exception <a 'java/io/FileNotFoundException'{0x00000000d55c69a8}> (0x00000000d55c69a8) 
thrown [s\src\hotspot\share\prims\jni.cpp, line 520]
Event: 13.684 Thread 0x0000018fe66d5910 Exception <a 'java/io/FileNotFoundException'{0x00000000d57821c0}> (0x00000000d57821c0) 
thrown [s\src\hotspot\share\prims\jni.cpp, line 520]
Event: 13.684 Thread 0x0000018fe66d5910 Exception <a 'java/io/FileNotFoundException'{0x00000000d57839d0}> (0x00000000d57839d0) 
thrown [s\src\hotspot\share\prims\jni.cpp, line 520]
Event: 13.684 Thread 0x0000018fe66d5910 Exception <a 'java/io/FileNotFoundException'{0x00000000d5784f00}> (0x00000000d5784f00) 
thrown [s\src\hotspot\share\prims\jni.cpp, line 520]
Event: 13.685 Thread 0x0000018fe66d5910 Exception <a 'java/io/FileNotFoundException'{0x00000000d5785f38}> (0x00000000d5785f38) 
thrown [s\src\hotspot\share\prims\jni.cpp, line 520]
Event: 13.749 Thread 0x0000018fe66d5910 Exception <a 'sun/nio/fs/WindowsException'{0x00000000d5f6f500}> (0x00000000d5f6f500) 
thrown [s\src\hotspot\share\prims\jni.cpp, line 520]
Event: 13.766 Thread 0x0000018fe66d5910 Exception <a 'sun/nio/fs/WindowsException'{0x00000000d577df98}> (0x00000000d577df98) 
thrown [s\src\hotspot\share\prims\jni.cpp, line 520]
Event: 13.776 Thread 0x0000018fe66d5910 Exception <a 'sun/nio/fs/WindowsException'{0x00000000d5f45a40}> (0x00000000d5f45a40) 
thrown [s\src\hotspot\share\prims\jni.cpp, line 520]
Event: 13.819 Thread 0x0000018fe66d4560 Exception <a 'java/lang/NoSuchMethodError'{0x00000000d5a00f48}: 'int java.lang.invoke.DirectMethodHandle$Holder.invokeSpecialIFC(java.lang.Object, java.lang.Object, java.lang.Object)'> (0x00000000d5a00f48) 
thrown [s\src\hotspot\share\interpreter\linkResolver.cpp, line 773]
Event: 13.819 Thread 0x0000018fe9ac07b0 Exception <a 'java/lang/NoSuchMethodError'{0x00000000d5a1e1a0}: 'int java.lang.invoke.DirectMethodHandle$Holder.invokeSpecialIFC(java.lang.Object, java.lang.Object, java.lang.Object)'> (0x00000000d5a1e1a0) 
thrown [s\src\hotspot\share\interpreter\linkResolver.cpp, line 773]
Event: 13.827 Thread 0x0000018fe66d4560 Implicit null exception at 0x0000018fd3a46afb to 0x0000018fd3a475c0
Event: 13.827 Thread 0x0000018fe9ac07b0 Implicit null exception at 0x0000018fd3a46afb to 0x0000018fd3a475c0
Event: 13.835 Thread 0x0000018fe66d4560 Implicit null exception at 0x0000018fd3a6e378 to 0x0000018fd3a6ea68
Event: 13.922 Thread 0x0000018fe9ac07b0 Exception <a 'java/lang/LinkageError'{0x00000000d5b696d0}: loader lombok.launch.ShadowClassLoader @2e1c80d1 attempted duplicate class definition for lombok.launch.PatchFixesHider$Delegate. (lombok.launch.PatchFixesHider$Delegate is in unnamed module of loader lombok.launch.ShadowClassLoader @2e1c80d1, parent loader org.eclipse.osgi.internal.loader.EquinoxClassLoader @3bad063)> (0x00000000d5b696d0) 
thrown [s\src\hotspot\share\classfile\systemDictionary.cpp, line 1682]
Event: 14.025 Thread 0x0000018fe9ac07b0 Implicit null exception at 0x0000018fd3a80ad7 to 0x0000018fd3a82fb8

ZGC Phase Switch (0 events):
No events

VM Operations (20 events):
Event: 13.823 Executing VM operation: HandshakeAllThreads (Deoptimize)
Event: 13.823 Executing VM operation: HandshakeAllThreads (Deoptimize) done
Event: 13.838 Executing VM operation: CollectForMetadataAllocation (Metadata GC Threshold)
Event: 13.896 Executing VM operation: CollectForMetadataAllocation (Metadata GC Threshold) done
Event: 13.896 Executing VM operation: CollectForMetadataAllocation (Metadata GC Threshold)
Event: 13.896 Executing VM operation: CollectForMetadataAllocation (Metadata GC Threshold) done
Event: 13.946 Executing VM operation: ParallelGCFailedAllocation (Allocation Failure)
Event: 13.946 Executing VM operation: ParallelGCFailedAllocation (Allocation Failure) done
Event: 13.976 Executing VM operation: ParallelGCFailedAllocation (Allocation Failure)
Event: 13.977 Executing VM operation: ParallelGCFailedAllocation (Allocation Failure) done
Event: 13.991 Executing VM operation: ParallelGCFailedAllocation (Allocation Failure)
Event: 13.992 Executing VM operation: ParallelGCFailedAllocation (Allocation Failure) done
Event: 14.011 Executing VM operation: HandshakeAllThreads (Deoptimize)
Event: 14.011 Executing VM operation: HandshakeAllThreads (Deoptimize) done
Event: 14.079 Executing VM operation: HandshakeAllThreads (Deoptimize)
Event: 14.079 Executing VM operation: HandshakeAllThreads (Deoptimize) done
Event: 14.083 Executing VM operation: ParallelGCFailedAllocation (Allocation Failure)
Event: 14.085 Executing VM operation: ParallelGCFailedAllocation (Allocation Failure) done
Event: 14.172 Executing VM operation: ParallelGCFailedAllocation (Allocation Failure)
Event: 14.174 Executing VM operation: ParallelGCFailedAllocation (Allocation Failure) done

Memory protections (0 events):
No events

Nmethod flushes (20 events):
Event: 13.860 Thread 0x0000018fdf0a4870 flushing  nmethod 0x0000018fcc0dd690
Event: 13.860 Thread 0x0000018fdf0a4870 flushing  nmethod 0x0000018fcc0e3390
Event: 13.860 Thread 0x0000018fdf0a4870 flushing  nmethod 0x0000018fcc0ea110
Event: 13.860 Thread 0x0000018fdf0a4870 flushing  nmethod 0x0000018fcc0eaa90
Event: 13.860 Thread 0x0000018fdf0a4870 flushing  nmethod 0x0000018fcc0eb010
Event: 13.860 Thread 0x0000018fdf0a4870 flushing  nmethod 0x0000018fcc104c10
Event: 13.860 Thread 0x0000018fdf0a4870 flushing  nmethod 0x0000018fcc106310
Event: 13.860 Thread 0x0000018fdf0a4870 flushing  nmethod 0x0000018fcc106a10
Event: 13.860 Thread 0x0000018fdf0a4870 flushing  nmethod 0x0000018fcc106d90
Event: 13.860 Thread 0x0000018fdf0a4870 flushing  nmethod 0x0000018fcc109010
Event: 13.860 Thread 0x0000018fdf0a4870 flushing  nmethod 0x0000018fcc10f510
Event: 13.860 Thread 0x0000018fdf0a4870 flushing  nmethod 0x0000018fcc129e90
Event: 13.860 Thread 0x0000018fdf0a4870 flushing  nmethod 0x0000018fcc13fc10
Event: 13.860 Thread 0x0000018fdf0a4870 flushing  nmethod 0x0000018fcc154710
Event: 13.860 Thread 0x0000018fdf0a4870 flushing  nmethod 0x0000018fcc16b310
Event: 13.860 Thread 0x0000018fdf0a4870 flushing  nmethod 0x0000018fcc183a90
Event: 13.860 Thread 0x0000018fdf0a4870 flushing  nmethod 0x0000018fcc185590
Event: 13.860 Thread 0x0000018fdf0a4870 flushing  nmethod 0x0000018fcc186e90
Event: 13.860 Thread 0x0000018fdf0a4870 flushing  nmethod 0x0000018fcc191590
Event: 13.860 Thread 0x0000018fdf0a4870 flushing  nmethod 0x0000018fcc193410

Events (20 events):
Event: 13.305 Thread 0x0000018fe04369d0 Thread added: 0x0000018ff4a9cf80
Event: 13.751 Thread 0x0000018fe66d5910 Thread added: 0x0000018fea670e60
Event: 13.752 Thread 0x0000018fea670e60 Thread added: 0x0000018fea672f30
Event: 13.752 Thread 0x0000018fea672f30 Thread added: 0x0000018fea6735c0
Event: 13.754 Thread 0x0000018fea6735c0 Thread added: 0x0000018fea6742e0
Event: 13.756 Thread 0x0000018fea6742e0 Thread added: 0x0000018fea674970
Event: 13.767 Thread 0x0000018fea6735c0 Thread added: 0x0000018fea6714f0
Event: 13.792 Thread 0x0000018fe66d5910 Thread added: 0x0000018fea675000
Event: 13.792 Thread 0x0000018fe66d5910 Thread added: 0x0000018fea671b80
Event: 13.792 Thread 0x0000018fe66d5910 Thread added: 0x0000018fea676a40
Event: 13.792 Thread 0x0000018fea675000 Thread added: 0x0000018fea6770d0
Event: 13.793 Thread 0x0000018fe66d5910 Thread added: 0x0000018fea677760
Event: 13.793 Thread 0x0000018fe66d5910 Thread added: 0x0000018fea677df0
Event: 13.793 Thread 0x0000018fe66d5910 Thread added: 0x0000018fea678480
Event: 13.793 Thread 0x0000018fea671b80 Thread added: 0x0000018fea675690
Event: 13.793 Thread 0x0000018fe66d5910 Thread added: 0x0000018fea675d20
Event: 13.794 Thread 0x0000018fe66d5910 Thread added: 0x0000018fea6763b0
Event: 13.915 Thread 0x0000018fe66d4560 Thread added: 0x0000018ff4bf5f60
Event: 13.915 Thread 0x0000018fe9ac07b0 Thread added: 0x0000018ff4bf65f0
Event: 14.071 Thread 0x0000018fe66d5910 Thread added: 0x0000018ff4bf8030


Dynamic libraries:
0x00007ff7bd9e0000 - 0x00007ff7bd9ee000 	c:\Users\MINH QUAN\.vscode\extensions\redhat.java-1.45.0-win32-x64\jre\21.0.8-win32-x86_64\bin\java.exe
0x00007ffd25860000 - 0x00007ffd25ac9000 	C:\WINDOWS\SYSTEM32\ntdll.dll
0x00007ffd24410000 - 0x00007ffd244d9000 	C:\WINDOWS\System32\KERNEL32.DLL
0x00007ffd22a80000 - 0x00007ffd22e73000 	C:\WINDOWS\System32\KERNELBASE.dll
0x00007ffd1f330000 - 0x00007ffd1f3ce000 	C:\WINDOWS\SYSTEM32\apphelp.dll
0x00007ffd232f0000 - 0x00007ffd2343b000 	C:\WINDOWS\System32\ucrtbase.dll
0x00007ffd12af0000 - 0x00007ffd12b08000 	c:\Users\MINH QUAN\.vscode\extensions\redhat.java-1.45.0-win32-x64\jre\21.0.8-win32-x86_64\bin\jli.dll
0x00007ffd141a0000 - 0x00007ffd141be000 	c:\Users\MINH QUAN\.vscode\extensions\redhat.java-1.45.0-win32-x64\jre\21.0.8-win32-x86_64\bin\VCRUNTIME140.dll
0x00007ffd245d0000 - 0x00007ffd24794000 	C:\WINDOWS\System32\USER32.dll
0x00007ffd230b0000 - 0x00007ffd230d7000 	C:\WINDOWS\System32\win32u.dll
0x00007ffd01810000 - 0x00007ffd01aa3000 	C:\WINDOWS\WinSxS\amd64_microsoft.windows.common-controls_6595b64144ccf1df_6.0.26100.5074_none_3e0d6f78e32fd63f\COMCTL32.dll
0x00007ffd25580000 - 0x00007ffd255ab000 	C:\WINDOWS\System32\GDI32.dll
0x00007ffd23440000 - 0x00007ffd2356d000 	C:\WINDOWS\System32\gdi32full.dll
0x00007ffd24260000 - 0x00007ffd24309000 	C:\WINDOWS\System32\msvcrt.dll
0x00007ffd23000000 - 0x00007ffd230a3000 	C:\WINDOWS\System32\msvcp_win.dll
0x00007ffd24220000 - 0x00007ffd2424f000 	C:\WINDOWS\System32\IMM32.DLL
0x00007ffd15f80000 - 0x00007ffd15f8c000 	c:\Users\MINH QUAN\.vscode\extensions\redhat.java-1.45.0-win32-x64\jre\21.0.8-win32-x86_64\bin\vcruntime140_1.dll
0x00007ffce0030000 - 0x00007ffce00bd000 	c:\Users\MINH QUAN\.vscode\extensions\redhat.java-1.45.0-win32-x64\jre\21.0.8-win32-x86_64\bin\msvcp140.dll
0x00007ffc6fd00000 - 0x00007ffc70a97000 	c:\Users\MINH QUAN\.vscode\extensions\redhat.java-1.45.0-win32-x64\jre\21.0.8-win32-x86_64\bin\server\jvm.dll
0x00007ffd24060000 - 0x00007ffd24114000 	C:\WINDOWS\System32\ADVAPI32.dll
0x00007ffd24130000 - 0x00007ffd241d6000 	C:\WINDOWS\System32\sechost.dll
0x00007ffd23f40000 - 0x00007ffd24058000 	C:\WINDOWS\System32\RPCRT4.dll
0x00007ffd23630000 - 0x00007ffd236a4000 	C:\WINDOWS\System32\WS2_32.dll
0x00007ffd21650000 - 0x00007ffd216ae000 	C:\WINDOWS\SYSTEM32\POWRPROF.dll
0x00007ffd10050000 - 0x00007ffd10085000 	C:\WINDOWS\SYSTEM32\WINMM.dll
0x00007ffd0ff10000 - 0x00007ffd0ff1b000 	C:\WINDOWS\SYSTEM32\VERSION.dll
0x00007ffd21630000 - 0x00007ffd21644000 	C:\WINDOWS\SYSTEM32\UMPDC.dll
0x00007ffd218f0000 - 0x00007ffd2190b000 	C:\WINDOWS\SYSTEM32\kernel.appcore.dll
0x00007ffd14a90000 - 0x00007ffd14a9a000 	c:\Users\MINH QUAN\.vscode\extensions\redhat.java-1.45.0-win32-x64\jre\21.0.8-win32-x86_64\bin\jimage.dll
0x00007ffd1fbe0000 - 0x00007ffd1fe22000 	C:\WINDOWS\SYSTEM32\DBGHELP.DLL
0x00007ffd24cc0000 - 0x00007ffd2503b000 	C:\WINDOWS\System32\combase.dll
0x00007ffd244e0000 - 0x00007ffd245b7000 	C:\WINDOWS\System32\OLEAUT32.dll
0x00007ffcf1370000 - 0x00007ffcf13ad000 	C:\WINDOWS\SYSTEM32\dbgcore.DLL
0x00007ffd23250000 - 0x00007ffd232e9000 	C:\WINDOWS\System32\bcryptPrimitives.dll
0x00007ffd147d0000 - 0x00007ffd147df000 	c:\Users\MINH QUAN\.vscode\extensions\redhat.java-1.45.0-win32-x64\jre\21.0.8-win32-x86_64\bin\instrument.dll
0x00007ffd11f90000 - 0x00007ffd11faf000 	c:\Users\MINH QUAN\.vscode\extensions\redhat.java-1.45.0-win32-x64\jre\21.0.8-win32-x86_64\bin\java.dll
0x00007ffd236b0000 - 0x00007ffd23dfd000 	C:\WINDOWS\System32\SHELL32.dll
0x00007ffd230e0000 - 0x00007ffd2324c000 	C:\WINDOWS\System32\wintypes.dll
0x00007ffd206b0000 - 0x00007ffd20f09000 	C:\WINDOWS\SYSTEM32\windows.storage.dll
0x00007ffd24310000 - 0x00007ffd24400000 	C:\WINDOWS\System32\SHCORE.dll
0x00007ffd247a0000 - 0x00007ffd24802000 	C:\WINDOWS\System32\shlwapi.dll
0x00007ffd22910000 - 0x00007ffd22939000 	C:\WINDOWS\SYSTEM32\profapi.dll
0x00007ffd08a20000 - 0x00007ffd08a38000 	c:\Users\MINH QUAN\.vscode\extensions\redhat.java-1.45.0-win32-x64\jre\21.0.8-win32-x86_64\bin\zip.dll
0x00007ffd12c90000 - 0x00007ffd12ca0000 	C:\Users\MINH QUAN\.vscode\extensions\redhat.java-1.45.0-win32-x64\jre\21.0.8-win32-x86_64\bin\net.dll
0x00007ffd18ee0000 - 0x00007ffd18fff000 	C:\WINDOWS\SYSTEM32\WINHTTP.dll
0x00007ffd21e70000 - 0x00007ffd21edb000 	C:\WINDOWS\system32\mswsock.dll
0x00007ffd089e0000 - 0x00007ffd089f6000 	C:\Users\MINH QUAN\.vscode\extensions\redhat.java-1.45.0-win32-x64\jre\21.0.8-win32-x86_64\bin\nio.dll
0x00007ffd08c70000 - 0x00007ffd08c80000 	c:\Users\MINH QUAN\.vscode\extensions\redhat.java-1.45.0-win32-x64\jre\21.0.8-win32-x86_64\bin\verify.dll
0x00007ffcd7310000 - 0x00007ffcd7354000 	C:\Users\MINH QUAN\AppData\Roaming\Code\User\globalStorage\redhat.java\1.45.0\config_win\org.eclipse.equinox.launcher\org.eclipse.equinox.launcher.win32.win32.x86_64_1.2.1400.v20250801-0854\eclipse_11916.dll
0x00007ffd253e0000 - 0x00007ffd25578000 	C:\WINDOWS\System32\ole32.dll
0x00007ffd22110000 - 0x00007ffd2212b000 	C:\WINDOWS\SYSTEM32\CRYPTSP.dll
0x00007ffd21850000 - 0x00007ffd2188b000 	C:\WINDOWS\system32\rsaenh.dll
0x00007ffd21f10000 - 0x00007ffd21f3b000 	C:\WINDOWS\SYSTEM32\USERENV.dll
0x00007ffd228e0000 - 0x00007ffd22906000 	C:\WINDOWS\SYSTEM32\bcrypt.dll
0x00007ffd22130000 - 0x00007ffd2213c000 	C:\WINDOWS\SYSTEM32\CRYPTBASE.dll
0x00007ffd212d0000 - 0x00007ffd21304000 	C:\WINDOWS\SYSTEM32\IPHLPAPI.DLL
0x00007ffd24120000 - 0x00007ffd2412a000 	C:\WINDOWS\System32\NSI.dll
0x00007ffccdc10000 - 0x00007ffccdc59000 	C:\Users\MINH QUAN\AppData\Local\Temp\jna--701564006\jna635657462017881696.dll
0x00007ffd255b0000 - 0x00007ffd255b8000 	C:\WINDOWS\System32\PSAPI.DLL
0x00007ffd190d0000 - 0x00007ffd190ee000 	C:\WINDOWS\SYSTEM32\dhcpcsvc6.DLL
0x00007ffd18eb0000 - 0x00007ffd18ed3000 	C:\WINDOWS\SYSTEM32\dhcpcsvc.DLL

JVMTI agents:
c:\Users\MINH QUAN\.vscode\extensions\redhat.java-1.45.0-win32-x64\lombok\lombok-1.18.39-4050.jar path:c:\Users\MINH QUAN\.vscode\extensions\redhat.java-1.45.0-win32-x64\jre\21.0.8-win32-x86_64\bin\instrument.dll, loaded, initialized, instrumentlib options:none

dbghelp: loaded successfully - version: 4.0.5 - missing functions: none
symbol engine: initialized successfully - sym options: 0x614 - pdb path: .;c:\Users\MINH QUAN\.vscode\extensions\redhat.java-1.45.0-win32-x64\jre\21.0.8-win32-x86_64\bin;C:\WINDOWS\SYSTEM32;C:\WINDOWS\WinSxS\amd64_microsoft.windows.common-controls_6595b64144ccf1df_6.0.26100.5074_none_3e0d6f78e32fd63f;c:\Users\MINH QUAN\.vscode\extensions\redhat.java-1.45.0-win32-x64\jre\21.0.8-win32-x86_64\bin\server;C:\Users\MINH QUAN\AppData\Roaming\Code\User\globalStorage\redhat.java\1.45.0\config_win\org.eclipse.equinox.launcher\org.eclipse.equinox.launcher.win32.win32.x86_64_1.2.1400.v20250801-0854;C:\Users\MINH QUAN\AppData\Local\Temp\jna--701564006

VM Arguments:
jvm_args: --add-modules=ALL-SYSTEM --add-opens=java.base/java.util=ALL-UNNAMED --add-opens=java.base/java.lang=ALL-UNNAMED --add-opens=java.base/sun.nio.fs=ALL-UNNAMED -Declipse.application=org.eclipse.jdt.ls.core.id1 -Dosgi.bundles.defaultStartLevel=4 -Declipse.product=org.eclipse.jdt.ls.core.product -Djava.import.generatesMetadataFilesAtProjectRoot=false -DDetectVMInstallationsJob.disabled=true -Dfile.encoding=utf8 -XX:+UseParallelGC -XX:GCTimeRatio=4 -XX:AdaptiveSizePolicyWeight=90 -Dsun.zip.disableMemoryMapping=true -Xmx2G -Xms100m -Xlog:disable -javaagent:c:\Users\MINH QUAN\.vscode\extensions\redhat.java-1.45.0-win32-x64\lombok\lombok-1.18.39-4050.jar -XX:+HeapDumpOnOutOfMemoryError -XX:HeapDumpPath=c:\Users\MINH QUAN\AppData\Roaming\Code\User\workspaceStorage\bbbe183c1fbf0343f34df3db487e7bb0\redhat.java -Daether.dependencyCollector.impl=bf 
java_command: c:\Users\MINH QUAN\.vscode\extensions\redhat.java-1.45.0-win32-x64\server\plugins\org.eclipse.equinox.launcher_1.7.0.v20250519-0528.jar -configuration c:\Users\MINH QUAN\AppData\Roaming\Code\User\globalStorage\redhat.java\1.45.0\config_win -data c:\Users\MINH QUAN\AppData\Roaming\Code\User\workspaceStorage\bbbe183c1fbf0343f34df3db487e7bb0\redhat.java\jdt_ws --pipe=\\.\pipe\lsp-4521d535b7549f96919e6f451019b0fa-sock
java_class_path (initial): c:\Users\MINH QUAN\.vscode\extensions\redhat.java-1.45.0-win32-x64\server\plugins\org.eclipse.equinox.launcher_1.7.0.v20250519-0528.jar
Launcher Type: SUN_STANDARD

[Global flags]
    uintx AdaptiveSizePolicyWeight                 = 90                                        {product} {command line}
     intx CICompilerCount                          = 4                                         {product} {ergonomic}
    uintx GCTimeRatio                              = 4                                         {product} {command line}
     bool HeapDumpOnOutOfMemoryError               = true                                   {manageable} {command line}
    ccstr HeapDumpPath                             = c:\Users\MINH QUAN\AppData\Roaming\Code\User\workspaceStorage\bbbe183c1fbf0343f34df3db487e7bb0\redhat.java         {manageable} {command line}
   size_t InitialHeapSize                          = 104857600                                 {product} {command line}
   size_t MaxHeapSize                              = 2147483648                                {product} {command line}
   size_t MaxNewSize                               = 715653120                                 {product} {ergonomic}
   size_t MinHeapDeltaBytes                        = 524288                                    {product} {ergonomic}
   size_t MinHeapSize                              = 104857600                                 {product} {command line}
   size_t NewSize                                  = 34603008                                  {product} {ergonomic}
    uintx NonNMethodCodeHeapSize                   = 5839372                                {pd product} {ergonomic}
    uintx NonProfiledCodeHeapSize                  = 122909434                              {pd product} {ergonomic}
   size_t OldSize                                  = 70254592                                  {product} {ergonomic}
    uintx ProfiledCodeHeapSize                     = 122909434                              {pd product} {ergonomic}
    uintx ReservedCodeCacheSize                    = 251658240                              {pd product} {ergonomic}
     bool SegmentedCodeCache                       = true                                      {product} {ergonomic}
   size_t SoftMaxHeapSize                          = 2147483648                             {manageable} {ergonomic}
     bool UseCompressedOops                        = true                           {product lp64_product} {ergonomic}
     bool UseLargePagesIndividualAllocation        = false                                  {pd product} {ergonomic}
     bool UseParallelGC                            = true                                      {product} {command line}

Logging:
Log output configuration:
 #0: stdout all=off uptime,level,tags foldmultilines=false
 #1: stderr all=off uptime,level,tags foldmultilines=false

Environment Variables:
JAVA_HOME=C:\Program Files\Java\jdk-21
PATH=C:\Program Files\nodejs;C:\Program Files (x86)\Common Files\Oracle\Java\javapath;C:\Windows\system32;C:\Windows;C:\Windows\System32\Wbem;C:\Windows\System32\WindowsPowerShell\v1.0\;C:\Windows\System32\OpenSSH\;C:\Program Files (x86)\NVIDIA Corporation\PhysX\Common;C:\WINDOWS\system32;C:\WINDOWS;C:\WINDOWS\System32\Wbem;C:\WINDOWS\System32\WindowsPowerShell\v1.0\;C:\WINDOWS\System32\OpenSSH\;C:\Program Files\dotnet\;C:\Program Files (x86)\Microsoft SQL Server\160\Tools\Binn\;C:\Program Files\Microsoft SQL Server\160\Tools\Binn\;C:\Program Files\Microsoft SQL Server\Client SDK\ODBC\170\Tools\Binn\;C:\Program Files\Microsoft SQL Server\160\DTS\Binn\;C:\Program Files (x86)\Microsoft SQL Server\160\DTS\Binn\;C:\xampp\php;C:\composer;C:\Program Files\Cloudflare\Cloudflare WARP\;C:\Program Files\NVIDIA Corporation\NVIDIA App\NvDLISR;C:\MinGW\bin;C:\Program Files\Java\jdk-21\bin;C:\Program Files\Git\cmd;C:\Program Files\nodejs\;C:\Users\MINH QUAN\AppData\Local\Programs\Python\Launcher\;C:\Users\MINH QUAN\AppData\Local\Microsoft\WindowsApps;C:\Users\MINH QUAN\.dotnet\tools;C:\Users\MINH QUAN\AppData\Local\Programs\Microsoft VS Code\bin;C:\Users\MINH QUAN\AppData\Roaming\Composer\vendor\bin;C:\Users\MINH QUAN\.bun\bin;C:\Users\MINH QUAN\AppData\Roaming\npm;C:\Users\MINH QUAN\AppData\Local\GitHubDesktop\bin;C:\Users\MINH QUAN\AppData\Local\Programs\Windsurf\bin
USERNAME=MINH_QUAN
OS=Windows_NT
PROCESSOR_IDENTIFIER=Intel64 Family 6 Model 186 Stepping 2, GenuineIntel
TMP=C:\Users\MINHQU~1\AppData\Local\Temp
TEMP=C:\Users\MINHQU~1\AppData\Local\Temp




Periodic native trim disabled

---------------  S Y S T E M  ---------------

OS:
 Windows 11 , 64 bit Build 26100 (10.0.26100.5074)
OS uptime: 0 days 0:28 hours

CPU: total 12 (initial active 12) (6 cores per cpu, 2 threads per core) family 6 model 186 stepping 2 microcode 0x5103, cx8, cmov, fxsr, ht, mmx, 3dnowpref, sse, sse2, sse3, ssse3, sse4.1, sse4.2, popcnt, lzcnt, tsc, tscinvbit, avx, avx2, aes, erms, clmul, bmi1, bmi2, adx, sha, fma, vzeroupper, clflush, clflushopt, clwb, serialize, rdtscp, rdpid, fsrm, f16c, pku, cet_ibt, cet_ss
Processor Information for the first 12 processors :
  Max Mhz: 2100, Current Mhz: 2100, Mhz Limit: 2100

Memory: 4k page, system-wide physical 16087M (3086M free)
TotalPageFile size 22831M (AvailPageFile size 3M)
current process WorkingSet (physical memory assigned to process): 360M, peak: 360M
current process commit charge ("private bytes"): 439M, peak: 440M

vm_info: OpenJDK 64-Bit Server VM (21.0.8+9-LTS) for windows-amd64 JRE (21.0.8+9-LTS), built on 2025-07-15T00:00:00Z by "admin" with MS VC++ 17.7 (VS2022)

END.
