#
# There is insufficient memory for the Java Runtime Environment to continue.
# Native memory allocation (malloc) failed to allocate 1567536 bytes. Error detail: Chunk::new
# Possible reasons:
#   The system is out of physical RAM or swap space
#   This process is running with CompressedOops enabled, and the Java Heap may be blocking the growth of the native heap
# Possible solutions:
#   Reduce memory load on the system
#   Increase physical memory or swap space
#   Check if swap backing store is full
#   Decrease Java heap size (-Xmx/-Xms)
#   Decrease number of Java threads
#   Decrease Java thread stack sizes (-Xss)
#   Set larger code cache with -XX:ReservedCodeCacheSize=
#   JVM is running with Unscaled Compressed Oops mode in which the Java heap is
#     placed in the first 4GB address space. The Java Heap base address is the
#     maximum limit for the native heap growth. Please use -XX:HeapBaseMinAddress
#     to set the Java Heap base and to place the Java Heap above 4GB virtual address.
# This output file may be truncated or incomplete.
#
#  Out of Memory Error (arena.cpp:168), pid=2044, tid=13964
#
# JRE version: OpenJDK Runtime Environment Temurin-21.0.8+9 (21.0.8+9) (build 21.0.8+9-LTS)
# Java VM: OpenJDK 64-Bit Server VM Temurin-21.0.8+9 (21.0.8+9-LTS, mixed mode, sharing, tiered, compressed oops, compressed class ptrs, parallel gc, windows-amd64)
# No core dump will be written. Minidumps are not enabled by default on client versions of Windows
#

---------------  S U M M A R Y ------------

Command Line: --add-modules=ALL-SYSTEM --add-opens=java.base/java.util=ALL-UNNAMED --add-opens=java.base/java.lang=ALL-UNNAMED --add-opens=java.base/sun.nio.fs=ALL-UNNAMED -Declipse.application=org.eclipse.jdt.ls.core.id1 -Dosgi.bundles.defaultStartLevel=4 -Declipse.product=org.eclipse.jdt.ls.core.product -Djava.import.generatesMetadataFilesAtProjectRoot=false -DDetectVMInstallationsJob.disabled=true -Dfile.encoding=utf8 -XX:+UseParallelGC -XX:GCTimeRatio=4 -XX:AdaptiveSizePolicyWeight=90 -Dsun.zip.disableMemoryMapping=true -Xmx2G -Xms100m -Xlog:disable -javaagent:c:\Users\MINH QUAN\.vscode\extensions\redhat.java-1.45.0-win32-x64\lombok\lombok-1.18.39-4050.jar -XX:+HeapDumpOnOutOfMemoryError -XX:HeapDumpPath=c:\Users\MINH QUAN\AppData\Roaming\Code\User\workspaceStorage\bbbe183c1fbf0343f34df3db487e7bb0\redhat.java -Daether.dependencyCollector.impl=bf c:\Users\MINH QUAN\.vscode\extensions\redhat.java-1.45.0-win32-x64\server\plugins\org.eclipse.equinox.launcher_1.7.0.v20250519-0528.jar -configuration c:\Users\MINH QUAN\AppData\Roaming\Code\User\globalStorage\redhat.java\1.45.0\config_win -data c:\Users\MINH QUAN\AppData\Roaming\Code\User\workspaceStorage\bbbe183c1fbf0343f34df3db487e7bb0\redhat.java\jdt_ws --pipe=\\.\pipe\lsp-91ec3bbff8aefe195ad5dc618b8e04bd-sock

Host: 13th Gen Intel(R) Core(TM) i5-13420H, 12 cores, 15G,  Windows 11 , 64 bit Build 26100 (10.0.26100.5074)
Time: Fri Sep 26 15:51:17 2025 SE Asia Standard Time elapsed time: 71.372613 seconds (0d 0h 1m 11s)

---------------  T H R E A D  ---------------

Current thread (0x00000202d036e900):  JavaThread "C2 CompilerThread0" daemon [_thread_in_native, id=13964, stack(0x0000003140f00000,0x0000003141000000) (1024K)]


Current CompileTask:
C2:71372 10723       4       lombok.core.AST::buildWithField (21 bytes)

Stack: [0x0000003140f00000,0x0000003141000000]
Native frames: (J=compiled Java code, j=interpreted, Vv=VM code, C=native code)
V  [jvm.dll+0x6d2449]
V  [jvm.dll+0x8ae341]
V  [jvm.dll+0x8b08be]
V  [jvm.dll+0x8b0fa3]
V  [jvm.dll+0x280c96]
V  [jvm.dll+0xc581d]
V  [jvm.dll+0xc5d53]
V  [jvm.dll+0x3b9162]
V  [jvm.dll+0x1e1213]
V  [jvm.dll+0x249022]
V  [jvm.dll+0x2484af]
V  [jvm.dll+0x1c89ee]
V  [jvm.dll+0x257d4d]
V  [jvm.dll+0x2562ea]
V  [jvm.dll+0x3f2d16]
V  [jvm.dll+0x857e6b]
V  [jvm.dll+0x6d0b0d]
C  [ucrtbase.dll+0x37b0]
C  [KERNEL32.DLL+0x2e8d7]
C  [ntdll.dll+0x8d9c]


---------------  P R O C E S S  ---------------

Threads class SMR info:
_java_thread_list=0x00000202e4133b30, length=82, elements={
0x00000202f7544af0, 0x00000202f75ee8a0, 0x00000202fefba1a0, 0x00000202fefbf660,
0x00000202fefc4580, 0x00000202fefcb5c0, 0x00000202fefcdff0, 0x00000202d036e900,
0x00000202d036f4e0, 0x00000202d04639b0, 0x00000202d061d500, 0x00000202d60a48f0,
0x00000202d1835550, 0x00000202d0596610, 0x00000202d192ade0, 0x00000202d1acc360,
0x00000202d144b2e0, 0x00000202d1576b00, 0x00000202d15750c0, 0x00000202d1575750,
0x00000202d1575de0, 0x00000202d1573680, 0x00000202d15743a0, 0x00000202d1573d10,
0x00000202d1574a30, 0x00000202d77a64e0, 0x00000202d77a57c0, 0x00000202d77a36f0,
0x00000202d77a3d80, 0x00000202d77a3060, 0x00000202d77a4410, 0x00000202d77a5e50,
0x00000202d77a6b70, 0x00000202d77a7200, 0x00000202d77a7890, 0x00000202d77a5130,
0x00000202d77a7f20, 0x00000202d77a4aa0, 0x00000202d77a92d0, 0x00000202d77a85b0,
0x00000202d77a9960, 0x00000202d77a9ff0, 0x00000202d77aa680, 0x00000202d8f010d0,
0x00000202d8f01760, 0x00000202d8eff000, 0x00000202d8f00a40, 0x00000202d8f01df0,
0x00000202d8effd20, 0x00000202d8f003b0, 0x00000202d8f02480, 0x00000202d8d6fcd0,
0x00000202d63da9e0, 0x00000202d63de4f0, 0x00000202d63dbd90, 0x00000202d63dde60,
0x00000202d63dc420, 0x00000202d63db070, 0x00000202d63deb80, 0x00000202d63db700,
0x00000202d63dff30, 0x00000202d63dcab0, 0x00000202d63e05c0, 0x00000202d63df8a0,
0x00000202d63e1970, 0x00000202d63e0c50, 0x00000202d63e12e0, 0x00000202d63df210,
0x00000202d77a8c40, 0x00000202d8eff690, 0x00000202d6649f20, 0x00000202d878d880,
0x00000202d878ec30, 0x00000202d878c4d0, 0x00000202d878e5a0, 0x00000202d878f2c0,
0x00000202d8792740, 0x00000202d878f950, 0x00000202d8790d00, 0x00000202d8792dd0,
0x00000202d8793460, 0x00000202d8790670
}

Java Threads: ( => current thread )
  0x00000202f7544af0 JavaThread "main"                              [_thread_blocked, id=10148, stack(0x0000003140500000,0x0000003140600000) (1024K)]
  0x00000202f75ee8a0 JavaThread "Reference Handler"          daemon [_thread_blocked, id=20776, stack(0x0000003140900000,0x0000003140a00000) (1024K)]
  0x00000202fefba1a0 JavaThread "Finalizer"                  daemon [_thread_blocked, id=7276, stack(0x0000003140a00000,0x0000003140b00000) (1024K)]
  0x00000202fefbf660 JavaThread "Signal Dispatcher"          daemon [_thread_blocked, id=12496, stack(0x0000003140b00000,0x0000003140c00000) (1024K)]
  0x00000202fefc4580 JavaThread "Attach Listener"            daemon [_thread_blocked, id=12944, stack(0x0000003140c00000,0x0000003140d00000) (1024K)]
  0x00000202fefcb5c0 JavaThread "Service Thread"             daemon [_thread_blocked, id=22864, stack(0x0000003140d00000,0x0000003140e00000) (1024K)]
  0x00000202fefcdff0 JavaThread "Monitor Deflation Thread"   daemon [_thread_blocked, id=9888, stack(0x0000003140e00000,0x0000003140f00000) (1024K)]
=>0x00000202d036e900 JavaThread "C2 CompilerThread0"         daemon [_thread_in_native, id=13964, stack(0x0000003140f00000,0x0000003141000000) (1024K)]
  0x00000202d036f4e0 JavaThread "C1 CompilerThread0"         daemon [_thread_blocked, id=5364, stack(0x0000003141000000,0x0000003141100000) (1024K)]
  0x00000202d04639b0 JavaThread "Common-Cleaner"             daemon [_thread_blocked, id=23268, stack(0x0000003141100000,0x0000003141200000) (1024K)]
  0x00000202d061d500 JavaThread "Notification Thread"        daemon [_thread_blocked, id=2796, stack(0x0000003141200000,0x0000003141300000) (1024K)]
  0x00000202d60a48f0 JavaThread "Active Thread: Equinox Container: dfadd08d-0ba1-4ac9-9675-f706c0a49bc8"        [_thread_blocked, id=18644, stack(0x0000003141b00000,0x0000003141c00000) (1024K)]
  0x00000202d1835550 JavaThread "Refresh Thread: Equinox Container: dfadd08d-0ba1-4ac9-9675-f706c0a49bc8" daemon [_thread_blocked, id=22584, stack(0x0000003141400000,0x0000003141500000) (1024K)]
  0x00000202d0596610 JavaThread "Framework Event Dispatcher: Equinox Container: dfadd08d-0ba1-4ac9-9675-f706c0a49bc8" daemon [_thread_blocked, id=13992, stack(0x0000003141c00000,0x0000003141d00000) (1024K)]
  0x00000202d192ade0 JavaThread "Start Level: Equinox Container: dfadd08d-0ba1-4ac9-9675-f706c0a49bc8" daemon [_thread_blocked, id=12708, stack(0x0000003141d00000,0x0000003141e00000) (1024K)]
  0x00000202d1acc360 JavaThread "Bundle File Closer"         daemon [_thread_blocked, id=22632, stack(0x0000003142100000,0x0000003142200000) (1024K)]
  0x00000202d144b2e0 JavaThread "SCR Component Actor"        daemon [_thread_blocked, id=19192, stack(0x0000003141e00000,0x0000003141f00000) (1024K)]
  0x00000202d1576b00 JavaThread "Worker-JM"                         [_thread_blocked, id=15692, stack(0x0000003142300000,0x0000003142400000) (1024K)]
  0x00000202d15750c0 JavaThread "JNA Cleaner"                daemon [_thread_blocked, id=2884, stack(0x0000003142400000,0x0000003142500000) (1024K)]
  0x00000202d1575750 JavaThread "Worker-0"                          [_thread_blocked, id=20320, stack(0x0000003142500000,0x0000003142600000) (1024K)]
  0x00000202d1575de0 JavaThread "Worker-1: Initialize workspace"        [_thread_blocked, id=11540, stack(0x0000003142600000,0x0000003142700000) (1024K)]
  0x00000202d1573680 JavaThread "Worker-2: Update classpath Job"        [_thread_blocked, id=15528, stack(0x0000003142700000,0x0000003142800000) (1024K)]
  0x00000202d15743a0 JavaThread "Java indexing"              daemon [_thread_blocked, id=1548, stack(0x0000003142200000,0x0000003142300000) (1024K)]
  0x00000202d1573d10 JavaThread "Worker-3: Building"                [_thread_in_Java, id=9812, stack(0x0000003142b00000,0x0000003142c00000) (1024K)]
  0x00000202d1574a30 JavaThread "Thread-2"                   daemon [_thread_in_native, id=2504, stack(0x0000003142c00000,0x0000003142d00000) (1024K)]
  0x00000202d77a64e0 JavaThread "Thread-3"                   daemon [_thread_in_native, id=13576, stack(0x0000003142d00000,0x0000003142e00000) (1024K)]
  0x00000202d77a57c0 JavaThread "Thread-4"                   daemon [_thread_in_native, id=2452, stack(0x0000003142e00000,0x0000003142f00000) (1024K)]
  0x00000202d77a36f0 JavaThread "Thread-5"                   daemon [_thread_in_native, id=12852, stack(0x0000003142f00000,0x0000003143000000) (1024K)]
  0x00000202d77a3d80 JavaThread "Thread-6"                   daemon [_thread_in_native, id=17264, stack(0x0000003143000000,0x0000003143100000) (1024K)]
  0x00000202d77a3060 JavaThread "Thread-7"                   daemon [_thread_in_native, id=22424, stack(0x0000003143100000,0x0000003143200000) (1024K)]
  0x00000202d77a4410 JavaThread "Thread-8"                   daemon [_thread_in_native, id=17656, stack(0x0000003143200000,0x0000003143300000) (1024K)]
  0x00000202d77a5e50 JavaThread "Thread-9"                   daemon [_thread_in_native, id=16136, stack(0x0000003143300000,0x0000003143400000) (1024K)]
  0x00000202d77a6b70 JavaThread "Thread-10"                  daemon [_thread_in_native, id=4528, stack(0x0000003143400000,0x0000003143500000) (1024K)]
  0x00000202d77a7200 JavaThread "Thread-11"                  daemon [_thread_in_native, id=20672, stack(0x0000003143500000,0x0000003143600000) (1024K)]
  0x00000202d77a7890 JavaThread "Thread-12"                  daemon [_thread_in_native, id=16284, stack(0x0000003143600000,0x0000003143700000) (1024K)]
  0x00000202d77a5130 JavaThread "Thread-13"                  daemon [_thread_in_native, id=23004, stack(0x0000003143700000,0x0000003143800000) (1024K)]
  0x00000202d77a7f20 JavaThread "Thread-14"                  daemon [_thread_in_native, id=18240, stack(0x0000003143800000,0x0000003143900000) (1024K)]
  0x00000202d77a4aa0 JavaThread "pool-2-thread-1"                   [_thread_blocked, id=6788, stack(0x0000003143900000,0x0000003143a00000) (1024K)]
  0x00000202d77a92d0 JavaThread "WorkspaceEventsHandler"            [_thread_blocked, id=12204, stack(0x0000003143b00000,0x0000003143c00000) (1024K)]
  0x00000202d77a85b0 JavaThread "pool-1-thread-1"                   [_thread_in_Java, id=17360, stack(0x0000003143c00000,0x0000003143d00000) (1024K)]
  0x00000202d77a9960 JavaThread "ForkJoinPool.commonPool-worker-1" daemon [_thread_blocked, id=20184, stack(0x0000003142800000,0x0000003142900000) (1024K)]
  0x00000202d77a9ff0 JavaThread "ForkJoinPool.commonPool-worker-2" daemon [_thread_blocked, id=23536, stack(0x0000003143a00000,0x0000003143b00000) (1024K)]
  0x00000202d77aa680 JavaThread "ForkJoinPool.commonPool-worker-3" daemon [_thread_blocked, id=19480, stack(0x0000003143f00000,0x0000003144000000) (1024K)]
  0x00000202d8f010d0 JavaThread "ForkJoinPool.commonPool-worker-4" daemon [_thread_blocked, id=18884, stack(0x0000003144000000,0x0000003144100000) (1024K)]
  0x00000202d8f01760 JavaThread "ForkJoinPool.commonPool-worker-5" daemon [_thread_blocked, id=1764, stack(0x0000003144100000,0x0000003144200000) (1024K)]
  0x00000202d8eff000 JavaThread "ForkJoinPool.commonPool-worker-6" daemon [_thread_blocked, id=3472, stack(0x0000003144200000,0x0000003144300000) (1024K)]
  0x00000202d8f00a40 JavaThread "ForkJoinPool.commonPool-worker-7" daemon [_thread_blocked, id=18120, stack(0x0000003144300000,0x0000003144400000) (1024K)]
  0x00000202d8f01df0 JavaThread "ForkJoinPool.commonPool-worker-8" daemon [_thread_blocked, id=23456, stack(0x0000003144400000,0x0000003144500000) (1024K)]
  0x00000202d8effd20 JavaThread "ForkJoinPool.commonPool-worker-9" daemon [_thread_blocked, id=21832, stack(0x0000003144500000,0x0000003144600000) (1024K)]
  0x00000202d8f003b0 JavaThread "ForkJoinPool.commonPool-worker-10" daemon [_thread_blocked, id=4228, stack(0x0000003144600000,0x0000003144700000) (1024K)]
  0x00000202d8f02480 JavaThread "ForkJoinPool.commonPool-worker-11" daemon [_thread_blocked, id=8960, stack(0x0000003144700000,0x0000003144800000) (1024K)]
  0x00000202d8d6fcd0 JavaThread "C2 CompilerThread1"         daemon [_thread_in_native, id=6084, stack(0x0000003140300000,0x0000003140400000) (1024K)]
  0x00000202d63da9e0 JavaThread "Worker-4: Publish Diagnostics"        [_thread_in_Java, id=9044, stack(0x0000003143e00000,0x0000003143f00000) (1024K)]
  0x00000202d63de4f0 JavaThread "LocalFile Deleter"          daemon [_thread_blocked, id=11096, stack(0x0000003144900000,0x0000003144a00000) (1024K)]
  0x00000202d63dbd90 JavaThread "LocalFile Deleter"          daemon [_thread_blocked, id=3060, stack(0x0000003144a00000,0x0000003144b00000) (1024K)]
  0x00000202d63dde60 JavaThread "LocalFile Deleter"          daemon [_thread_blocked, id=6748, stack(0x0000003144b00000,0x0000003144c00000) (1024K)]
  0x00000202d63dc420 JavaThread "LocalFile Deleter"          daemon [_thread_blocked, id=16820, stack(0x0000003144c00000,0x0000003144d00000) (1024K)]
  0x00000202d63db070 JavaThread "LocalFile Deleter"          daemon [_thread_blocked, id=11984, stack(0x0000003144d00000,0x0000003144e00000) (1024K)]
  0x00000202d63deb80 JavaThread "LocalFile Deleter"          daemon [_thread_blocked, id=6576, stack(0x0000003144e00000,0x0000003144f00000) (1024K)]
  0x00000202d63db700 JavaThread "LocalFile Deleter"          daemon [_thread_blocked, id=13320, stack(0x0000003144f00000,0x0000003145000000) (1024K)]
  0x00000202d63dff30 JavaThread "Compiler Source File Reader" daemon [_thread_blocked, id=16824, stack(0x0000003145000000,0x0000003145100000) (1024K)]
  0x00000202d63dcab0 JavaThread "Compiler Source File Reader" daemon [_thread_blocked, id=22980, stack(0x0000003145100000,0x0000003145200000) (1024K)]
  0x00000202d63e05c0 JavaThread "Compiler Source File Reader" daemon [_thread_blocked, id=6556, stack(0x0000003145200000,0x0000003145300000) (1024K)]
  0x00000202d63df8a0 JavaThread "Compiler Source File Reader" daemon [_thread_blocked, id=2908, stack(0x0000003145300000,0x0000003145400000) (1024K)]
  0x00000202d63e1970 JavaThread "Compiler Source File Reader" daemon [_thread_blocked, id=6956, stack(0x0000003145400000,0x0000003145500000) (1024K)]
  0x00000202d63e0c50 JavaThread "Compiler Source File Reader" daemon [_thread_blocked, id=10180, stack(0x0000003145500000,0x0000003145600000) (1024K)]
  0x00000202d63e12e0 JavaThread "Compiler Source File Reader" daemon [_thread_blocked, id=14816, stack(0x0000003145600000,0x0000003145700000) (1024K)]
  0x00000202d63df210 JavaThread "Compiler Source File Reader" daemon [_thread_blocked, id=14560, stack(0x0000003145700000,0x0000003145800000) (1024K)]
  0x00000202d77a8c40 JavaThread "Compiler Source File Reader" daemon [_thread_blocked, id=17344, stack(0x0000003145800000,0x0000003145900000) (1024K)]
  0x00000202d8eff690 JavaThread "Compiler Source File Reader" daemon [_thread_blocked, id=6704, stack(0x0000003145900000,0x0000003145a00000) (1024K)]
  0x00000202d6649f20 JavaThread "C2 CompilerThread2"         daemon [_thread_in_native, id=11888, stack(0x0000003144800000,0x0000003144900000) (1024K)]
  0x00000202d878d880 JavaThread "Compiler Processing Task"   daemon [_thread_in_Java, id=13332, stack(0x0000003145a00000,0x0000003145b00000) (1024K)]
  0x00000202d878ec30 JavaThread "Compiler Class File Writer" daemon [_thread_blocked, id=12156, stack(0x0000003145b00000,0x0000003145c00000) (1024K)]
  0x00000202d878c4d0 JavaThread "Compiler Class File Writer" daemon [_thread_blocked, id=11348, stack(0x0000003145c00000,0x0000003145d00000) (1024K)]
  0x00000202d878e5a0 JavaThread "Compiler Class File Writer" daemon [_thread_in_native, id=20036, stack(0x0000003145d00000,0x0000003145e00000) (1024K)]
  0x00000202d878f2c0 JavaThread "Compiler Class File Writer" daemon [_thread_blocked, id=14260, stack(0x0000003145e00000,0x0000003145f00000) (1024K)]
  0x00000202d8792740 JavaThread "Compiler Class File Writer" daemon [_thread_blocked, id=1896, stack(0x0000003145f00000,0x0000003146000000) (1024K)]
  0x00000202d878f950 JavaThread "Compiler Class File Writer" daemon [_thread_blocked, id=14964, stack(0x0000003146000000,0x0000003146100000) (1024K)]
  0x00000202d8790d00 JavaThread "Compiler Class File Writer" daemon [_thread_blocked, id=11168, stack(0x0000003146100000,0x0000003146200000) (1024K)]
  0x00000202d8792dd0 JavaThread "Compiler Class File Writer" daemon [_thread_blocked, id=23128, stack(0x0000003146200000,0x0000003146300000) (1024K)]
  0x00000202d8793460 JavaThread "Compiler Class File Writer" daemon [_thread_blocked, id=21192, stack(0x0000003146300000,0x0000003146400000) (1024K)]
  0x00000202d8790670 JavaThread "Compiler Class File Writer" daemon [_thread_blocked, id=10408, stack(0x0000003146400000,0x0000003146500000) (1024K)]
Total: 82

Other Threads:
  0x00000202f75dabe0 VMThread "VM Thread"                           [id=11892, stack(0x0000003140800000,0x0000003140900000) (1024K)]
  0x00000202feeaca00 WatcherThread "VM Periodic Task Thread"        [id=6028, stack(0x0000003140700000,0x0000003140800000) (1024K)]
  0x00000202f755cfe0 WorkerThread "GC Thread#0"                     [id=13948, stack(0x0000003140600000,0x0000003140700000) (1024K)]
  0x00000202d15f97f0 WorkerThread "GC Thread#1"                     [id=15412, stack(0x0000003141500000,0x0000003141600000) (1024K)]
  0x00000202d179f890 WorkerThread "GC Thread#2"                     [id=11024, stack(0x0000003141600000,0x0000003141700000) (1024K)]
  0x00000202d179fc30 WorkerThread "GC Thread#3"                     [id=2468, stack(0x0000003141700000,0x0000003141800000) (1024K)]
  0x00000202d179ffd0 WorkerThread "GC Thread#4"                     [id=18704, stack(0x0000003141800000,0x0000003141900000) (1024K)]
  0x00000202d17a0370 WorkerThread "GC Thread#5"                     [id=21184, stack(0x0000003141900000,0x0000003141a00000) (1024K)]
  0x00000202d17a0f20 WorkerThread "GC Thread#6"                     [id=6764, stack(0x0000003141a00000,0x0000003141b00000) (1024K)]
  0x00000202d18351b0 WorkerThread "GC Thread#7"                     [id=5904, stack(0x0000003141300000,0x0000003141400000) (1024K)]
  0x00000202d0476190 WorkerThread "GC Thread#8"                     [id=11320, stack(0x0000003141f00000,0x0000003142000000) (1024K)]
  0x00000202d0477750 WorkerThread "GC Thread#9"                     [id=5012, stack(0x0000003142000000,0x0000003142100000) (1024K)]
Total: 12

Threads with active compile tasks:
C2 CompilerThread0  71391 10723       4       lombok.core.AST::buildWithField (21 bytes)
C2 CompilerThread1  71391 10737       4       org.eclipse.jdt.internal.compiler.lookup.BinaryTypeBinding::createMethod (1666 bytes)
C2 CompilerThread2  71391 10793   !   4       org.eclipse.jdt.internal.core.JarPackageFragmentRoot::computeChildren (605 bytes)
Total: 3

VM state: not at safepoint (normal execution)

VM Mutex/Monitor currently owned by a thread: None

Heap address: 0x0000000080000000, size: 2048 MB, Compressed Oops mode: 32-bit

CDS archive(s) mapped at: [0x000002028f000000-0x000002028fba0000-0x000002028fba0000), size 12189696, SharedBaseAddress: 0x000002028f000000, ArchiveRelocationMode: 1.
Compressed class space mapped at: 0x0000020290000000-0x00000202d0000000, reserved size: 1073741824
Narrow klass base: 0x000002028f000000, Narrow klass shift: 0, Narrow klass range: 0x100000000

GC Precious Log:
 CardTable entry size: 512
 CPUs: 12 total, 12 available
 Memory: 16087M
 Large Page Support: Disabled
 NUMA Support: Disabled
 Compressed Oops: Enabled (32-bit)
 Alignments: Space 512K, Generation 512K, Heap 2M
 Heap Min Capacity: 100M
 Heap Initial Capacity: 100M
 Heap Max Capacity: 2G
 Pre-touch: Disabled
 Parallel Workers: 10

Heap:
 PSYoungGen      total 18432K, used 15892K [0x00000000d5580000, 0x00000000d6880000, 0x0000000100000000)
  eden space 17408K, 87% used [0x00000000d5580000,0x00000000d6455210,0x00000000d6680000)
  from space 1024K, 68% used [0x00000000d6780000,0x00000000d6830000,0x00000000d6880000)
  to   space 1024K, 0% used [0x00000000d6680000,0x00000000d6680000,0x00000000d6780000)
 ParOldGen       total 80384K, used 79658K [0x0000000080000000, 0x0000000084e80000, 0x00000000d5580000)
  object space 80384K, 99% used [0x0000000080000000,0x0000000084dcaa18,0x0000000084e80000)
 Metaspace       used 65787K, committed 67200K, reserved 1114112K
  class space    used 6909K, committed 7488K, reserved 1048576K

Card table byte_map: [0x00000202f6ed0000,0x00000202f72e0000] _byte_map_base: 0x00000202f6ad0000

Marking Bits: (ParMarkBitMap*) 0x00007ffc709ba340
 Begin Bits: [0x00000202fa9d0000, 0x00000202fc9d0000)
 End Bits:   [0x00000202fc9d0000, 0x00000202fe9d0000)

Polling page: 0x00000202f5710000

Metaspace:

Usage:
  Non-class:     57.50 MB used.
      Class:      6.75 MB used.
       Both:     64.25 MB used.

Virtual space:
  Non-class space:       64.00 MB reserved,      58.31 MB ( 91%) committed,  1 nodes.
      Class space:        1.00 GB reserved,       7.31 MB ( <1%) committed,  1 nodes.
             Both:        1.06 GB reserved,      65.62 MB (  6%) committed. 

Chunk freelists:
   Non-Class:  5.14 MB
       Class:  8.70 MB
        Both:  13.84 MB

MaxMetaspaceSize: unlimited
CompressedClassSpaceSize: 1.00 GB
Initial GC threshold: 21.00 MB
Current GC threshold: 97.31 MB
CDS: on
 - commit_granule_bytes: 65536.
 - commit_granule_words: 8192.
 - virtual_space_node_default_size: 8388608.
 - enlarge_chunks_in_place: 1.
 - use_allocation_guard: 0.


Internal statistics:

num_allocs_failed_limit: 9.
num_arena_births: 1066.
num_arena_deaths: 38.
num_vsnodes_births: 2.
num_vsnodes_deaths: 0.
num_space_committed: 1050.
num_space_uncommitted: 0.
num_chunks_returned_to_freelist: 55.
num_chunks_taken_from_freelist: 3804.
num_chunk_merges: 16.
num_chunk_splits: 2427.
num_chunks_enlarged: 1512.
num_inconsistent_stats: 0.

CodeHeap 'non-profiled nmethods': size=120000Kb used=8885Kb max_used=8885Kb free=111115Kb
 bounds [0x0000020287ad0000, 0x0000020288380000, 0x000002028f000000]
CodeHeap 'profiled nmethods': size=120000Kb used=24598Kb max_used=24598Kb free=95401Kb
 bounds [0x0000020280000000, 0x0000020281810000, 0x0000020287530000]
CodeHeap 'non-nmethods': size=5760Kb used=1464Kb max_used=1534Kb free=4295Kb
 bounds [0x0000020287530000, 0x00000202877a0000, 0x0000020287ad0000]
CodeCache: size=245760Kb, used=34947Kb, max_used=35017Kb, free=210811Kb
 total_blobs=10922, nmethods=10141, adapters=686, full_count=0
Compilation: enabled, stopped_count=0, restarted_count=0

Compilation events (20 events):
Event: 71.362 Thread 0x00000202d036f4e0 10921       3       org.eclipse.jdt.internal.core.util.WeakHashSet::rehash (90 bytes)
Event: 71.362 Thread 0x00000202d036f4e0 nmethod 10921 0x00000202817e5110 code [0x00000202817e52e0, 0x00000202817e5650]
Event: 71.362 Thread 0x00000202d036f4e0 10923       3       org.eclipse.jdt.internal.compiler.lookup.Scope::validateNullAnnotation (114 bytes)
Event: 71.363 Thread 0x00000202d036f4e0 nmethod 10923 0x00000202817e5810 code [0x00000202817e5a40, 0x00000202817e6190]
Event: 71.363 Thread 0x00000202d036f4e0 10924       3       org.eclipse.jdt.internal.compiler.lookup.Scope::isSubtypeOfRawType (337 bytes)
Event: 71.363 Thread 0x00000202d036f4e0 nmethod 10924 0x00000202817e6490 code [0x00000202817e67e0, 0x00000202817e8290]
Event: 71.364 Thread 0x00000202d036f4e0 10925       3       java.nio.file.Files::newByteChannel (36 bytes)
Event: 71.364 Thread 0x00000202d036f4e0 nmethod 10925 0x00000202817e8b10 code [0x00000202817e8d60, 0x00000202817e96b0]
Event: 71.364 Thread 0x00000202d036f4e0 10926       3       java.nio.file.Files::newByteChannel (11 bytes)
Event: 71.364 Thread 0x00000202d036f4e0 nmethod 10926 0x00000202817e9a10 code [0x00000202817e9be0, 0x00000202817e9fa0]
Event: 71.364 Thread 0x00000202d036f4e0 10928       3       org.eclipse.jdt.internal.compiler.classfmt.ClassFileReader::isAnonymous (30 bytes)
Event: 71.364 Thread 0x00000202d036f4e0 nmethod 10928 0x00000202817ea110 code [0x00000202817ea2e0, 0x00000202817ea530]
Event: 71.365 Thread 0x00000202d036f4e0 10929       3       org.eclipse.jdt.internal.compiler.lookup.SignatureWrapper::atEnd (23 bytes)
Event: 71.366 Thread 0x00000202d036f4e0 nmethod 10929 0x00000202817ea610 code [0x00000202817ea7c0, 0x00000202817ea968]
Event: 71.366 Thread 0x00000202d036f4e0 10930       3       org.eclipse.jdt.internal.compiler.lookup.BinaryTypeBinding$ExternalAnnotationStatus::isPotentiallyUnannotatedLib (44 bytes)
Event: 71.366 Thread 0x00000202d036f4e0 nmethod 10930 0x00000202817eaa10 code [0x00000202817eabc0, 0x00000202817eadf0]
Event: 71.366 Thread 0x00000202d036f4e0 10931   !   3       org.eclipse.jdt.internal.compiler.lookup.BinaryTypeBinding$ExternalAnnotationStatus::$SWITCH_TABLE$org$eclipse$jdt$internal$compiler$lookup$BinaryTypeBinding$ExternalAnnotationStatus (74 bytes)
Event: 71.366 Thread 0x00000202d036f4e0 nmethod 10931 0x00000202817eaf10 code [0x00000202817eb0e0, 0x00000202817eb4f0]
Event: 71.366 Thread 0x00000202d036f4e0 10932       3       java.util.TimSort::mergeAt (358 bytes)
Event: 71.367 Thread 0x00000202d036f4e0 nmethod 10932 0x00000202817eb690 code [0x00000202817eb8c0, 0x00000202817ebea8]

GC Heap History (20 events):
Event: 71.187 GC heap before
{Heap before GC invocations=130 (full 3):
 PSYoungGen      total 18432K, used 18097K [0x00000000d5580000, 0x00000000d6880000, 0x0000000100000000)
  eden space 17408K, 100% used [0x00000000d5580000,0x00000000d6680000,0x00000000d6680000)
  from space 1024K, 67% used [0x00000000d6780000,0x00000000d682c400,0x00000000d6880000)
  to   space 1024K, 0% used [0x00000000d6680000,0x00000000d6680000,0x00000000d6780000)
 ParOldGen       total 75264K, used 74936K [0x0000000080000000, 0x0000000084980000, 0x00000000d5580000)
  object space 75264K, 99% used [0x0000000080000000,0x000000008492e010,0x0000000084980000)
 Metaspace       used 65314K, committed 66752K, reserved 1114112K
  class space    used 6895K, committed 7488K, reserved 1048576K
}
Event: 71.188 GC heap after
{Heap after GC invocations=130 (full 3):
 PSYoungGen      total 18432K, used 720K [0x00000000d5580000, 0x00000000d6880000, 0x0000000100000000)
  eden space 17408K, 0% used [0x00000000d5580000,0x00000000d5580000,0x00000000d6680000)
  from space 1024K, 70% used [0x00000000d6680000,0x00000000d6734010,0x00000000d6780000)
  to   space 1024K, 0% used [0x00000000d6780000,0x00000000d6780000,0x00000000d6880000)
 ParOldGen       total 75776K, used 75385K [0x0000000080000000, 0x0000000084a00000, 0x00000000d5580000)
  object space 75776K, 99% used [0x0000000080000000,0x000000008499e420,0x0000000084a00000)
 Metaspace       used 65314K, committed 66752K, reserved 1114112K
  class space    used 6895K, committed 7488K, reserved 1048576K
}
Event: 71.201 GC heap before
{Heap before GC invocations=131 (full 3):
 PSYoungGen      total 18432K, used 18128K [0x00000000d5580000, 0x00000000d6880000, 0x0000000100000000)
  eden space 17408K, 100% used [0x00000000d5580000,0x00000000d6680000,0x00000000d6680000)
  from space 1024K, 70% used [0x00000000d6680000,0x00000000d6734010,0x00000000d6780000)
  to   space 1024K, 0% used [0x00000000d6780000,0x00000000d6780000,0x00000000d6880000)
 ParOldGen       total 75776K, used 75385K [0x0000000080000000, 0x0000000084a00000, 0x00000000d5580000)
  object space 75776K, 99% used [0x0000000080000000,0x000000008499e420,0x0000000084a00000)
 Metaspace       used 65335K, committed 66816K, reserved 1114112K
  class space    used 6896K, committed 7488K, reserved 1048576K
}
Event: 71.203 GC heap after
{Heap after GC invocations=131 (full 3):
 PSYoungGen      total 18432K, used 768K [0x00000000d5580000, 0x00000000d6880000, 0x0000000100000000)
  eden space 17408K, 0% used [0x00000000d5580000,0x00000000d5580000,0x00000000d6680000)
  from space 1024K, 75% used [0x00000000d6780000,0x00000000d6840000,0x00000000d6880000)
  to   space 1024K, 0% used [0x00000000d6680000,0x00000000d6680000,0x00000000d6780000)
 ParOldGen       total 76288K, used 75938K [0x0000000080000000, 0x0000000084a80000, 0x00000000d5580000)
  object space 76288K, 99% used [0x0000000080000000,0x0000000084a28890,0x0000000084a80000)
 Metaspace       used 65335K, committed 66816K, reserved 1114112K
  class space    used 6896K, committed 7488K, reserved 1048576K
}
Event: 71.219 GC heap before
{Heap before GC invocations=132 (full 3):
 PSYoungGen      total 18432K, used 18176K [0x00000000d5580000, 0x00000000d6880000, 0x0000000100000000)
  eden space 17408K, 100% used [0x00000000d5580000,0x00000000d6680000,0x00000000d6680000)
  from space 1024K, 75% used [0x00000000d6780000,0x00000000d6840000,0x00000000d6880000)
  to   space 1024K, 0% used [0x00000000d6680000,0x00000000d6680000,0x00000000d6780000)
 ParOldGen       total 76288K, used 75938K [0x0000000080000000, 0x0000000084a80000, 0x00000000d5580000)
  object space 76288K, 99% used [0x0000000080000000,0x0000000084a28890,0x0000000084a80000)
 Metaspace       used 65402K, committed 66880K, reserved 1114112K
  class space    used 6896K, committed 7488K, reserved 1048576K
}
Event: 71.220 GC heap after
{Heap after GC invocations=132 (full 3):
 PSYoungGen      total 18432K, used 704K [0x00000000d5580000, 0x00000000d6880000, 0x0000000100000000)
  eden space 17408K, 0% used [0x00000000d5580000,0x00000000d5580000,0x00000000d6680000)
  from space 1024K, 68% used [0x00000000d6680000,0x00000000d6730000,0x00000000d6780000)
  to   space 1024K, 0% used [0x00000000d6780000,0x00000000d6780000,0x00000000d6880000)
 ParOldGen       total 76800K, used 76431K [0x0000000080000000, 0x0000000084b00000, 0x00000000d5580000)
  object space 76800K, 99% used [0x0000000080000000,0x0000000084aa3de0,0x0000000084b00000)
 Metaspace       used 65402K, committed 66880K, reserved 1114112K
  class space    used 6896K, committed 7488K, reserved 1048576K
}
Event: 71.239 GC heap before
{Heap before GC invocations=133 (full 3):
 PSYoungGen      total 18432K, used 18112K [0x00000000d5580000, 0x00000000d6880000, 0x0000000100000000)
  eden space 17408K, 100% used [0x00000000d5580000,0x00000000d6680000,0x00000000d6680000)
  from space 1024K, 68% used [0x00000000d6680000,0x00000000d6730000,0x00000000d6780000)
  to   space 1024K, 0% used [0x00000000d6780000,0x00000000d6780000,0x00000000d6880000)
 ParOldGen       total 76800K, used 76431K [0x0000000080000000, 0x0000000084b00000, 0x00000000d5580000)
  object space 76800K, 99% used [0x0000000080000000,0x0000000084aa3de0,0x0000000084b00000)
 Metaspace       used 65450K, committed 66880K, reserved 1114112K
  class space    used 6898K, committed 7488K, reserved 1048576K
}
Event: 71.240 GC heap after
{Heap after GC invocations=133 (full 3):
 PSYoungGen      total 18432K, used 640K [0x00000000d5580000, 0x00000000d6880000, 0x0000000100000000)
  eden space 17408K, 0% used [0x00000000d5580000,0x00000000d5580000,0x00000000d6680000)
  from space 1024K, 62% used [0x00000000d6780000,0x00000000d6820000,0x00000000d6880000)
  to   space 1024K, 0% used [0x00000000d6680000,0x00000000d6680000,0x00000000d6780000)
 ParOldGen       total 76800K, used 76725K [0x0000000080000000, 0x0000000084b00000, 0x00000000d5580000)
  object space 76800K, 99% used [0x0000000080000000,0x0000000084aed490,0x0000000084b00000)
 Metaspace       used 65450K, committed 66880K, reserved 1114112K
  class space    used 6898K, committed 7488K, reserved 1048576K
}
Event: 71.259 GC heap before
{Heap before GC invocations=134 (full 3):
 PSYoungGen      total 18432K, used 18048K [0x00000000d5580000, 0x00000000d6880000, 0x0000000100000000)
  eden space 17408K, 100% used [0x00000000d5580000,0x00000000d6680000,0x00000000d6680000)
  from space 1024K, 62% used [0x00000000d6780000,0x00000000d6820000,0x00000000d6880000)
  to   space 1024K, 0% used [0x00000000d6680000,0x00000000d6680000,0x00000000d6780000)
 ParOldGen       total 76800K, used 76725K [0x0000000080000000, 0x0000000084b00000, 0x00000000d5580000)
  object space 76800K, 99% used [0x0000000080000000,0x0000000084aed490,0x0000000084b00000)
 Metaspace       used 65527K, committed 66944K, reserved 1114112K
  class space    used 6903K, committed 7488K, reserved 1048576K
}
Event: 71.260 GC heap after
{Heap after GC invocations=134 (full 3):
 PSYoungGen      total 18432K, used 480K [0x00000000d5580000, 0x00000000d6880000, 0x0000000100000000)
  eden space 17408K, 0% used [0x00000000d5580000,0x00000000d5580000,0x00000000d6680000)
  from space 1024K, 46% used [0x00000000d6680000,0x00000000d66f8000,0x00000000d6780000)
  to   space 1024K, 0% used [0x00000000d6780000,0x00000000d6780000,0x00000000d6880000)
 ParOldGen       total 77312K, used 77085K [0x0000000080000000, 0x0000000084b80000, 0x00000000d5580000)
  object space 77312K, 99% used [0x0000000080000000,0x0000000084b474b0,0x0000000084b80000)
 Metaspace       used 65527K, committed 66944K, reserved 1114112K
  class space    used 6903K, committed 7488K, reserved 1048576K
}
Event: 71.277 GC heap before
{Heap before GC invocations=135 (full 3):
 PSYoungGen      total 18432K, used 17888K [0x00000000d5580000, 0x00000000d6880000, 0x0000000100000000)
  eden space 17408K, 100% used [0x00000000d5580000,0x00000000d6680000,0x00000000d6680000)
  from space 1024K, 46% used [0x00000000d6680000,0x00000000d66f8000,0x00000000d6780000)
  to   space 1024K, 0% used [0x00000000d6780000,0x00000000d6780000,0x00000000d6880000)
 ParOldGen       total 77312K, used 77085K [0x0000000080000000, 0x0000000084b80000, 0x00000000d5580000)
  object space 77312K, 99% used [0x0000000080000000,0x0000000084b474b0,0x0000000084b80000)
 Metaspace       used 65601K, committed 67008K, reserved 1114112K
  class space    used 6903K, committed 7488K, reserved 1048576K
}
Event: 71.278 GC heap after
{Heap after GC invocations=135 (full 3):
 PSYoungGen      total 18432K, used 736K [0x00000000d5580000, 0x00000000d6880000, 0x0000000100000000)
  eden space 17408K, 0% used [0x00000000d5580000,0x00000000d5580000,0x00000000d6680000)
  from space 1024K, 71% used [0x00000000d6780000,0x00000000d6838000,0x00000000d6880000)
  to   space 1024K, 0% used [0x00000000d6680000,0x00000000d6680000,0x00000000d6780000)
 ParOldGen       total 77824K, used 77405K [0x0000000080000000, 0x0000000084c00000, 0x00000000d5580000)
  object space 77824K, 99% used [0x0000000080000000,0x0000000084b974b0,0x0000000084c00000)
 Metaspace       used 65601K, committed 67008K, reserved 1114112K
  class space    used 6903K, committed 7488K, reserved 1048576K
}
Event: 71.298 GC heap before
{Heap before GC invocations=136 (full 3):
 PSYoungGen      total 18432K, used 18144K [0x00000000d5580000, 0x00000000d6880000, 0x0000000100000000)
  eden space 17408K, 100% used [0x00000000d5580000,0x00000000d6680000,0x00000000d6680000)
  from space 1024K, 71% used [0x00000000d6780000,0x00000000d6838000,0x00000000d6880000)
  to   space 1024K, 0% used [0x00000000d6680000,0x00000000d6680000,0x00000000d6780000)
 ParOldGen       total 77824K, used 77405K [0x0000000080000000, 0x0000000084c00000, 0x00000000d5580000)
  object space 77824K, 99% used [0x0000000080000000,0x0000000084b974b0,0x0000000084c00000)
 Metaspace       used 65644K, committed 67072K, reserved 1114112K
  class space    used 6904K, committed 7488K, reserved 1048576K
}
Event: 71.298 GC heap after
{Heap after GC invocations=136 (full 3):
 PSYoungGen      total 18432K, used 672K [0x00000000d5580000, 0x00000000d6880000, 0x0000000100000000)
  eden space 17408K, 0% used [0x00000000d5580000,0x00000000d5580000,0x00000000d6680000)
  from space 1024K, 65% used [0x00000000d6680000,0x00000000d6728000,0x00000000d6780000)
  to   space 1024K, 0% used [0x00000000d6780000,0x00000000d6780000,0x00000000d6880000)
 ParOldGen       total 77824K, used 77737K [0x0000000080000000, 0x0000000084c00000, 0x00000000d5580000)
  object space 77824K, 99% used [0x0000000080000000,0x0000000084bea4c0,0x0000000084c00000)
 Metaspace       used 65644K, committed 67072K, reserved 1114112K
  class space    used 6904K, committed 7488K, reserved 1048576K
}
Event: 71.319 GC heap before
{Heap before GC invocations=137 (full 3):
 PSYoungGen      total 18432K, used 18080K [0x00000000d5580000, 0x00000000d6880000, 0x0000000100000000)
  eden space 17408K, 100% used [0x00000000d5580000,0x00000000d6680000,0x00000000d6680000)
  from space 1024K, 65% used [0x00000000d6680000,0x00000000d6728000,0x00000000d6780000)
  to   space 1024K, 0% used [0x00000000d6780000,0x00000000d6780000,0x00000000d6880000)
 ParOldGen       total 77824K, used 77737K [0x0000000080000000, 0x0000000084c00000, 0x00000000d5580000)
  object space 77824K, 99% used [0x0000000080000000,0x0000000084bea4c0,0x0000000084c00000)
 Metaspace       used 65678K, committed 67136K, reserved 1114112K
  class space    used 6904K, committed 7488K, reserved 1048576K
}
Event: 71.320 GC heap after
{Heap after GC invocations=137 (full 3):
 PSYoungGen      total 18432K, used 656K [0x00000000d5580000, 0x00000000d6880000, 0x0000000100000000)
  eden space 17408K, 0% used [0x00000000d5580000,0x00000000d5580000,0x00000000d6680000)
  from space 1024K, 64% used [0x00000000d6780000,0x00000000d6824010,0x00000000d6880000)
  to   space 1024K, 0% used [0x00000000d6680000,0x00000000d6680000,0x00000000d6780000)
 ParOldGen       total 78336K, used 78049K [0x0000000080000000, 0x0000000084c80000, 0x00000000d5580000)
  object space 78336K, 99% used [0x0000000080000000,0x0000000084c384e0,0x0000000084c80000)
 Metaspace       used 65678K, committed 67136K, reserved 1114112K
  class space    used 6904K, committed 7488K, reserved 1048576K
}
Event: 71.342 GC heap before
{Heap before GC invocations=138 (full 3):
 PSYoungGen      total 18432K, used 18064K [0x00000000d5580000, 0x00000000d6880000, 0x0000000100000000)
  eden space 17408K, 100% used [0x00000000d5580000,0x00000000d6680000,0x00000000d6680000)
  from space 1024K, 64% used [0x00000000d6780000,0x00000000d6824010,0x00000000d6880000)
  to   space 1024K, 0% used [0x00000000d6680000,0x00000000d6680000,0x00000000d6780000)
 ParOldGen       total 78336K, used 78049K [0x0000000080000000, 0x0000000084c80000, 0x00000000d5580000)
  object space 78336K, 99% used [0x0000000080000000,0x0000000084c384e0,0x0000000084c80000)
 Metaspace       used 65729K, committed 67136K, reserved 1114112K
  class space    used 6908K, committed 7488K, reserved 1048576K
}
Event: 71.343 GC heap after
{Heap after GC invocations=138 (full 3):
 PSYoungGen      total 18432K, used 576K [0x00000000d5580000, 0x00000000d6880000, 0x0000000100000000)
  eden space 17408K, 0% used [0x00000000d5580000,0x00000000d5580000,0x00000000d6680000)
  from space 1024K, 56% used [0x00000000d6680000,0x00000000d6710000,0x00000000d6780000)
  to   space 1024K, 0% used [0x00000000d6780000,0x00000000d6780000,0x00000000d6880000)
 ParOldGen       total 78848K, used 78465K [0x0000000080000000, 0x0000000084d00000, 0x00000000d5580000)
  object space 78848K, 99% used [0x0000000080000000,0x0000000084ca0500,0x0000000084d00000)
 Metaspace       used 65729K, committed 67136K, reserved 1114112K
  class space    used 6908K, committed 7488K, reserved 1048576K
}
Event: 71.368 GC heap before
{Heap before GC invocations=139 (full 3):
 PSYoungGen      total 18432K, used 17984K [0x00000000d5580000, 0x00000000d6880000, 0x0000000100000000)
  eden space 17408K, 100% used [0x00000000d5580000,0x00000000d6680000,0x00000000d6680000)
  from space 1024K, 56% used [0x00000000d6680000,0x00000000d6710000,0x00000000d6780000)
  to   space 1024K, 0% used [0x00000000d6780000,0x00000000d6780000,0x00000000d6880000)
 ParOldGen       total 78848K, used 78465K [0x0000000080000000, 0x0000000084d00000, 0x00000000d5580000)
  object space 78848K, 99% used [0x0000000080000000,0x0000000084ca0500,0x0000000084d00000)
 Metaspace       used 65755K, committed 67200K, reserved 1114112K
  class space    used 6909K, committed 7488K, reserved 1048576K
}
Event: 71.370 GC heap after
{Heap after GC invocations=139 (full 3):
 PSYoungGen      total 18432K, used 704K [0x00000000d5580000, 0x00000000d6880000, 0x0000000100000000)
  eden space 17408K, 0% used [0x00000000d5580000,0x00000000d5580000,0x00000000d6680000)
  from space 1024K, 68% used [0x00000000d6780000,0x00000000d6830000,0x00000000d6880000)
  to   space 1024K, 0% used [0x00000000d6680000,0x00000000d6680000,0x00000000d6780000)
 ParOldGen       total 80384K, used 79658K [0x0000000080000000, 0x0000000084e80000, 0x00000000d5580000)
  object space 80384K, 99% used [0x0000000080000000,0x0000000084dcaa18,0x0000000084e80000)
 Metaspace       used 65755K, committed 67200K, reserved 1114112K
  class space    used 6909K, committed 7488K, reserved 1048576K
}

Dll operation events (12 events):
Event: 0.009 Loaded shared library c:\Users\MINH QUAN\.vscode\extensions\redhat.java-1.45.0-win32-x64\jre\21.0.8-win32-x86_64\bin\java.dll
Event: 0.057 Loaded shared library c:\Users\MINH QUAN\.vscode\extensions\redhat.java-1.45.0-win32-x64\jre\21.0.8-win32-x86_64\bin\zip.dll
Event: 0.096 Loaded shared library C:\Users\MINH QUAN\.vscode\extensions\redhat.java-1.45.0-win32-x64\jre\21.0.8-win32-x86_64\bin\instrument.dll
Event: 0.100 Loaded shared library C:\Users\MINH QUAN\.vscode\extensions\redhat.java-1.45.0-win32-x64\jre\21.0.8-win32-x86_64\bin\net.dll
Event: 0.103 Loaded shared library C:\Users\MINH QUAN\.vscode\extensions\redhat.java-1.45.0-win32-x64\jre\21.0.8-win32-x86_64\bin\nio.dll
Event: 0.105 Loaded shared library C:\Users\MINH QUAN\.vscode\extensions\redhat.java-1.45.0-win32-x64\jre\21.0.8-win32-x86_64\bin\zip.dll
Event: 0.149 Loaded shared library C:\Users\MINH QUAN\.vscode\extensions\redhat.java-1.45.0-win32-x64\jre\21.0.8-win32-x86_64\bin\jimage.dll
Event: 0.243 Loaded shared library c:\Users\MINH QUAN\.vscode\extensions\redhat.java-1.45.0-win32-x64\jre\21.0.8-win32-x86_64\bin\verify.dll
Event: 8.057 Loaded shared library C:\Users\MINH QUAN\AppData\Roaming\Code\User\globalStorage\redhat.java\1.45.0\config_win\org.eclipse.equinox.launcher\org.eclipse.equinox.launcher.win32.win32.x86_64_1.2.1400.v20250801-0854\eclipse_11916.dll
Event: 21.023 Loaded shared library C:\Users\MINH QUAN\AppData\Local\Temp\jna--701564006\jna17835924974458659729.dll
Event: 39.295 Loaded shared library C:\Users\MINH QUAN\.vscode\extensions\redhat.java-1.45.0-win32-x64\jre\21.0.8-win32-x86_64\bin\sunmscapi.dll
Event: 39.369 Loaded shared library C:\Users\MINH QUAN\.vscode\extensions\redhat.java-1.45.0-win32-x64\jre\21.0.8-win32-x86_64\bin\extnet.dll

Deoptimization events (20 events):
Event: 71.268 Thread 0x00000202d77a85b0 DEOPT PACKING pc=0x00000202813b606a sp=0x0000003143cfd9b0
Event: 71.268 Thread 0x00000202d77a85b0 DEOPT UNPACKING pc=0x0000020287584242 sp=0x0000003143cfcf78 mode 0
Event: 71.306 Thread 0x00000202d878d880 Uncommon trap: trap_request=0x00000d12 fr.pc=0x0000020288326778 relative=0x0000000000004278
Event: 71.306 Thread 0x00000202d878d880 Uncommon trap: reason=unloaded action=reinterpret pc=0x0000020288326778 method=org.eclipse.jdt.internal.compiler.parser.Parser.consumeRule(I)V @ 5198 c2
Event: 71.306 Thread 0x00000202d878d880 DEOPT PACKING pc=0x0000020288326778 sp=0x0000003145afec20
Event: 71.306 Thread 0x00000202d878d880 DEOPT UNPACKING pc=0x0000020287583aa2 sp=0x0000003145afeba0 mode 2
Event: 71.307 Thread 0x00000202d878d880 Uncommon trap: trap_request=0xffffff45 fr.pc=0x0000020288351f64 relative=0x0000000000000864
Event: 71.307 Thread 0x00000202d878d880 Uncommon trap: reason=unstable_if action=reinterpret pc=0x0000020288351f64 method=org.eclipse.jdt.internal.compiler.parser.Scanner.getNextToken0()Lorg/eclipse/jdt/internal/compiler/parser/TerminalToken; @ 1021 c2
Event: 71.307 Thread 0x00000202d878d880 DEOPT PACKING pc=0x0000020288351f64 sp=0x0000003145afeb70
Event: 71.307 Thread 0x00000202d878d880 DEOPT UNPACKING pc=0x0000020287583aa2 sp=0x0000003145afeab8 mode 2
Event: 71.311 Thread 0x00000202d77a85b0 DEOPT PACKING pc=0x00000202813b606a sp=0x0000003143cfd9b0
Event: 71.311 Thread 0x00000202d77a85b0 DEOPT UNPACKING pc=0x0000020287584242 sp=0x0000003143cfcf78 mode 0
Event: 71.333 Thread 0x00000202d878d880 Uncommon trap: trap_request=0xffffff45 fr.pc=0x000002028800b188 relative=0x00000000000000e8
Event: 71.333 Thread 0x00000202d878d880 Uncommon trap: reason=unstable_if action=reinterpret pc=0x000002028800b188 method=java.util.stream.SpinedBuffer.accept(Ljava/lang/Object;)V @ 9 c2
Event: 71.333 Thread 0x00000202d878d880 DEOPT PACKING pc=0x000002028800b188 sp=0x0000003145afe5d0
Event: 71.333 Thread 0x00000202d878d880 DEOPT UNPACKING pc=0x0000020287583aa2 sp=0x0000003145afe578 mode 2
Event: 71.357 Thread 0x00000202d878d880 DEOPT PACKING pc=0x000002028167b3cc sp=0x0000003145afe110
Event: 71.357 Thread 0x00000202d878d880 DEOPT UNPACKING pc=0x0000020287584242 sp=0x0000003145afd608 mode 0
Event: 71.361 Thread 0x00000202d63da9e0 DEOPT PACKING pc=0x00000202813b606a sp=0x0000003143efe780
Event: 71.361 Thread 0x00000202d63da9e0 DEOPT UNPACKING pc=0x0000020287584242 sp=0x0000003143efdd30 mode 0

Classes loaded (20 events):
Event: 69.779 Loading class java/nio/charset/CharacterCodingException
Event: 69.779 Loading class java/nio/charset/CharacterCodingException done
Event: 69.779 Loading class java/io/SequenceInputStream
Event: 69.780 Loading class java/io/SequenceInputStream done
Event: 69.783 Loading class java/util/zip/CheckedInputStream
Event: 69.783 Loading class java/util/zip/CheckedInputStream done
Event: 69.877 Loading class java/lang/invoke/MethodHandleImpl$CountingWrapper$1
Event: 69.877 Loading class java/lang/invoke/MethodHandleImpl$CountingWrapper$1 done
Event: 70.596 Loading class java/util/stream/ReduceOps$4
Event: 70.596 Loading class java/util/stream/ReduceOps$4 done
Event: 70.596 Loading class java/util/stream/ReduceOps$4ReducingSink
Event: 70.596 Loading class java/util/stream/ReduceOps$4ReducingSink done
Event: 70.598 Loading class java/nio/file/Files$2
Event: 70.598 Loading class java/nio/file/Files$2 done
Event: 70.714 Loading class java/util/concurrent/ArrayBlockingQueue
Event: 70.715 Loading class java/util/concurrent/ArrayBlockingQueue done
Event: 70.964 Loading class java/util/concurrent/ConcurrentHashMap$KeySpliterator
Event: 70.964 Loading class java/util/concurrent/ConcurrentHashMap$KeySpliterator done
Event: 71.333 Loading class java/lang/StringUTF16$LinesSpliterator
Event: 71.333 Loading class java/lang/StringUTF16$LinesSpliterator done

Classes unloaded (19 events):
Event: 21.711 Thread 0x00000202f75dabe0 Unloading class 0x00000202901ad000 'java/lang/invoke/LambdaForm$MH+0x00000202901ad000'
Event: 21.711 Thread 0x00000202f75dabe0 Unloading class 0x00000202901acc00 'java/lang/invoke/LambdaForm$MH+0x00000202901acc00'
Event: 21.711 Thread 0x00000202f75dabe0 Unloading class 0x00000202901ac800 'java/lang/invoke/LambdaForm$MH+0x00000202901ac800'
Event: 21.711 Thread 0x00000202f75dabe0 Unloading class 0x00000202901ac400 'java/lang/invoke/LambdaForm$MH+0x00000202901ac400'
Event: 21.711 Thread 0x00000202f75dabe0 Unloading class 0x00000202901ac000 'java/lang/invoke/LambdaForm$BMH+0x00000202901ac000'
Event: 21.711 Thread 0x00000202f75dabe0 Unloading class 0x00000202901abc00 'java/lang/invoke/LambdaForm$DMH+0x00000202901abc00'
Event: 21.711 Thread 0x00000202f75dabe0 Unloading class 0x00000202901aa800 'java/lang/invoke/LambdaForm$DMH+0x00000202901aa800'
Event: 23.780 Thread 0x00000202f75dabe0 Unloading class 0x000002029030d800 'java/lang/invoke/LambdaForm$MH+0x000002029030d800'
Event: 23.780 Thread 0x00000202f75dabe0 Unloading class 0x000002029030d000 'java/lang/invoke/LambdaForm$MH+0x000002029030d000'
Event: 23.780 Thread 0x00000202f75dabe0 Unloading class 0x000002029030c400 'java/lang/invoke/LambdaForm$MH+0x000002029030c400'
Event: 23.780 Thread 0x00000202f75dabe0 Unloading class 0x000002029030bc00 'java/lang/invoke/LambdaForm$MH+0x000002029030bc00'
Event: 23.780 Thread 0x00000202f75dabe0 Unloading class 0x000002029030b800 'java/lang/invoke/LambdaForm$DMH+0x000002029030b800'
Event: 23.780 Thread 0x00000202f75dabe0 Unloading class 0x000002029030ac00 'java/lang/invoke/LambdaForm$MH+0x000002029030ac00'
Event: 23.780 Thread 0x00000202f75dabe0 Unloading class 0x0000020290303400 'java/lang/invoke/LambdaForm$MH+0x0000020290303400'
Event: 23.780 Thread 0x00000202f75dabe0 Unloading class 0x0000020290302c00 'java/lang/invoke/LambdaForm$MH+0x0000020290302c00'
Event: 23.780 Thread 0x00000202f75dabe0 Unloading class 0x0000020290302400 'java/lang/invoke/LambdaForm$MH+0x0000020290302400'
Event: 23.780 Thread 0x00000202f75dabe0 Unloading class 0x0000020290301c00 'java/lang/invoke/LambdaForm$MH+0x0000020290301c00'
Event: 23.780 Thread 0x00000202f75dabe0 Unloading class 0x0000020290301400 'java/lang/invoke/LambdaForm$MH+0x0000020290301400'
Event: 23.780 Thread 0x00000202f75dabe0 Unloading class 0x0000020290301000 'java/lang/invoke/LambdaForm$MH+0x0000020290301000'

Classes redefined (0 events):
No events

Internal exceptions (20 events):
Event: 69.651 Thread 0x00000202d1573d10 Exception <a 'java/io/FileNotFoundException'{0x00000000d5ca0fd0}> (0x00000000d5ca0fd0) 
thrown [s\src\hotspot\share\prims\jni.cpp, line 520]
Event: 69.651 Thread 0x00000202d1573d10 Exception <a 'java/io/FileNotFoundException'{0x00000000d5ca2008}> (0x00000000d5ca2008) 
thrown [s\src\hotspot\share\prims\jni.cpp, line 520]
Event: 69.887 Thread 0x00000202d1573d10 Exception <a 'sun/nio/fs/WindowsException'{0x00000000d5ce52f0}> (0x00000000d5ce52f0) 
thrown [s\src\hotspot\share\prims\jni.cpp, line 520]
Event: 69.905 Thread 0x00000202d1573d10 Exception <a 'sun/nio/fs/WindowsException'{0x00000000d5f81038}> (0x00000000d5f81038) 
thrown [s\src\hotspot\share\prims\jni.cpp, line 520]
Event: 69.916 Thread 0x00000202d1573d10 Exception <a 'sun/nio/fs/WindowsException'{0x00000000d5f8a0f0}> (0x00000000d5f8a0f0) 
thrown [s\src\hotspot\share\prims\jni.cpp, line 520]
Event: 69.923 Thread 0x00000202d1573d10 Exception <a 'sun/nio/fs/WindowsException'{0x00000000d5f93b80}> (0x00000000d5f93b80) 
thrown [s\src\hotspot\share\prims\jni.cpp, line 520]
Event: 70.266 Thread 0x00000202d1575750 Exception <a 'java/lang/NoSuchMethodError'{0x00000000d5c0c6e0}: 'java.lang.Object java.lang.invoke.DirectMethodHandle$Holder.invokeSpecial(java.lang.Object, java.lang.Object, int, long)'> (0x00000000d5c0c6e0) 
thrown [s\src\hotspot\share\interpreter\linkResolver.cpp, line 773]
Event: 70.480 Thread 0x00000202d77a85b0 Implicit null exception at 0x0000020288205128 to 0x0000020288205a10
Event: 70.521 Thread 0x00000202d77a85b0 Implicit null exception at 0x0000020288250971 to 0x00000202882538f8
Event: 70.524 Thread 0x00000202d77a85b0 Implicit null exception at 0x000002028822ec4b to 0x000002028822f610
Event: 70.600 Thread 0x00000202d1573d10 Exception <a 'java/lang/NoSuchMethodError'{0x00000000d5f04c98}: 'int java.lang.invoke.DirectMethodHandle$Holder.invokeSpecialIFC(java.lang.Object, java.lang.Object, java.lang.Object)'> (0x00000000d5f04c98) 
thrown [s\src\hotspot\share\interpreter\linkResolver.cpp, line 773]
Event: 70.877 Thread 0x00000202d878d880 Exception <a 'java/lang/NoSuchMethodError'{0x00000000d5c901b0}: 'java.lang.Object java.lang.invoke.DirectMethodHandle$Holder.invokeStatic(java.lang.Object, java.lang.Object, int, java.lang.Object)'> (0x00000000d5c901b0) 
thrown [s\src\hotspot\share\interpreter\linkResolver.cpp, line 773]
Event: 70.878 Thread 0x00000202d878d880 Exception <a 'java/lang/NoSuchMethodError'{0x00000000d5ce4e40}: 'java.lang.Object java.lang.invoke.DirectMethodHandle$Holder.newInvokeSpecial(java.lang.Object, java.lang.Object, int)'> (0x00000000d5ce4e40) 
thrown [s\src\hotspot\share\interpreter\linkResolver.cpp, line 773]
Event: 70.968 Thread 0x00000202d1573d10 Exception <a 'java/lang/NoSuchMethodError'{0x00000000d57fea28}: 'java.lang.Object java.lang.invoke.DirectMethodHandle$Holder.newInvokeSpecial(java.lang.Object, java.lang.Object, int, int, java.lang.Object)'> (0x00000000d57fea28) 
thrown [s\src\hotspot\share\interpreter\linkResolver.cpp, line 773]
Event: 71.096 Thread 0x00000202d77a85b0 Exception <a 'java/lang/IncompatibleClassChangeError'{0x00000000d5e8a308}: Found class java.lang.Object, but interface was expected> (0x00000000d5e8a308) 
thrown [s\src\hotspot\share\interpreter\linkResolver.cpp, line 840]
Event: 71.156 Thread 0x00000202d63da9e0 Implicit null exception at 0x0000020288078267 to 0x0000020288078574
Event: 71.156 Thread 0x00000202d63da9e0 Implicit null exception at 0x0000020288014521 to 0x0000020288014834
Event: 71.157 Thread 0x00000202d63da9e0 Implicit null exception at 0x000002028805ff7f to 0x000002028806038c
Event: 71.232 Thread 0x00000202d878d880 Implicit null exception at 0x00000202881c51cf to 0x00000202881c532c
Event: 71.334 Thread 0x00000202d878d880 Exception <a 'java/lang/NoSuchMethodError'{0x00000000d6060a70}: 'java.lang.Object java.lang.invoke.DirectMethodHandle$Holder.invokeStatic(java.lang.Object, int, java.lang.Object)'> (0x00000000d6060a70) 
thrown [s\src\hotspot\share\interpreter\linkResolver.cpp, line 773]

ZGC Phase Switch (0 events):
No events

VM Operations (20 events):
Event: 71.201 Executing VM operation: ParallelGCFailedAllocation (Allocation Failure)
Event: 71.203 Executing VM operation: ParallelGCFailedAllocation (Allocation Failure) done
Event: 71.219 Executing VM operation: ParallelGCFailedAllocation (Allocation Failure)
Event: 71.220 Executing VM operation: ParallelGCFailedAllocation (Allocation Failure) done
Event: 71.239 Executing VM operation: ParallelGCFailedAllocation (Allocation Failure)
Event: 71.240 Executing VM operation: ParallelGCFailedAllocation (Allocation Failure) done
Event: 71.259 Executing VM operation: ParallelGCFailedAllocation (Allocation Failure)
Event: 71.260 Executing VM operation: ParallelGCFailedAllocation (Allocation Failure) done
Event: 71.277 Executing VM operation: ParallelGCFailedAllocation (Allocation Failure)
Event: 71.278 Executing VM operation: ParallelGCFailedAllocation (Allocation Failure) done
Event: 71.298 Executing VM operation: ParallelGCFailedAllocation (Allocation Failure)
Event: 71.298 Executing VM operation: ParallelGCFailedAllocation (Allocation Failure) done
Event: 71.319 Executing VM operation: ParallelGCFailedAllocation (Allocation Failure)
Event: 71.320 Executing VM operation: ParallelGCFailedAllocation (Allocation Failure) done
Event: 71.341 Executing VM operation: ParallelGCFailedAllocation (Allocation Failure)
Event: 71.343 Executing VM operation: ParallelGCFailedAllocation (Allocation Failure) done
Event: 71.357 Executing VM operation: HandshakeAllThreads (Deoptimize)
Event: 71.357 Executing VM operation: HandshakeAllThreads (Deoptimize) done
Event: 71.368 Executing VM operation: ParallelGCFailedAllocation (Allocation Failure)
Event: 71.370 Executing VM operation: ParallelGCFailedAllocation (Allocation Failure) done

Memory protections (0 events):
No events

Nmethod flushes (20 events):
Event: 44.133 Thread 0x00000202f75dabe0 flushing  nmethod 0x0000020280942f90
Event: 44.133 Thread 0x00000202f75dabe0 flushing  nmethod 0x0000020280944590
Event: 44.133 Thread 0x00000202f75dabe0 flushing  nmethod 0x0000020280945590
Event: 44.133 Thread 0x00000202f75dabe0 flushing  nmethod 0x0000020280945990
Event: 44.133 Thread 0x00000202f75dabe0 flushing  nmethod 0x0000020280945f90
Event: 44.133 Thread 0x00000202f75dabe0 flushing  nmethod 0x0000020280947410
Event: 44.133 Thread 0x00000202f75dabe0 flushing  nmethod 0x0000020280947810
Event: 44.133 Thread 0x00000202f75dabe0 flushing  nmethod 0x0000020280949590
Event: 44.133 Thread 0x00000202f75dabe0 flushing  nmethod 0x0000020280949a10
Event: 44.133 Thread 0x00000202f75dabe0 flushing  nmethod 0x000002028094bf90
Event: 44.133 Thread 0x00000202f75dabe0 flushing  nmethod 0x000002028094c410
Event: 44.133 Thread 0x00000202f75dabe0 flushing  nmethod 0x0000020280996490
Event: 44.133 Thread 0x00000202f75dabe0 flushing  nmethod 0x0000020280997910
Event: 44.133 Thread 0x00000202f75dabe0 flushing  nmethod 0x000002028099b290
Event: 44.133 Thread 0x00000202f75dabe0 flushing  nmethod 0x000002028099c390
Event: 44.133 Thread 0x00000202f75dabe0 flushing  nmethod 0x00000202809a8b10
Event: 44.133 Thread 0x00000202f75dabe0 flushing  nmethod 0x00000202809aee10
Event: 44.133 Thread 0x00000202f75dabe0 flushing  nmethod 0x00000202809cde10
Event: 44.133 Thread 0x00000202f75dabe0 flushing  nmethod 0x00000202809d1610
Event: 44.133 Thread 0x00000202f75dabe0 flushing osr nmethod 0x0000020280a1ae90

Events (20 events):
Event: 69.945 Thread 0x00000202d63dff30 Thread added: 0x00000202d63df8a0
Event: 69.945 Thread 0x00000202d63dcab0 Thread added: 0x00000202d63e1970
Event: 69.946 Thread 0x00000202d1573d10 Thread added: 0x00000202d63e0c50
Event: 69.946 Thread 0x00000202d1573d10 Thread added: 0x00000202d63e12e0
Event: 69.946 Thread 0x00000202d1573d10 Thread added: 0x00000202d63df210
Event: 69.947 Thread 0x00000202d1573d10 Thread added: 0x00000202d77a8c40
Event: 69.947 Thread 0x00000202d1573d10 Thread added: 0x00000202d8eff690
Event: 70.249 Thread 0x00000202d6649f20 Thread exited: 0x00000202d6649f20
Event: 70.533 Thread 0x00000202d036e900 Thread added: 0x00000202d6649f20
Event: 70.716 Thread 0x00000202d1573d10 Thread added: 0x00000202d878d880
Event: 70.970 Thread 0x00000202d1573d10 Thread added: 0x00000202d878ec30
Event: 71.016 Thread 0x00000202d1573d10 Thread added: 0x00000202d878c4d0
Event: 71.073 Thread 0x00000202d1573d10 Thread added: 0x00000202d878e5a0
Event: 71.073 Thread 0x00000202d1573d10 Thread added: 0x00000202d878f2c0
Event: 71.119 Thread 0x00000202d1573d10 Thread added: 0x00000202d8792740
Event: 71.171 Thread 0x00000202d1573d10 Thread added: 0x00000202d878f950
Event: 71.225 Thread 0x00000202d1573d10 Thread added: 0x00000202d8790d00
Event: 71.261 Thread 0x00000202d1573d10 Thread added: 0x00000202d8792dd0
Event: 71.272 Thread 0x00000202d1573d10 Thread added: 0x00000202d8793460
Event: 71.283 Thread 0x00000202d1573d10 Thread added: 0x00000202d8790670


Dynamic libraries:
0x00007ff7bd9e0000 - 0x00007ff7bd9ee000 	c:\Users\MINH QUAN\.vscode\extensions\redhat.java-1.45.0-win32-x64\jre\21.0.8-win32-x86_64\bin\java.exe
0x00007ffd25860000 - 0x00007ffd25ac9000 	C:\WINDOWS\SYSTEM32\ntdll.dll
0x00007ffd24410000 - 0x00007ffd244d9000 	C:\WINDOWS\System32\KERNEL32.DLL
0x00007ffd22a80000 - 0x00007ffd22e73000 	C:\WINDOWS\System32\KERNELBASE.dll
0x00007ffd1f330000 - 0x00007ffd1f3ce000 	C:\WINDOWS\SYSTEM32\apphelp.dll
0x00007ffd232f0000 - 0x00007ffd2343b000 	C:\WINDOWS\System32\ucrtbase.dll
0x00007ffd141a0000 - 0x00007ffd141be000 	c:\Users\MINH QUAN\.vscode\extensions\redhat.java-1.45.0-win32-x64\jre\21.0.8-win32-x86_64\bin\VCRUNTIME140.dll
0x00007ffd12af0000 - 0x00007ffd12b08000 	c:\Users\MINH QUAN\.vscode\extensions\redhat.java-1.45.0-win32-x64\jre\21.0.8-win32-x86_64\bin\jli.dll
0x00007ffd245d0000 - 0x00007ffd24794000 	C:\WINDOWS\System32\USER32.dll
0x00007ffd01810000 - 0x00007ffd01aa3000 	C:\WINDOWS\WinSxS\amd64_microsoft.windows.common-controls_6595b64144ccf1df_6.0.26100.5074_none_3e0d6f78e32fd63f\COMCTL32.dll
0x00007ffd230b0000 - 0x00007ffd230d7000 	C:\WINDOWS\System32\win32u.dll
0x00007ffd24260000 - 0x00007ffd24309000 	C:\WINDOWS\System32\msvcrt.dll
0x00007ffd25580000 - 0x00007ffd255ab000 	C:\WINDOWS\System32\GDI32.dll
0x00007ffd23440000 - 0x00007ffd2356d000 	C:\WINDOWS\System32\gdi32full.dll
0x00007ffd23000000 - 0x00007ffd230a3000 	C:\WINDOWS\System32\msvcp_win.dll
0x00007ffd24220000 - 0x00007ffd2424f000 	C:\WINDOWS\System32\IMM32.DLL
0x00007ffd15f80000 - 0x00007ffd15f8c000 	c:\Users\MINH QUAN\.vscode\extensions\redhat.java-1.45.0-win32-x64\jre\21.0.8-win32-x86_64\bin\vcruntime140_1.dll
0x00007ffce0030000 - 0x00007ffce00bd000 	c:\Users\MINH QUAN\.vscode\extensions\redhat.java-1.45.0-win32-x64\jre\21.0.8-win32-x86_64\bin\msvcp140.dll
0x00007ffc6fd00000 - 0x00007ffc70a97000 	c:\Users\MINH QUAN\.vscode\extensions\redhat.java-1.45.0-win32-x64\jre\21.0.8-win32-x86_64\bin\server\jvm.dll
0x00007ffd24060000 - 0x00007ffd24114000 	C:\WINDOWS\System32\ADVAPI32.dll
0x00007ffd24130000 - 0x00007ffd241d6000 	C:\WINDOWS\System32\sechost.dll
0x00007ffd23f40000 - 0x00007ffd24058000 	C:\WINDOWS\System32\RPCRT4.dll
0x00007ffd23630000 - 0x00007ffd236a4000 	C:\WINDOWS\System32\WS2_32.dll
0x00007ffd10050000 - 0x00007ffd10085000 	C:\WINDOWS\SYSTEM32\WINMM.dll
0x00007ffd21650000 - 0x00007ffd216ae000 	C:\WINDOWS\SYSTEM32\POWRPROF.dll
0x00007ffd0ff10000 - 0x00007ffd0ff1b000 	C:\WINDOWS\SYSTEM32\VERSION.dll
0x00007ffd21630000 - 0x00007ffd21644000 	C:\WINDOWS\SYSTEM32\UMPDC.dll
0x00007ffd218f0000 - 0x00007ffd2190b000 	C:\WINDOWS\SYSTEM32\kernel.appcore.dll
0x00007ffd14a90000 - 0x00007ffd14a9a000 	c:\Users\MINH QUAN\.vscode\extensions\redhat.java-1.45.0-win32-x64\jre\21.0.8-win32-x86_64\bin\jimage.dll
0x00007ffd1fbe0000 - 0x00007ffd1fe22000 	C:\WINDOWS\SYSTEM32\DBGHELP.DLL
0x00007ffd24cc0000 - 0x00007ffd2503b000 	C:\WINDOWS\System32\combase.dll
0x00007ffd244e0000 - 0x00007ffd245b7000 	C:\WINDOWS\System32\OLEAUT32.dll
0x00007ffcf1370000 - 0x00007ffcf13ad000 	C:\WINDOWS\SYSTEM32\dbgcore.DLL
0x00007ffd23250000 - 0x00007ffd232e9000 	C:\WINDOWS\System32\bcryptPrimitives.dll
0x00007ffd147d0000 - 0x00007ffd147df000 	c:\Users\MINH QUAN\.vscode\extensions\redhat.java-1.45.0-win32-x64\jre\21.0.8-win32-x86_64\bin\instrument.dll
0x00007ffd11f90000 - 0x00007ffd11faf000 	c:\Users\MINH QUAN\.vscode\extensions\redhat.java-1.45.0-win32-x64\jre\21.0.8-win32-x86_64\bin\java.dll
0x00007ffd236b0000 - 0x00007ffd23dfd000 	C:\WINDOWS\System32\SHELL32.dll
0x00007ffd230e0000 - 0x00007ffd2324c000 	C:\WINDOWS\System32\wintypes.dll
0x00007ffd206b0000 - 0x00007ffd20f09000 	C:\WINDOWS\SYSTEM32\windows.storage.dll
0x00007ffd24310000 - 0x00007ffd24400000 	C:\WINDOWS\System32\SHCORE.dll
0x00007ffd247a0000 - 0x00007ffd24802000 	C:\WINDOWS\System32\shlwapi.dll
0x00007ffd22910000 - 0x00007ffd22939000 	C:\WINDOWS\SYSTEM32\profapi.dll
0x00007ffd08a20000 - 0x00007ffd08a38000 	c:\Users\MINH QUAN\.vscode\extensions\redhat.java-1.45.0-win32-x64\jre\21.0.8-win32-x86_64\bin\zip.dll
0x00007ffd12c90000 - 0x00007ffd12ca0000 	C:\Users\MINH QUAN\.vscode\extensions\redhat.java-1.45.0-win32-x64\jre\21.0.8-win32-x86_64\bin\net.dll
0x00007ffd18ee0000 - 0x00007ffd18fff000 	C:\WINDOWS\SYSTEM32\WINHTTP.dll
0x00007ffd21e70000 - 0x00007ffd21edb000 	C:\WINDOWS\system32\mswsock.dll
0x00007ffd089e0000 - 0x00007ffd089f6000 	C:\Users\MINH QUAN\.vscode\extensions\redhat.java-1.45.0-win32-x64\jre\21.0.8-win32-x86_64\bin\nio.dll
0x00007ffd08c70000 - 0x00007ffd08c80000 	c:\Users\MINH QUAN\.vscode\extensions\redhat.java-1.45.0-win32-x64\jre\21.0.8-win32-x86_64\bin\verify.dll
0x00007ffcd7310000 - 0x00007ffcd7354000 	C:\Users\MINH QUAN\AppData\Roaming\Code\User\globalStorage\redhat.java\1.45.0\config_win\org.eclipse.equinox.launcher\org.eclipse.equinox.launcher.win32.win32.x86_64_1.2.1400.v20250801-0854\eclipse_11916.dll
0x00007ffd253e0000 - 0x00007ffd25578000 	C:\WINDOWS\System32\ole32.dll
0x00007ffd22110000 - 0x00007ffd2212b000 	C:\WINDOWS\SYSTEM32\CRYPTSP.dll
0x00007ffd21850000 - 0x00007ffd2188b000 	C:\WINDOWS\system32\rsaenh.dll
0x00007ffd21f10000 - 0x00007ffd21f3b000 	C:\WINDOWS\SYSTEM32\USERENV.dll
0x00007ffd228e0000 - 0x00007ffd22906000 	C:\WINDOWS\SYSTEM32\bcrypt.dll
0x00007ffd22130000 - 0x00007ffd2213c000 	C:\WINDOWS\SYSTEM32\CRYPTBASE.dll
0x00007ffd212d0000 - 0x00007ffd21304000 	C:\WINDOWS\SYSTEM32\IPHLPAPI.DLL
0x00007ffd24120000 - 0x00007ffd2412a000 	C:\WINDOWS\System32\NSI.dll
0x00007ffccdc10000 - 0x00007ffccdc59000 	C:\Users\MINH QUAN\AppData\Local\Temp\jna--701564006\jna17835924974458659729.dll
0x00007ffd255b0000 - 0x00007ffd255b8000 	C:\WINDOWS\System32\PSAPI.DLL
0x00007ffd190d0000 - 0x00007ffd190ee000 	C:\WINDOWS\SYSTEM32\dhcpcsvc6.DLL
0x00007ffd18eb0000 - 0x00007ffd18ed3000 	C:\WINDOWS\SYSTEM32\dhcpcsvc.DLL
0x00007ffd08c60000 - 0x00007ffd08c6e000 	C:\Users\MINH QUAN\.vscode\extensions\redhat.java-1.45.0-win32-x64\jre\21.0.8-win32-x86_64\bin\sunmscapi.dll
0x00007ffd22e80000 - 0x00007ffd22ff7000 	C:\WINDOWS\System32\CRYPT32.dll
0x00007ffd22330000 - 0x00007ffd22360000 	C:\WINDOWS\SYSTEM32\ncrypt.dll
0x00007ffd222e0000 - 0x00007ffd2231f000 	C:\WINDOWS\SYSTEM32\NTASN1.dll
0x00007ffd21370000 - 0x00007ffd21496000 	C:\WINDOWS\SYSTEM32\DNSAPI.dll
0x0000000066b60000 - 0x0000000066b86000 	C:\Program Files\Bonjour\mdnsNSP.dll
0x00007ffd0ff00000 - 0x00007ffd0ff0b000 	C:\Windows\System32\rasadhlp.dll
0x00007ffd18150000 - 0x00007ffd181d6000 	C:\WINDOWS\System32\fwpuclnt.dll
0x00007ffd08c50000 - 0x00007ffd08c59000 	C:\Users\MINH QUAN\.vscode\extensions\redhat.java-1.45.0-win32-x64\jre\21.0.8-win32-x86_64\bin\extnet.dll

JVMTI agents:
c:\Users\MINH QUAN\.vscode\extensions\redhat.java-1.45.0-win32-x64\lombok\lombok-1.18.39-4050.jar path:c:\Users\MINH QUAN\.vscode\extensions\redhat.java-1.45.0-win32-x64\jre\21.0.8-win32-x86_64\bin\instrument.dll, loaded, initialized, instrumentlib options:none

dbghelp: loaded successfully - version: 4.0.5 - missing functions: none
symbol engine: initialized successfully - sym options: 0x614 - pdb path: .;c:\Users\MINH QUAN\.vscode\extensions\redhat.java-1.45.0-win32-x64\jre\21.0.8-win32-x86_64\bin;C:\WINDOWS\SYSTEM32;C:\WINDOWS\WinSxS\amd64_microsoft.windows.common-controls_6595b64144ccf1df_6.0.26100.5074_none_3e0d6f78e32fd63f;c:\Users\MINH QUAN\.vscode\extensions\redhat.java-1.45.0-win32-x64\jre\21.0.8-win32-x86_64\bin\server;C:\Users\MINH QUAN\AppData\Roaming\Code\User\globalStorage\redhat.java\1.45.0\config_win\org.eclipse.equinox.launcher\org.eclipse.equinox.launcher.win32.win32.x86_64_1.2.1400.v20250801-0854;C:\Users\MINH QUAN\AppData\Local\Temp\jna--701564006;C:\Program Files\Bonjour

VM Arguments:
jvm_args: --add-modules=ALL-SYSTEM --add-opens=java.base/java.util=ALL-UNNAMED --add-opens=java.base/java.lang=ALL-UNNAMED --add-opens=java.base/sun.nio.fs=ALL-UNNAMED -Declipse.application=org.eclipse.jdt.ls.core.id1 -Dosgi.bundles.defaultStartLevel=4 -Declipse.product=org.eclipse.jdt.ls.core.product -Djava.import.generatesMetadataFilesAtProjectRoot=false -DDetectVMInstallationsJob.disabled=true -Dfile.encoding=utf8 -XX:+UseParallelGC -XX:GCTimeRatio=4 -XX:AdaptiveSizePolicyWeight=90 -Dsun.zip.disableMemoryMapping=true -Xmx2G -Xms100m -Xlog:disable -javaagent:c:\Users\MINH QUAN\.vscode\extensions\redhat.java-1.45.0-win32-x64\lombok\lombok-1.18.39-4050.jar -XX:+HeapDumpOnOutOfMemoryError -XX:HeapDumpPath=c:\Users\MINH QUAN\AppData\Roaming\Code\User\workspaceStorage\bbbe183c1fbf0343f34df3db487e7bb0\redhat.java -Daether.dependencyCollector.impl=bf 
java_command: c:\Users\MINH QUAN\.vscode\extensions\redhat.java-1.45.0-win32-x64\server\plugins\org.eclipse.equinox.launcher_1.7.0.v20250519-0528.jar -configuration c:\Users\MINH QUAN\AppData\Roaming\Code\User\globalStorage\redhat.java\1.45.0\config_win -data c:\Users\MINH QUAN\AppData\Roaming\Code\User\workspaceStorage\bbbe183c1fbf0343f34df3db487e7bb0\redhat.java\jdt_ws --pipe=\\.\pipe\lsp-91ec3bbff8aefe195ad5dc618b8e04bd-sock
java_class_path (initial): c:\Users\MINH QUAN\.vscode\extensions\redhat.java-1.45.0-win32-x64\server\plugins\org.eclipse.equinox.launcher_1.7.0.v20250519-0528.jar
Launcher Type: SUN_STANDARD

[Global flags]
    uintx AdaptiveSizePolicyWeight                 = 90                                        {product} {command line}
     intx CICompilerCount                          = 4                                         {product} {ergonomic}
    uintx GCTimeRatio                              = 4                                         {product} {command line}
     bool HeapDumpOnOutOfMemoryError               = true                                   {manageable} {command line}
    ccstr HeapDumpPath                             = c:\Users\MINH QUAN\AppData\Roaming\Code\User\workspaceStorage\bbbe183c1fbf0343f34df3db487e7bb0\redhat.java         {manageable} {command line}
   size_t InitialHeapSize                          = 104857600                                 {product} {command line}
   size_t MaxHeapSize                              = 2147483648                                {product} {command line}
   size_t MaxNewSize                               = 715653120                                 {product} {ergonomic}
   size_t MinHeapDeltaBytes                        = 524288                                    {product} {ergonomic}
   size_t MinHeapSize                              = 104857600                                 {product} {command line}
   size_t NewSize                                  = 34603008                                  {product} {ergonomic}
    uintx NonNMethodCodeHeapSize                   = 5839372                                {pd product} {ergonomic}
    uintx NonProfiledCodeHeapSize                  = 122909434                              {pd product} {ergonomic}
   size_t OldSize                                  = 70254592                                  {product} {ergonomic}
    uintx ProfiledCodeHeapSize                     = 122909434                              {pd product} {ergonomic}
    uintx ReservedCodeCacheSize                    = 251658240                              {pd product} {ergonomic}
     bool SegmentedCodeCache                       = true                                      {product} {ergonomic}
   size_t SoftMaxHeapSize                          = 2147483648                             {manageable} {ergonomic}
     bool UseCompressedOops                        = true                           {product lp64_product} {ergonomic}
     bool UseLargePagesIndividualAllocation        = false                                  {pd product} {ergonomic}
     bool UseParallelGC                            = true                                      {product} {command line}

Logging:
Log output configuration:
 #0: stdout all=off uptime,level,tags foldmultilines=false
 #1: stderr all=off uptime,level,tags foldmultilines=false

Environment Variables:
JAVA_HOME=C:\Program Files\Java\jdk-21
PATH=C:\Program Files\nodejs;C:\Program Files (x86)\Common Files\Oracle\Java\javapath;C:\Windows\system32;C:\Windows;C:\Windows\System32\Wbem;C:\Windows\System32\WindowsPowerShell\v1.0\;C:\Windows\System32\OpenSSH\;C:\Program Files (x86)\NVIDIA Corporation\PhysX\Common;C:\WINDOWS\system32;C:\WINDOWS;C:\WINDOWS\System32\Wbem;C:\WINDOWS\System32\WindowsPowerShell\v1.0\;C:\WINDOWS\System32\OpenSSH\;C:\Program Files\dotnet\;C:\Program Files (x86)\Microsoft SQL Server\160\Tools\Binn\;C:\Program Files\Microsoft SQL Server\160\Tools\Binn\;C:\Program Files\Microsoft SQL Server\Client SDK\ODBC\170\Tools\Binn\;C:\Program Files\Microsoft SQL Server\160\DTS\Binn\;C:\Program Files (x86)\Microsoft SQL Server\160\DTS\Binn\;C:\xampp\php;C:\composer;C:\Program Files\Cloudflare\Cloudflare WARP\;C:\Program Files\NVIDIA Corporation\NVIDIA App\NvDLISR;C:\MinGW\bin;C:\Program Files\Java\jdk-21\bin;C:\Program Files\Git\cmd;C:\Program Files\nodejs\;C:\Users\MINH QUAN\AppData\Local\Programs\Python\Launcher\;C:\Users\MINH QUAN\AppData\Local\Microsoft\WindowsApps;C:\Users\MINH QUAN\.dotnet\tools;C:\Users\MINH QUAN\AppData\Local\Programs\Microsoft VS Code\bin;C:\Users\MINH QUAN\AppData\Roaming\Composer\vendor\bin;C:\Users\MINH QUAN\.bun\bin;C:\Users\MINH QUAN\AppData\Roaming\npm;C:\Users\MINH QUAN\AppData\Local\GitHubDesktop\bin;C:\Users\MINH QUAN\AppData\Local\Programs\Windsurf\bin
USERNAME=MINH_QUAN
OS=Windows_NT
PROCESSOR_IDENTIFIER=Intel64 Family 6 Model 186 Stepping 2, GenuineIntel
TMP=C:\Users\MINHQU~1\AppData\Local\Temp
TEMP=C:\Users\MINHQU~1\AppData\Local\Temp




Periodic native trim disabled

---------------  S Y S T E M  ---------------

OS:
 Windows 11 , 64 bit Build 26100 (10.0.26100.5074)
OS uptime: 0 days 0:28 hours

CPU: total 12 (initial active 12) (6 cores per cpu, 2 threads per core) family 6 model 186 stepping 2 microcode 0x5103, cx8, cmov, fxsr, ht, mmx, 3dnowpref, sse, sse2, sse3, ssse3, sse4.1, sse4.2, popcnt, lzcnt, tsc, tscinvbit, avx, avx2, aes, erms, clmul, bmi1, bmi2, adx, sha, fma, vzeroupper, clflush, clflushopt, clwb, serialize, rdtscp, rdpid, fsrm, f16c, pku, cet_ibt, cet_ss
Processor Information for the first 12 processors :
  Max Mhz: 2100, Current Mhz: 2100, Mhz Limit: 2100

Memory: 4k page, system-wide physical 16087M (3045M free)
TotalPageFile size 22831M (AvailPageFile size 3M)
current process WorkingSet (physical memory assigned to process): 368M, peak: 370M
current process commit charge ("private bytes"): 441M, peak: 445M

vm_info: OpenJDK 64-Bit Server VM (21.0.8+9-LTS) for windows-amd64 JRE (21.0.8+9-LTS), built on 2025-07-15T00:00:00Z by "admin" with MS VC++ 17.7 (VS2022)

END.
