#
# There is insufficient memory for the Java Runtime Environment to continue.
# Native memory allocation (mmap) failed to map 65536 bytes for Failed to commit metaspace.
# Possible reasons:
#   The system is out of physical RAM or swap space
#   The process is running with CompressedOops enabled, and the Java Heap may be blocking the growth of the native heap
# Possible solutions:
#   Reduce memory load on the system
#   Increase physical memory or swap space
#   Check if swap backing store is full
#   Decrease Java heap size (-Xmx/-Xms)
#   Decrease number of Java threads
#   Decrease Java thread stack sizes (-Xss)
#   Set larger code cache with -XX:ReservedCodeCacheSize=
#   JVM is running with Unscaled Compressed Oops mode in which the Java heap is
#     placed in the first 4GB address space. The Java Heap base address is the
#     maximum limit for the native heap growth. Please use -XX:HeapBaseMinAddress
#     to set the Java Heap base and to place the Java Heap above 4GB virtual address.
# This output file may be truncated or incomplete.
#
#  Out of Memory Error (virtualSpaceNode.cpp:112), pid=4852, tid=440
#
# JRE version: Java(TM) SE Runtime Environment (21.0.2+13) (build 21.0.2+13-LTS-58)
# Java VM: Java HotSpot(TM) 64-Bit Server VM (21.0.2+13-LTS-58, mixed mode, sharing, tiered, compressed oops, compressed class ptrs, g1 gc, windows-amd64)
# No core dump will be written. Minidumps are not enabled by default on client versions of Windows
#

---------------  S U M M A R Y ------------

Command Line: -DwatchParentProcess=false -XX:+ExitOnOutOfMemoryError -XX:+HeapDumpOnOutOfMemoryError -XX:HeapDumpPath=c:\Users\MINH QUAN\AppData\Roaming\Code\User\globalStorage\redhat.vscode-xml -Xmx64M org.eclipse.lemminx.XMLServerLauncher

Host: 13th Gen Intel(R) Core(TM) i5-13420H, 12 cores, 15G,  Windows 11 , 64 bit Build 26100 (10.0.26100.5074)
Time: Fri Sep 26 15:50:09 2025 SE Asia Standard Time elapsed time: 0.470955 seconds (0d 0h 0m 0s)

---------------  T H R E A D  ---------------

Current thread (0x0000023cec1efd70):  JavaThread "pool-4-thread-1"        [_thread_in_vm, id=440, stack(0x0000006af7600000,0x0000006af7700000) (1024K)]

Stack: [0x0000006af7600000,0x0000006af7700000]
Native frames: (J=compiled Java code, j=interpreted, Vv=VM code, C=native code)
V  [jvm.dll+0x6cade9]
V  [jvm.dll+0x8569c1]
V  [jvm.dll+0x858d2e]
V  [jvm.dll+0x859413]
V  [jvm.dll+0x280e56]
V  [jvm.dll+0x8526ee]
V  [jvm.dll+0x66e705]
V  [jvm.dll+0x66e76a]
V  [jvm.dll+0x670f96]
V  [jvm.dll+0x670e62]
V  [jvm.dll+0x66f0de]
V  [jvm.dll+0x26b47f]
V  [jvm.dll+0x679305]
V  [jvm.dll+0x217b73]
V  [jvm.dll+0x2180b5]
V  [jvm.dll+0x218ad1]
V  [jvm.dll+0x20dd9e]
V  [jvm.dll+0x5ad3dc]
V  [jvm.dll+0x21f76a]
V  [jvm.dll+0x7cec21]
V  [jvm.dll+0x7cfc85]
V  [jvm.dll+0x7d022f]
V  [jvm.dll+0x7cfed8]
V  [jvm.dll+0x26ed7b]
V  [jvm.dll+0x26efaa]
V  [jvm.dll+0x5d0041]
V  [jvm.dll+0x5d2644]
V  [jvm.dll+0x3d7442]
V  [jvm.dll+0x3d6ee0]
C  0x0000023c9b9a76fc

The last pc belongs to getstatic (printed below).
Java frames: (J=compiled Java code, j=interpreted, Vv=VM code)
j  sun.security.jca.Providers.<clinit>()V+10 java.base@21.0.2
v  ~StubRoutines::call_stub 0x0000023c9b99100d
j  java.security.SecureRandom.getDefaultPRNG(Z[B)V+5 java.base@21.0.2
j  java.security.SecureRandom.<init>()V+23 java.base@21.0.2
j  java.util.UUID$Holder.<clinit>()V+4 java.base@21.0.2
v  ~StubRoutines::call_stub 0x0000023c9b99100d
j  java.util.UUID.randomUUID()Ljava/util/UUID;+0 java.base@21.0.2
j  org.eclipse.lemminx.settings.capabilities.ServerCapabilitiesConstants.<clinit>()V+0
v  ~StubRoutines::call_stub 0x0000023c9b99100d
j  org.eclipse.lemminx.settings.capabilities.XMLCapabilityManager.initializeCapabilities()V+11
j  org.eclipse.lemminx.XMLLanguageServer.initialized(Lorg/eclipse/lsp4j/InitializedParams;)V+4
j  java.lang.invoke.LambdaForm$DMH+0x0000023ca80c0000.invokeInterface(Ljava/lang/Object;Ljava/lang/Object;Ljava/lang/Object;)V+24 java.base@21.0.2
j  java.lang.invoke.LambdaForm$MH+0x0000023ca80c0400.invoke(Ljava/lang/Object;Ljava/lang/Object;Ljava/lang/Object;)Ljava/lang/Object;+52 java.base@21.0.2
j  java.lang.invoke.Invokers$Holder.invokeExact_MT(Ljava/lang/Object;Ljava/lang/Object;Ljava/lang/Object;Ljava/lang/Object;)Ljava/lang/Object;+20 java.base@21.0.2
j  jdk.internal.reflect.DirectMethodHandleAccessor.invokeImpl(Ljava/lang/Object;[Ljava/lang/Object;)Ljava/lang/Object;+55 java.base@21.0.2
j  jdk.internal.reflect.DirectMethodHandleAccessor.invoke(Ljava/lang/Object;[Ljava/lang/Object;)Ljava/lang/Object;+23 java.base@21.0.2
j  java.lang.reflect.Method.invoke(Ljava/lang/Object;[Ljava/lang/Object;)Ljava/lang/Object;+102 java.base@21.0.2
j  org.eclipse.lsp4j.jsonrpc.services.GenericEndpoint.lambda$recursiveFindRpcMethods$0(Lorg/eclipse/lsp4j/jsonrpc/services/AnnotationUtil$MethodInfo;Ljava/lang/Object;Ljava/lang/Object;)Ljava/util/concurrent/CompletableFuture;+20
j  org.eclipse.lsp4j.jsonrpc.services.GenericEndpoint$$Lambda+0x0000023ca808a4d0.apply(Ljava/lang/Object;)Ljava/lang/Object;+13
j  org.eclipse.lsp4j.jsonrpc.services.GenericEndpoint.notify(Ljava/lang/String;Ljava/lang/Object;)V+18
j  org.eclipse.lsp4j.jsonrpc.RemoteEndpoint.handleNotification(Lorg/eclipse/lsp4j/jsonrpc/messages/NotificationMessage;)V+20
j  org.eclipse.lsp4j.jsonrpc.RemoteEndpoint.consume(Lorg/eclipse/lsp4j/jsonrpc/messages/Message;)V+14
j  org.eclipse.lsp4j.jsonrpc.json.StreamMessageProducer.handleMessage(Ljava/io/InputStream;Lorg/eclipse/lsp4j/jsonrpc/json/StreamMessageProducer$Headers;)Z+57
j  org.eclipse.lsp4j.jsonrpc.json.StreamMessageProducer.listen(Lorg/eclipse/lsp4j/jsonrpc/MessageConsumer;)V+140
j  org.eclipse.lsp4j.jsonrpc.json.ConcurrentMessageProcessor.run()V+12
j  java.util.concurrent.Executors$RunnableAdapter.call()Ljava/lang/Object;+4 java.base@21.0.2
j  java.util.concurrent.FutureTask.run()V+39 java.base@21.0.2
j  java.util.concurrent.ThreadPoolExecutor.runWorker(Ljava/util/concurrent/ThreadPoolExecutor$Worker;)V+92 java.base@21.0.2
j  java.util.concurrent.ThreadPoolExecutor$Worker.run()V+5 java.base@21.0.2
j  java.lang.Thread.runWith(Ljava/lang/Object;Ljava/lang/Runnable;)V+5 java.base@21.0.2
j  java.lang.Thread.run()V+19 java.base@21.0.2
v  ~StubRoutines::call_stub 0x0000023c9b99100d
getstatic  178 getstatic  [0x0000023c9b9a7660, 0x0000023c9b9a7858]  504 bytes
[MachCode]
  0x0000023c9b9a7660: 4883 ec08 | c5fa 1104 | 24eb 1f48 | 83ec 10c5 | fb11 0424 | eb14 4883 | ec10 4889 | 0424 48c7 
  0x0000023c9b9a7680: 4424 0800 | 0000 00eb | 0150 410f | b755 0148 | 8b4d d0c1 | e202 8b5c | d138 c1eb | 1081 e3ff 
  0x0000023c9b9a76a0: 0000 0081 | fbb2 0000 | 000f 84b4 | 0000 00bb | b200 0000 | e805 0000 | 00e9 9900 | 0000 488b 
  0x0000023c9b9a76c0: d348 8d44 | 2408 4c89 | 6dc0 498b | cfc5 f877 | 4989 afa8 | 0300 0049 | 8987 9803 | 0000 4883 
  0x0000023c9b9a76e0: ec20 40f6 | c40f 0f84 | 1900 0000 | 4883 ec08 | 48b8 806e | 8e4e fc7f | 0000 ffd0 | 4883 c408 
  0x0000023c9b9a7700: e90c 0000 | 0048 b880 | 6e8e 4efc | 7f00 00ff | d048 83c4 | 2049 c787 | 9803 0000 | 0000 0000 
  0x0000023c9b9a7720: 49c7 87a8 | 0300 0000 | 0000 0049 | c787 a003 | 0000 0000 | 0000 c5f8 | 7749 837f | 0800 0f84 
  0x0000023c9b9a7740: 0500 0000 | e9b7 97fe | ff4c 8b6d | c04c 8b75 | c84e 8d74 | f500 c341 | 0fb7 5501 | 488b 4dd0 
  0x0000023c9b9a7760: c1e2 0248 | 8b5c d148 | 8b44 d150 | 4c8b 4cd1 | 404d 8b49 | 704d 8b09 | c1e8 1c83 | e00f 0f85 
  0x0000023c9b9a7780: 0b00 0000 | 410f be04 | 1950 e9b1 | 0000 0083 | f801 0f85 | 0b00 0000 | 410f b604 | 1950 e99d 
  0x0000023c9b9a77a0: 0000 0083 | f808 0f85 | 0a00 0000 | 418b 0419 | 50e9 8a00 | 0000 83f8 | 040f 850a | 0000 0041 
  0x0000023c9b9a77c0: 8b04 1950 | e977 0000 | 0083 f802 | 0f85 0b00 | 0000 410f | b704 1950 | e963 0000 | 0083 f803 
  0x0000023c9b9a77e0: 0f85 0b00 | 0000 410f | bf04 1950 | e94f 0000 | 0083 f805 | 0f85 1a00 | 0000 498b | 0419 4883 
  0x0000023c9b9a7800: ec10 4889 | 0424 48c7 | 4424 0800 | 0000 00e9 | 2c00 0000 | 83f8 060f | 8514 0000 | 00c4 c17a 
  0x0000023c9b9a7820: 1004 1948 | 83ec 08c5 | fa11 0424 | e90f 0000 | 00c4 c17b | 1004 1948 | 83ec 10c5 | fb11 0424 
  0x0000023c9b9a7840: 410f b65d | 0349 83c5 | 0349 ba00 | 0f16 4ffc | 7f00 0041 | ff24 da90 
[/MachCode]

---------------  P R O C E S S  ---------------

Threads class SMR info:
_java_thread_list=0x0000023cec3d27b0, length=13, elements={
0x0000023ca6df9c60, 0x0000023ca6dfe7e0, 0x0000023ca6dff240, 0x0000023ca6e00570,
0x0000023ca6e01230, 0x0000023ca6e02430, 0x0000023ca6e04d00, 0x0000023ca6e063d0,
0x0000023cec09d5d0, 0x0000023cec0a9c80, 0x0000023cec1efd70, 0x0000023c8a5da2a0,
0x0000023cec3fbe10
}

Java Threads: ( => current thread )
  0x0000023ca6df9c60 JavaThread "Reference Handler"          daemon [_thread_blocked, id=10164, stack(0x0000006af6c00000,0x0000006af6d00000) (1024K)]
  0x0000023ca6dfe7e0 JavaThread "Finalizer"                  daemon [_thread_blocked, id=6644, stack(0x0000006af6d00000,0x0000006af6e00000) (1024K)]
  0x0000023ca6dff240 JavaThread "Signal Dispatcher"          daemon [_thread_blocked, id=17876, stack(0x0000006af6e00000,0x0000006af6f00000) (1024K)]
  0x0000023ca6e00570 JavaThread "Attach Listener"            daemon [_thread_blocked, id=10168, stack(0x0000006af6f00000,0x0000006af7000000) (1024K)]
  0x0000023ca6e01230 JavaThread "Service Thread"             daemon [_thread_blocked, id=2236, stack(0x0000006af7000000,0x0000006af7100000) (1024K)]
  0x0000023ca6e02430 JavaThread "Monitor Deflation Thread"   daemon [_thread_blocked, id=10344, stack(0x0000006af7100000,0x0000006af7200000) (1024K)]
  0x0000023ca6e04d00 JavaThread "C2 CompilerThread0"         daemon [_thread_blocked, id=18388, stack(0x0000006af7200000,0x0000006af7300000) (1024K)]
  0x0000023ca6e063d0 JavaThread "C1 CompilerThread0"         daemon [_thread_blocked, id=7880, stack(0x0000006af7300000,0x0000006af7400000) (1024K)]
  0x0000023cec09d5d0 JavaThread "Notification Thread"        daemon [_thread_blocked, id=22068, stack(0x0000006af7400000,0x0000006af7500000) (1024K)]
  0x0000023cec0a9c80 JavaThread "Common-Cleaner"             daemon [_thread_blocked, id=2744, stack(0x0000006af7500000,0x0000006af7600000) (1024K)]
=>0x0000023cec1efd70 JavaThread "pool-4-thread-1"                   [_thread_in_vm, id=440, stack(0x0000006af7600000,0x0000006af7700000) (1024K)]
  0x0000023c8a5da2a0 JavaThread "DestroyJavaVM"                     [_thread_blocked, id=5576, stack(0x0000006af6400000,0x0000006af6500000) (1024K)]
  0x0000023cec3fbe10 JavaThread "C2 CompilerThread1"         daemon [_thread_blocked, id=10024, stack(0x0000006af7700000,0x0000006af7800000) (1024K)]
Total: 13

Other Threads:
  0x0000023ca6dd0440 VMThread "VM Thread"                           [id=8700, stack(0x0000006af6b00000,0x0000006af6c00000) (1024K)]
  0x0000023c8a87ac50 WatcherThread "VM Periodic Task Thread"        [id=10580, stack(0x0000006af6a00000,0x0000006af6b00000) (1024K)]
  0x0000023c8a7f80a0 WorkerThread "GC Thread#0"                     [id=7680, stack(0x0000006af6500000,0x0000006af6600000) (1024K)]
  0x0000023c8a7f9880 ConcurrentGCThread "G1 Main Marker"            [id=10292, stack(0x0000006af6600000,0x0000006af6700000) (1024K)]
  0x0000023c8a7fa380 WorkerThread "G1 Conc#0"                       [id=7736, stack(0x0000006af6700000,0x0000006af6800000) (1024K)]
  0x0000023c8a867320 ConcurrentGCThread "G1 Refine#0"               [id=14332, stack(0x0000006af6800000,0x0000006af6900000) (1024K)]
  0x0000023c8a868d40 ConcurrentGCThread "G1 Service"                [id=12416, stack(0x0000006af6900000,0x0000006af6a00000) (1024K)]
Total: 7

Threads with active compile tasks:
Total: 0

VM state: not at safepoint (normal execution)

VM Mutex/Monitor currently owned by a thread:  ([mutex/lock_event])
[0x00007ffc4f14ace8] Metaspace_lock - owner thread: 0x0000023cec1efd70

Heap address: 0x00000000fc000000, size: 64 MB, Compressed Oops mode: 32-bit

CDS archive(s) mapped at: [0x0000023ca7000000-0x0000023ca7c90000-0x0000023ca7c90000), size 13172736, SharedBaseAddress: 0x0000023ca7000000, ArchiveRelocationMode: 1.
Compressed class space mapped at: 0x0000023ca8000000-0x0000023ce8000000, reserved size: 1073741824
Narrow klass base: 0x0000023ca7000000, Narrow klass shift: 0, Narrow klass range: 0x100000000

GC Precious Log:
 CardTable entry size: 512
 Card Set container configuration: InlinePtr #cards 5 size 8 Array Of Cards #cards 12 size 40 Howl #buckets 4 coarsen threshold 1843 Howl Bitmap #cards 512 size 80 coarsen threshold 460 Card regions per heap region 1 cards per card region 2048
 CPUs: 12 total, 12 available
 Memory: 16087M
 Large Page Support: Disabled
 NUMA Support: Disabled
 Compressed Oops: Enabled (32-bit)
 Heap Region Size: 1M
 Heap Min Capacity: 8M
 Heap Initial Capacity: 64M
 Heap Max Capacity: 64M
 Pre-touch: Disabled
 Parallel Workers: 10
 Concurrent Workers: 3
 Concurrent Refinement Workers: 10
 Periodic GC: Disabled

Heap:
 garbage-first heap   total 65536K, used 18432K [0x00000000fc000000, 0x0000000100000000)
  region size 1024K, 18 young (18432K), 0 survivors (0K)
 Metaspace       used 6252K, committed 6464K, reserved 1114112K
  class space    used 719K, committed 832K, reserved 1048576K

Heap Regions: E=young(eden), S=young(survivor), O=old, HS=humongous(starts), HC=humongous(continues), CS=collection set, F=free, TAMS=top-at-mark-start, PB=parsable bottom
|   0|0x00000000fc000000, 0x00000000fc100000, 0x00000000fc100000|100%|HS|  |TAMS 0x00000000fc000000| PB 0x00000000fc000000| Complete 
|   1|0x00000000fc100000, 0x00000000fc100000, 0x00000000fc200000|  0%| F|  |TAMS 0x00000000fc100000| PB 0x00000000fc100000| Untracked 
|   2|0x00000000fc200000, 0x00000000fc200000, 0x00000000fc300000|  0%| F|  |TAMS 0x00000000fc200000| PB 0x00000000fc200000| Untracked 
|   3|0x00000000fc300000, 0x00000000fc300000, 0x00000000fc400000|  0%| F|  |TAMS 0x00000000fc300000| PB 0x00000000fc300000| Untracked 
|   4|0x00000000fc400000, 0x00000000fc400000, 0x00000000fc500000|  0%| F|  |TAMS 0x00000000fc400000| PB 0x00000000fc400000| Untracked 
|   5|0x00000000fc500000, 0x00000000fc500000, 0x00000000fc600000|  0%| F|  |TAMS 0x00000000fc500000| PB 0x00000000fc500000| Untracked 
|   6|0x00000000fc600000, 0x00000000fc600000, 0x00000000fc700000|  0%| F|  |TAMS 0x00000000fc600000| PB 0x00000000fc600000| Untracked 
|   7|0x00000000fc700000, 0x00000000fc700000, 0x00000000fc800000|  0%| F|  |TAMS 0x00000000fc700000| PB 0x00000000fc700000| Untracked 
|   8|0x00000000fc800000, 0x00000000fc800000, 0x00000000fc900000|  0%| F|  |TAMS 0x00000000fc800000| PB 0x00000000fc800000| Untracked 
|   9|0x00000000fc900000, 0x00000000fc900000, 0x00000000fca00000|  0%| F|  |TAMS 0x00000000fc900000| PB 0x00000000fc900000| Untracked 
|  10|0x00000000fca00000, 0x00000000fca00000, 0x00000000fcb00000|  0%| F|  |TAMS 0x00000000fca00000| PB 0x00000000fca00000| Untracked 
|  11|0x00000000fcb00000, 0x00000000fcb00000, 0x00000000fcc00000|  0%| F|  |TAMS 0x00000000fcb00000| PB 0x00000000fcb00000| Untracked 
|  12|0x00000000fcc00000, 0x00000000fcc00000, 0x00000000fcd00000|  0%| F|  |TAMS 0x00000000fcc00000| PB 0x00000000fcc00000| Untracked 
|  13|0x00000000fcd00000, 0x00000000fcd00000, 0x00000000fce00000|  0%| F|  |TAMS 0x00000000fcd00000| PB 0x00000000fcd00000| Untracked 
|  14|0x00000000fce00000, 0x00000000fce00000, 0x00000000fcf00000|  0%| F|  |TAMS 0x00000000fce00000| PB 0x00000000fce00000| Untracked 
|  15|0x00000000fcf00000, 0x00000000fcf00000, 0x00000000fd000000|  0%| F|  |TAMS 0x00000000fcf00000| PB 0x00000000fcf00000| Untracked 
|  16|0x00000000fd000000, 0x00000000fd000000, 0x00000000fd100000|  0%| F|  |TAMS 0x00000000fd000000| PB 0x00000000fd000000| Untracked 
|  17|0x00000000fd100000, 0x00000000fd100000, 0x00000000fd200000|  0%| F|  |TAMS 0x00000000fd100000| PB 0x00000000fd100000| Untracked 
|  18|0x00000000fd200000, 0x00000000fd200000, 0x00000000fd300000|  0%| F|  |TAMS 0x00000000fd200000| PB 0x00000000fd200000| Untracked 
|  19|0x00000000fd300000, 0x00000000fd300000, 0x00000000fd400000|  0%| F|  |TAMS 0x00000000fd300000| PB 0x00000000fd300000| Untracked 
|  20|0x00000000fd400000, 0x00000000fd400000, 0x00000000fd500000|  0%| F|  |TAMS 0x00000000fd400000| PB 0x00000000fd400000| Untracked 
|  21|0x00000000fd500000, 0x00000000fd500000, 0x00000000fd600000|  0%| F|  |TAMS 0x00000000fd500000| PB 0x00000000fd500000| Untracked 
|  22|0x00000000fd600000, 0x00000000fd600000, 0x00000000fd700000|  0%| F|  |TAMS 0x00000000fd600000| PB 0x00000000fd600000| Untracked 
|  23|0x00000000fd700000, 0x00000000fd700000, 0x00000000fd800000|  0%| F|  |TAMS 0x00000000fd700000| PB 0x00000000fd700000| Untracked 
|  24|0x00000000fd800000, 0x00000000fd800000, 0x00000000fd900000|  0%| F|  |TAMS 0x00000000fd800000| PB 0x00000000fd800000| Untracked 
|  25|0x00000000fd900000, 0x00000000fd900000, 0x00000000fda00000|  0%| F|  |TAMS 0x00000000fd900000| PB 0x00000000fd900000| Untracked 
|  26|0x00000000fda00000, 0x00000000fda00000, 0x00000000fdb00000|  0%| F|  |TAMS 0x00000000fda00000| PB 0x00000000fda00000| Untracked 
|  27|0x00000000fdb00000, 0x00000000fdb00000, 0x00000000fdc00000|  0%| F|  |TAMS 0x00000000fdb00000| PB 0x00000000fdb00000| Untracked 
|  28|0x00000000fdc00000, 0x00000000fdc00000, 0x00000000fdd00000|  0%| F|  |TAMS 0x00000000fdc00000| PB 0x00000000fdc00000| Untracked 
|  29|0x00000000fdd00000, 0x00000000fdd00000, 0x00000000fde00000|  0%| F|  |TAMS 0x00000000fdd00000| PB 0x00000000fdd00000| Untracked 
|  30|0x00000000fde00000, 0x00000000fde00000, 0x00000000fdf00000|  0%| F|  |TAMS 0x00000000fde00000| PB 0x00000000fde00000| Untracked 
|  31|0x00000000fdf00000, 0x00000000fdf00000, 0x00000000fe000000|  0%| F|  |TAMS 0x00000000fdf00000| PB 0x00000000fdf00000| Untracked 
|  32|0x00000000fe000000, 0x00000000fe000000, 0x00000000fe100000|  0%| F|  |TAMS 0x00000000fe000000| PB 0x00000000fe000000| Untracked 
|  33|0x00000000fe100000, 0x00000000fe100000, 0x00000000fe200000|  0%| F|  |TAMS 0x00000000fe100000| PB 0x00000000fe100000| Untracked 
|  34|0x00000000fe200000, 0x00000000fe200000, 0x00000000fe300000|  0%| F|  |TAMS 0x00000000fe200000| PB 0x00000000fe200000| Untracked 
|  35|0x00000000fe300000, 0x00000000fe300000, 0x00000000fe400000|  0%| F|  |TAMS 0x00000000fe300000| PB 0x00000000fe300000| Untracked 
|  36|0x00000000fe400000, 0x00000000fe400000, 0x00000000fe500000|  0%| F|  |TAMS 0x00000000fe400000| PB 0x00000000fe400000| Untracked 
|  37|0x00000000fe500000, 0x00000000fe500000, 0x00000000fe600000|  0%| F|  |TAMS 0x00000000fe500000| PB 0x00000000fe500000| Untracked 
|  38|0x00000000fe600000, 0x00000000fe600000, 0x00000000fe700000|  0%| F|  |TAMS 0x00000000fe600000| PB 0x00000000fe600000| Untracked 
|  39|0x00000000fe700000, 0x00000000fe700000, 0x00000000fe800000|  0%| F|  |TAMS 0x00000000fe700000| PB 0x00000000fe700000| Untracked 
|  40|0x00000000fe800000, 0x00000000fe800000, 0x00000000fe900000|  0%| F|  |TAMS 0x00000000fe800000| PB 0x00000000fe800000| Untracked 
|  41|0x00000000fe900000, 0x00000000fe900000, 0x00000000fea00000|  0%| F|  |TAMS 0x00000000fe900000| PB 0x00000000fe900000| Untracked 
|  42|0x00000000fea00000, 0x00000000fea00000, 0x00000000feb00000|  0%| F|  |TAMS 0x00000000fea00000| PB 0x00000000fea00000| Untracked 
|  43|0x00000000feb00000, 0x00000000feb00000, 0x00000000fec00000|  0%| F|  |TAMS 0x00000000feb00000| PB 0x00000000feb00000| Untracked 
|  44|0x00000000fec00000, 0x00000000fec00000, 0x00000000fed00000|  0%| F|  |TAMS 0x00000000fec00000| PB 0x00000000fec00000| Untracked 
|  45|0x00000000fed00000, 0x00000000fed00000, 0x00000000fee00000|  0%| F|  |TAMS 0x00000000fed00000| PB 0x00000000fed00000| Untracked 
|  46|0x00000000fee00000, 0x00000000fee76450, 0x00000000fef00000| 46%| E|  |TAMS 0x00000000fee00000| PB 0x00000000fee00000| Complete 
|  47|0x00000000fef00000, 0x00000000ff000000, 0x00000000ff000000|100%| E|CS|TAMS 0x00000000fef00000| PB 0x00000000fef00000| Complete 
|  48|0x00000000ff000000, 0x00000000ff100000, 0x00000000ff100000|100%| E|CS|TAMS 0x00000000ff000000| PB 0x00000000ff000000| Complete 
|  49|0x00000000ff100000, 0x00000000ff200000, 0x00000000ff200000|100%| E|CS|TAMS 0x00000000ff100000| PB 0x00000000ff100000| Complete 
|  50|0x00000000ff200000, 0x00000000ff300000, 0x00000000ff300000|100%| E|CS|TAMS 0x00000000ff200000| PB 0x00000000ff200000| Complete 
|  51|0x00000000ff300000, 0x00000000ff400000, 0x00000000ff400000|100%| E|CS|TAMS 0x00000000ff300000| PB 0x00000000ff300000| Complete 
|  52|0x00000000ff400000, 0x00000000ff500000, 0x00000000ff500000|100%| E|CS|TAMS 0x00000000ff400000| PB 0x00000000ff400000| Complete 
|  53|0x00000000ff500000, 0x00000000ff600000, 0x00000000ff600000|100%| E|CS|TAMS 0x00000000ff500000| PB 0x00000000ff500000| Complete 
|  54|0x00000000ff600000, 0x00000000ff700000, 0x00000000ff700000|100%| E|CS|TAMS 0x00000000ff600000| PB 0x00000000ff600000| Complete 
|  55|0x00000000ff700000, 0x00000000ff800000, 0x00000000ff800000|100%| E|CS|TAMS 0x00000000ff700000| PB 0x00000000ff700000| Complete 
|  56|0x00000000ff800000, 0x00000000ff900000, 0x00000000ff900000|100%| E|CS|TAMS 0x00000000ff800000| PB 0x00000000ff800000| Complete 
|  57|0x00000000ff900000, 0x00000000ffa00000, 0x00000000ffa00000|100%| E|CS|TAMS 0x00000000ff900000| PB 0x00000000ff900000| Complete 
|  58|0x00000000ffa00000, 0x00000000ffb00000, 0x00000000ffb00000|100%| E|CS|TAMS 0x00000000ffa00000| PB 0x00000000ffa00000| Complete 
|  59|0x00000000ffb00000, 0x00000000ffc00000, 0x00000000ffc00000|100%| E|CS|TAMS 0x00000000ffb00000| PB 0x00000000ffb00000| Complete 
|  60|0x00000000ffc00000, 0x00000000ffd00000, 0x00000000ffd00000|100%| E|CS|TAMS 0x00000000ffc00000| PB 0x00000000ffc00000| Complete 
|  61|0x00000000ffd00000, 0x00000000ffe00000, 0x00000000ffe00000|100%| E|CS|TAMS 0x00000000ffd00000| PB 0x00000000ffd00000| Complete 
|  62|0x00000000ffe00000, 0x00000000fff00000, 0x00000000fff00000|100%| E|CS|TAMS 0x00000000ffe00000| PB 0x00000000ffe00000| Complete 
|  63|0x00000000fff00000, 0x0000000100000000, 0x0000000100000000|100%| E|CS|TAMS 0x00000000fff00000| PB 0x00000000fff00000| Complete 

Card table byte_map: [0x0000023c8a8f0000,0x0000023c8a910000] _byte_map_base: 0x0000023c8a110000

Marking Bits: (CMBitMap*) 0x0000023c8a7f87a0
 Bits: [0x0000023ca4100000, 0x0000023ca4200000)

Polling page: 0x0000023c8a890000

Metaspace:

Usage:
  Non-class:      5.40 MB used.
      Class:    719.60 KB used.
       Both:      6.11 MB used.

Virtual space:
  Non-class space:       64.00 MB reserved,       5.50 MB (  9%) committed,  1 nodes.
      Class space:        1.00 GB reserved,     832.00 KB ( <1%) committed,  1 nodes.
             Both:        1.06 GB reserved,       6.31 MB ( <1%) committed. 

Chunk freelists:
   Non-Class:  9.25 MB
       Class:  15.25 MB
        Both:  24.49 MB

MaxMetaspaceSize: unlimited
CompressedClassSpaceSize: 1.00 GB
Initial GC threshold: 21.00 MB
Current GC threshold: 21.00 MB
CDS: on
 - commit_granule_bytes: 65536.
 - commit_granule_words: 8192.
 - virtual_space_node_default_size: 8388608.
 - enlarge_chunks_in_place: 1.
 - use_allocation_guard: 0.


Internal statistics:

num_allocs_failed_limit: 0.
num_arena_births: 112.
num_arena_deaths: 0.
num_vsnodes_births: 2.
num_vsnodes_deaths: 0.
num_space_committed: 101.
num_space_uncommitted: 0.
num_chunks_returned_to_freelist: 0.
num_chunks_taken_from_freelist: 266.
num_chunk_merges: 0.
num_chunk_splits: 176.
num_chunks_enlarged: 138.
num_inconsistent_stats: 0.

CodeHeap 'non-profiled nmethods': size=120000Kb used=341Kb max_used=341Kb free=119658Kb
 bounds [0x0000023c9bf30000, 0x0000023c9c1a0000, 0x0000023ca3460000]
CodeHeap 'profiled nmethods': size=120000Kb used=2374Kb max_used=2374Kb free=117626Kb
 bounds [0x0000023c94460000, 0x0000023c946d0000, 0x0000023c9b990000]
CodeHeap 'non-nmethods': size=5760Kb used=1378Kb max_used=1402Kb free=4381Kb
 bounds [0x0000023c9b990000, 0x0000023c9bc00000, 0x0000023c9bf30000]
 total_blobs=1761 nmethods=1282 adapters=384
 compilation: enabled
              stopped_count=0, restarted_count=0
 full_count=0

Compilation events (20 events):
Event: 0.466 Thread 0x0000023ca6e063d0 1278       3       jdk.internal.misc.VM::isJavaLangInvokeInited (4 bytes)
Event: 0.466 Thread 0x0000023ca6e063d0 nmethod 1278 0x0000023c946acf10 code [0x0000023c946ad0a0, 0x0000023c946ad190]
Event: 0.466 Thread 0x0000023ca6e063d0 1275       3       java.lang.invoke.DirectMethodHandle::preparedFieldLambdaForm (180 bytes)
Event: 0.467 Thread 0x0000023ca6e063d0 nmethod 1275 0x0000023c946ad210 code [0x0000023c946ad460, 0x0000023c946adbc0]
Event: 0.467 Thread 0x0000023ca6e063d0 1271       3       java.lang.reflect.Field::getOverrideFieldAccessor (18 bytes)
Event: 0.467 Thread 0x0000023ca6e063d0 nmethod 1271 0x0000023c946adf10 code [0x0000023c946ae0c0, 0x0000023c946ae250]
Event: 0.467 Thread 0x0000023ca6e063d0 1276       3       jdk.internal.misc.Unsafe::shouldBeInitialized (18 bytes)
Event: 0.467 Thread 0x0000023ca6e063d0 nmethod 1276 0x0000023c946ae310 code [0x0000023c946ae4e0, 0x0000023c946ae728]
Event: 0.467 Thread 0x0000023ca6e063d0 1261       3       java.lang.Class$Atomic::casReflectionData (13 bytes)
Event: 0.467 Thread 0x0000023ca6e04d00 nmethod 1269 0x0000023c9bf83f90 code [0x0000023c9bf84160, 0x0000023c9bf843d8]
Event: 0.467 Thread 0x0000023ca6e063d0 nmethod 1261 0x0000023c946ae810 code [0x0000023c946ae9a0, 0x0000023c946aeaf0]
Event: 0.467 Thread 0x0000023ca6e063d0 1280       3       java.lang.invoke.DirectMethodHandle::preparedLambdaForm (244 bytes)
Event: 0.467 Thread 0x0000023ca6e04d00 1277       4       java.lang.invoke.LambdaForm::uncustomize (57 bytes)
Event: 0.468 Thread 0x0000023cec3fbe10 nmethod 1272 0x0000023c9bf84690 code [0x0000023c9bf84840, 0x0000023c9bf84a30]
Event: 0.468 Thread 0x0000023ca6e04d00 nmethod 1277 0x0000023c9bf84c10 code [0x0000023c9bf84da0, 0x0000023c9bf84e50]
Event: 0.468 Thread 0x0000023cec3fbe10 1279       4       java.lang.ref.SoftReference::get (29 bytes)
Event: 0.468 Thread 0x0000023ca6e063d0 nmethod 1280 0x0000023c946aeb90 code [0x0000023c946aeea0, 0x0000023c946afe00]
Event: 0.468 Thread 0x0000023cec3fbe10 nmethod 1279 0x0000023c9bf85210 code [0x0000023c9bf853a0, 0x0000023c9bf854d8]
Event: 0.469 Thread 0x0000023ca6e063d0 1282       3       java.lang.invoke.InvokerBytecodeGenerator::emitPushArgument (150 bytes)
Event: 0.469 Thread 0x0000023ca6e063d0 nmethod 1282 0x0000023c946b0410 code [0x0000023c946b0700, 0x0000023c946b14b0]

GC Heap History (0 events):
No events

Dll operation events (6 events):
Event: 0.010 Loaded shared library C:\Program Files\Java\jdk-21\bin\java.dll
Event: 0.042 Loaded shared library C:\Program Files\Java\jdk-21\bin\jsvml.dll
Event: 0.065 Loaded shared library C:\Program Files\Java\jdk-21\bin\net.dll
Event: 0.068 Loaded shared library C:\Program Files\Java\jdk-21\bin\nio.dll
Event: 0.077 Loaded shared library C:\Program Files\Java\jdk-21\bin\zip.dll
Event: 0.106 Loaded shared library C:\Program Files\Java\jdk-21\bin\jimage.dll

Deoptimization events (20 events):
Event: 0.416 Thread 0x0000023cec1efd70 Uncommon trap: trap_request=0xffffffde fr.pc=0x0000023c9bf74564 relative=0x0000000000000304
Event: 0.416 Thread 0x0000023cec1efd70 Uncommon trap: reason=class_check action=maybe_recompile pc=0x0000023c9bf74564 method=java.util.regex.Pattern$BmpCharPropertyGreedy.match(Ljava/util/regex/Matcher;ILjava/lang/CharSequence;)Z @ 26 c2
Event: 0.416 Thread 0x0000023cec1efd70 DEOPT PACKING pc=0x0000023c9bf74564 sp=0x0000006af76fd230
Event: 0.416 Thread 0x0000023cec1efd70 DEOPT UNPACKING pc=0x0000023c9b9e46a2 sp=0x0000006af76fd1e8 mode 2
Event: 0.416 Thread 0x0000023cec1efd70 Uncommon trap: trap_request=0xffffffde fr.pc=0x0000023c9bf74564 relative=0x0000000000000304
Event: 0.416 Thread 0x0000023cec1efd70 Uncommon trap: reason=class_check action=maybe_recompile pc=0x0000023c9bf74564 method=java.util.regex.Pattern$BmpCharPropertyGreedy.match(Ljava/util/regex/Matcher;ILjava/lang/CharSequence;)Z @ 26 c2
Event: 0.416 Thread 0x0000023cec1efd70 DEOPT PACKING pc=0x0000023c9bf74564 sp=0x0000006af76fd1b0
Event: 0.416 Thread 0x0000023cec1efd70 DEOPT UNPACKING pc=0x0000023c9b9e46a2 sp=0x0000006af76fd168 mode 2
Event: 0.416 Thread 0x0000023cec1efd70 Uncommon trap: trap_request=0xffffffde fr.pc=0x0000023c9bf74564 relative=0x0000000000000304
Event: 0.416 Thread 0x0000023cec1efd70 Uncommon trap: reason=class_check action=maybe_recompile pc=0x0000023c9bf74564 method=java.util.regex.Pattern$BmpCharPropertyGreedy.match(Ljava/util/regex/Matcher;ILjava/lang/CharSequence;)Z @ 26 c2
Event: 0.416 Thread 0x0000023cec1efd70 DEOPT PACKING pc=0x0000023c9bf74564 sp=0x0000006af76fcf10
Event: 0.416 Thread 0x0000023cec1efd70 DEOPT UNPACKING pc=0x0000023c9b9e46a2 sp=0x0000006af76fcec8 mode 2
Event: 0.416 Thread 0x0000023cec1efd70 Uncommon trap: trap_request=0xffffffde fr.pc=0x0000023c9bf74564 relative=0x0000000000000304
Event: 0.416 Thread 0x0000023cec1efd70 Uncommon trap: reason=class_check action=maybe_recompile pc=0x0000023c9bf74564 method=java.util.regex.Pattern$BmpCharPropertyGreedy.match(Ljava/util/regex/Matcher;ILjava/lang/CharSequence;)Z @ 26 c2
Event: 0.416 Thread 0x0000023cec1efd70 DEOPT PACKING pc=0x0000023c9bf74564 sp=0x0000006af76fd230
Event: 0.416 Thread 0x0000023cec1efd70 DEOPT UNPACKING pc=0x0000023c9b9e46a2 sp=0x0000006af76fd1e8 mode 2
Event: 0.423 Thread 0x0000023cec1efd70 Uncommon trap: trap_request=0xffffff45 fr.pc=0x0000023c9bf775a0 relative=0x0000000000000f00
Event: 0.423 Thread 0x0000023cec1efd70 Uncommon trap: reason=unstable_if action=reinterpret pc=0x0000023c9bf775a0 method=java.util.concurrent.ConcurrentHashMap.putVal(Ljava/lang/Object;Ljava/lang/Object;Z)Ljava/lang/Object; @ 256 c2
Event: 0.423 Thread 0x0000023cec1efd70 DEOPT PACKING pc=0x0000023c9bf775a0 sp=0x0000006af76fdbe0
Event: 0.423 Thread 0x0000023cec1efd70 DEOPT UNPACKING pc=0x0000023c9b9e46a2 sp=0x0000006af76fdb58 mode 2

Classes loaded (20 events):
Event: 0.427 Loading class java/time/ZonedDateTime$1 done
Event: 0.431 Loading class java/lang/invoke/MethodHandle$1
Event: 0.431 Loading class java/lang/invoke/MethodHandle$1 done
Event: 0.433 Loading class java/io/UnsupportedEncodingException
Event: 0.433 Loading class java/io/UnsupportedEncodingException done
Event: 0.437 Loading class java/lang/IndexOutOfBoundsException
Event: 0.437 Loading class java/lang/IndexOutOfBoundsException done
Event: 0.446 Loading class java/util/concurrent/CompletableFuture$AltResult
Event: 0.447 Loading class java/util/concurrent/CompletableFuture$AltResult done
Event: 0.447 Loading class java/util/concurrent/CompletableFuture$Completion
Event: 0.447 Loading class java/util/concurrent/CompletableFuture$AsynchronousCompletionTask
Event: 0.447 Loading class java/util/concurrent/CompletableFuture$AsynchronousCompletionTask done
Event: 0.447 Loading class java/util/concurrent/CompletableFuture$Completion done
Event: 0.469 Loading class java/util/UUID$Holder
Event: 0.469 Loading class java/util/UUID$Holder done
Event: 0.469 Loading class java/security/SecureRandom
Event: 0.470 Loading class java/security/SecureRandom done
Event: 0.470 Loading class sun/security/jca/Providers
Event: 0.470 Loading class sun/security/jca/Providers done
Event: 0.470 Loading class sun/security/jca/ProviderList

Classes unloaded (0 events):
No events

Classes redefined (0 events):
No events

Internal exceptions (17 events):
Event: 0.127 Thread 0x0000023c8a5da2a0 Exception <a 'java/lang/NoSuchMethodError'{0x00000000ffc354c8}: 'void java.lang.invoke.DirectMethodHandle$Holder.invokeSpecial(java.lang.Object, java.lang.Object, java.lang.Object)'> (0x00000000ffc354c8) 
thrown [s\open\src\hotspot\share\interpreter\linkResolver.cpp, line 773]
Event: 0.158 Thread 0x0000023c8a5da2a0 Exception <a 'java/lang/NoSuchMethodError'{0x00000000ffbf43f8}: 'void java.lang.invoke.DirectMethodHandle$Holder.invokeStatic(java.lang.Object, java.lang.Object, java.lang.Object)'> (0x00000000ffbf43f8) 
thrown [s\open\src\hotspot\share\interpreter\linkResolver.cpp, line 773]
Event: 0.182 Thread 0x0000023c8a5da2a0 Exception <a 'java/lang/NoSuchMethodError'{0x00000000ffaa5210}: 'void java.lang.invoke.DirectMethodHandle$Holder.invokeStatic(java.lang.Object, java.lang.Object, java.lang.Object, java.lang.Object)'> (0x00000000ffaa5210) 
thrown [s\open\src\hotspot\share\interpreter\linkResolver.cpp, line 773]
Event: 0.254 Thread 0x0000023c8a5da2a0 Exception <a 'java/lang/NoSuchMethodError'{0x00000000ff6743d0}: 'java.lang.Object java.lang.invoke.DirectMethodHandle$Holder.newInvokeSpecial(java.lang.Object, java.lang.Object, java.lang.Object, java.lang.Object, java.lang.Object)'> (0x00000000ff6743d0) 
thrown [s\open\src\hotspot\share\interpreter\linkResolver.cpp, line 773]
Event: 0.255 Thread 0x0000023c8a5da2a0 Exception <a 'java/lang/NoSuchMethodError'{0x00000000ff6793a8}: 'java.lang.Object java.lang.invoke.DirectMethodHandle$Holder.invokeInterface(java.lang.Object, java.lang.Object)'> (0x00000000ff6793a8) 
thrown [s\open\src\hotspot\share\interpreter\linkResolver.cpp, line 773]
Event: 0.256 Thread 0x0000023c8a5da2a0 Exception <a 'java/lang/IncompatibleClassChangeError'{0x00000000ff685f78}: Found class java.lang.Object, but interface was expected> (0x00000000ff685f78) 
thrown [s\open\src\hotspot\share\interpreter\linkResolver.cpp, line 840]
Event: 0.259 Thread 0x0000023c8a5da2a0 Exception <a 'java/lang/IncompatibleClassChangeError'{0x00000000ff6ae760}: Found class java.lang.Object, but interface was expected> (0x00000000ff6ae760) 
thrown [s\open\src\hotspot\share\interpreter\linkResolver.cpp, line 840]
Event: 0.280 Thread 0x0000023cec1efd70 Exception <a 'java/lang/NoSuchMethodError'{0x00000000ff5cd3c8}: 'int java.lang.invoke.DirectMethodHandle$Holder.invokeSpecial(java.lang.Object, java.lang.Object, java.lang.Object)'> (0x00000000ff5cd3c8) 
thrown [s\open\src\hotspot\share\interpreter\linkResolver.cpp, line 773]
Event: 0.284 Thread 0x0000023cec1efd70 Exception <a 'java/lang/NoSuchMethodError'{0x00000000ff401278}: 'void java.lang.invoke.Invokers$Holder.invokeExact_MT(java.lang.Object, java.lang.Object, java.lang.Object, java.lang.Object)'> (0x00000000ff401278) 
thrown [s\open\src\hotspot\share\interpreter\linkResolver.cpp, line 773]
Event: 0.291 Thread 0x0000023cec1efd70 Exception <a 'java/lang/NoSuchMethodError'{0x00000000ff45bcc0}: 'void java.lang.invoke.DelegatingMethodHandle$Holder.reinvoke_L(java.lang.Object, java.lang.Object, int)'> (0x00000000ff45bcc0) 
thrown [s\open\src\hotspot\share\interpreter\linkResolver.cpp, line 773]
Event: 0.292 Thread 0x0000023cec1efd70 Exception <a 'java/lang/NoSuchMethodError'{0x00000000ff462830}: 'int java.lang.invoke.Invokers$Holder.invokeExact_MT(java.lang.Object, java.lang.Object, java.lang.Object)'> (0x00000000ff462830) 
thrown [s\open\src\hotspot\share\interpreter\linkResolver.cpp, line 773]
Event: 0.336 Thread 0x0000023cec1efd70 Exception <a 'java/lang/NoSuchMethodError'{0x00000000ff3c0b60}: 'java.lang.Object java.lang.invoke.DirectMethodHandle$Holder.invokeInterface(java.lang.Object, java.lang.Object, java.lang.Object)'> (0x00000000ff3c0b60) 
thrown [s\open\src\hotspot\share\interpreter\linkResolver.cpp, line 773]
Event: 0.353 Thread 0x0000023cec1efd70 Exception <a 'sun/nio/fs/WindowsException'{0x00000000ff262378}> (0x00000000ff262378) 
thrown [s\open\src\hotspot\share\prims\jni.cpp, line 520]
Event: 0.356 Thread 0x0000023cec1efd70 Exception <a 'sun/nio/fs/WindowsException'{0x00000000ff268540}> (0x00000000ff268540) 
thrown [s\open\src\hotspot\share\prims\jni.cpp, line 520]
Event: 0.424 Thread 0x0000023cec1efd70 Exception <a 'java/lang/ClassNotFoundException'{0x00000000ff091f88}: sun/util/logging/resources/spi/loggingProvider> (0x00000000ff091f88) 
thrown [s\open\src\hotspot\share\classfile\systemDictionary.cpp, line 312]
Event: 0.468 Thread 0x0000023cec1efd70 Exception <a 'java/lang/NoSuchMethodError'{0x00000000fee1b6d8}: 'void java.lang.invoke.DirectMethodHandle$Holder.invokeInterface(java.lang.Object, java.lang.Object, java.lang.Object)'> (0x00000000fee1b6d8) 
thrown [s\open\src\hotspot\share\interpreter\linkResolver.cpp, line 773]
Event: 0.468 Thread 0x0000023cec1efd70 Exception <a 'java/lang/IncompatibleClassChangeError'{0x00000000fee1e7b8}: Found class java.lang.Object, but interface was expected> (0x00000000fee1e7b8) 
thrown [s\open\src\hotspot\share\interpreter\linkResolver.cpp, line 840]

ZGC Phase Switch (0 events):
No events

VM Operations (16 events):
Event: 0.078 Executing VM operation: HandshakeAllThreads (Deoptimize)
Event: 0.078 Executing VM operation: HandshakeAllThreads (Deoptimize) done
Event: 0.340 Executing VM operation: HandshakeAllThreads (Deoptimize)
Event: 0.340 Executing VM operation: HandshakeAllThreads (Deoptimize) done
Event: 0.345 Executing VM operation: HandshakeAllThreads (Deoptimize)
Event: 0.345 Executing VM operation: HandshakeAllThreads (Deoptimize) done
Event: 0.366 Executing VM operation: ICBufferFull
Event: 0.366 Executing VM operation: ICBufferFull done
Event: 0.366 Executing VM operation: HandshakeAllThreads (Deoptimize)
Event: 0.366 Executing VM operation: HandshakeAllThreads (Deoptimize) done
Event: 0.381 Executing VM operation: HandshakeAllThreads (Deoptimize)
Event: 0.381 Executing VM operation: HandshakeAllThreads (Deoptimize) done
Event: 0.408 Executing VM operation: HandshakeAllThreads (Deoptimize)
Event: 0.408 Executing VM operation: HandshakeAllThreads (Deoptimize) done
Event: 0.410 Executing VM operation: HandshakeAllThreads (Deoptimize)
Event: 0.410 Executing VM operation: HandshakeAllThreads (Deoptimize) done

Events (15 events):
Event: 0.024 Thread 0x0000023c8a5da2a0 Thread added: 0x0000023c8a5da2a0
Event: 0.039 Thread 0x0000023ca6df9c60 Thread added: 0x0000023ca6df9c60
Event: 0.039 Thread 0x0000023ca6dfe7e0 Thread added: 0x0000023ca6dfe7e0
Event: 0.040 Thread 0x0000023ca6dff240 Thread added: 0x0000023ca6dff240
Event: 0.040 Thread 0x0000023ca6e00570 Thread added: 0x0000023ca6e00570
Event: 0.040 Thread 0x0000023ca6e01230 Thread added: 0x0000023ca6e01230
Event: 0.040 Thread 0x0000023ca6e02430 Thread added: 0x0000023ca6e02430
Event: 0.040 Thread 0x0000023ca6e04d00 Thread added: 0x0000023ca6e04d00
Event: 0.040 Thread 0x0000023ca6e063d0 Thread added: 0x0000023ca6e063d0
Event: 0.057 Thread 0x0000023cec09d5d0 Thread added: 0x0000023cec09d5d0
Event: 0.061 Thread 0x0000023cec0a9c80 Thread added: 0x0000023cec0a9c80
Event: 0.272 Thread 0x0000023cec1efd70 Thread added: 0x0000023cec1efd70
Event: 0.273 Thread 0x0000023c8a5da2a0 Thread exited: 0x0000023c8a5da2a0
Event: 0.273 Thread 0x0000023c8a5da2a0 Thread added: 0x0000023c8a5da2a0
Event: 0.413 Thread 0x0000023cec3fbe10 Thread added: 0x0000023cec3fbe10


Dynamic libraries:
0x00007ff740360000 - 0x00007ff740370000 	C:\Program Files\Java\jdk-21\bin\java.exe
0x00007ffd25860000 - 0x00007ffd25ac9000 	C:\WINDOWS\SYSTEM32\ntdll.dll
0x00007ffd24410000 - 0x00007ffd244d9000 	C:\WINDOWS\System32\KERNEL32.DLL
0x00007ffd22a80000 - 0x00007ffd22e73000 	C:\WINDOWS\System32\KERNELBASE.dll
0x00007ffd1f330000 - 0x00007ffd1f3ce000 	C:\WINDOWS\SYSTEM32\apphelp.dll
0x00007ffd232f0000 - 0x00007ffd2343b000 	C:\WINDOWS\System32\ucrtbase.dll
0x00007ffd16040000 - 0x00007ffd1605b000 	C:\Program Files\Java\jdk-21\bin\VCRUNTIME140.dll
0x00007ffd08c80000 - 0x00007ffd08c99000 	C:\Program Files\Java\jdk-21\bin\jli.dll
0x00007ffd24060000 - 0x00007ffd24114000 	C:\WINDOWS\System32\ADVAPI32.dll
0x00007ffd24260000 - 0x00007ffd24309000 	C:\WINDOWS\System32\msvcrt.dll
0x00007ffd24130000 - 0x00007ffd241d6000 	C:\WINDOWS\System32\sechost.dll
0x00007ffd23f40000 - 0x00007ffd24058000 	C:\WINDOWS\System32\RPCRT4.dll
0x00007ffd245d0000 - 0x00007ffd24794000 	C:\WINDOWS\System32\USER32.dll
0x00007ffd230b0000 - 0x00007ffd230d7000 	C:\WINDOWS\System32\win32u.dll
0x00007ffd25580000 - 0x00007ffd255ab000 	C:\WINDOWS\System32\GDI32.dll
0x00007ffd23440000 - 0x00007ffd2356d000 	C:\WINDOWS\System32\gdi32full.dll
0x00007ffd23000000 - 0x00007ffd230a3000 	C:\WINDOWS\System32\msvcp_win.dll
0x00007ffd01810000 - 0x00007ffd01aa3000 	C:\WINDOWS\WinSxS\amd64_microsoft.windows.common-controls_6595b64144ccf1df_6.0.26100.5074_none_3e0d6f78e32fd63f\COMCTL32.dll
0x00007ffd0ff10000 - 0x00007ffd0ff1b000 	C:\WINDOWS\SYSTEM32\VERSION.dll
0x00007ffd24220000 - 0x00007ffd2424f000 	C:\WINDOWS\System32\IMM32.DLL
0x00007ffd14670000 - 0x00007ffd1467c000 	C:\Program Files\Java\jdk-21\bin\vcruntime140_1.dll
0x00007ffcd9000000 - 0x00007ffcd908e000 	C:\Program Files\Java\jdk-21\bin\msvcp140.dll
0x00007ffc4e510000 - 0x00007ffc4f227000 	C:\Program Files\Java\jdk-21\bin\server\jvm.dll
0x00007ffd23630000 - 0x00007ffd236a4000 	C:\WINDOWS\System32\WS2_32.dll
0x00007ffd21650000 - 0x00007ffd216ae000 	C:\WINDOWS\SYSTEM32\POWRPROF.dll
0x00007ffd10050000 - 0x00007ffd10085000 	C:\WINDOWS\SYSTEM32\WINMM.dll
0x00007ffd21630000 - 0x00007ffd21644000 	C:\WINDOWS\SYSTEM32\UMPDC.dll
0x00007ffd218f0000 - 0x00007ffd2190b000 	C:\WINDOWS\SYSTEM32\kernel.appcore.dll
0x00007ffd14270000 - 0x00007ffd1427a000 	C:\Program Files\Java\jdk-21\bin\jimage.dll
0x00007ffd1fbe0000 - 0x00007ffd1fe22000 	C:\WINDOWS\SYSTEM32\DBGHELP.DLL
0x00007ffd24cc0000 - 0x00007ffd2503b000 	C:\WINDOWS\System32\combase.dll
0x00007ffd244e0000 - 0x00007ffd245b7000 	C:\WINDOWS\System32\OLEAUT32.dll
0x00007ffcf1370000 - 0x00007ffcf13ad000 	C:\WINDOWS\SYSTEM32\dbgcore.DLL
0x00007ffd23250000 - 0x00007ffd232e9000 	C:\WINDOWS\System32\bcryptPrimitives.dll
0x00007ffd08b60000 - 0x00007ffd08b7f000 	C:\Program Files\Java\jdk-21\bin\java.dll
0x00007ffd236b0000 - 0x00007ffd23dfd000 	C:\WINDOWS\System32\SHELL32.dll
0x00007ffd230e0000 - 0x00007ffd2324c000 	C:\WINDOWS\System32\wintypes.dll
0x00007ffd206b0000 - 0x00007ffd20f09000 	C:\WINDOWS\SYSTEM32\windows.storage.dll
0x00007ffd24310000 - 0x00007ffd24400000 	C:\WINDOWS\System32\SHCORE.dll
0x00007ffd247a0000 - 0x00007ffd24802000 	C:\WINDOWS\System32\shlwapi.dll
0x00007ffd22910000 - 0x00007ffd22939000 	C:\WINDOWS\SYSTEM32\profapi.dll
0x00007ffcd7320000 - 0x00007ffcd73f7000 	C:\Program Files\Java\jdk-21\bin\jsvml.dll
0x00007ffd116d0000 - 0x00007ffd116e0000 	C:\Program Files\Java\jdk-21\bin\net.dll
0x00007ffd18ee0000 - 0x00007ffd18fff000 	C:\WINDOWS\SYSTEM32\WINHTTP.dll
0x00007ffd21e70000 - 0x00007ffd21edb000 	C:\WINDOWS\system32\mswsock.dll
0x00007ffd08a00000 - 0x00007ffd08a16000 	C:\Program Files\Java\jdk-21\bin\nio.dll
0x00007ffd08990000 - 0x00007ffd089a8000 	C:\Program Files\Java\jdk-21\bin\zip.dll

dbghelp: loaded successfully - version: 4.0.5 - missing functions: none
symbol engine: initialized successfully - sym options: 0x614 - pdb path: .;C:\Program Files\Java\jdk-21\bin;C:\WINDOWS\SYSTEM32;C:\WINDOWS\WinSxS\amd64_microsoft.windows.common-controls_6595b64144ccf1df_6.0.26100.5074_none_3e0d6f78e32fd63f;C:\Program Files\Java\jdk-21\bin\server

VM Arguments:
jvm_args: -DwatchParentProcess=false -XX:+ExitOnOutOfMemoryError -XX:+HeapDumpOnOutOfMemoryError -XX:HeapDumpPath=c:\Users\MINH QUAN\AppData\Roaming\Code\User\globalStorage\redhat.vscode-xml -Xmx64M 
java_command: org.eclipse.lemminx.XMLServerLauncher
java_class_path (initial): c:\Users\MINH QUAN\.vscode\extensions\redhat.vscode-xml-0.29.0-win32-x64\server\org.eclipse.lemminx-0.31.0-uber.jar
Launcher Type: SUN_STANDARD

[Global flags]
     intx CICompilerCount                          = 4                                         {product} {ergonomic}
     uint ConcGCThreads                            = 3                                         {product} {ergonomic}
     bool ExitOnOutOfMemoryError                   = true                                      {product} {command line}
     uint G1ConcRefinementThreads                  = 10                                        {product} {ergonomic}
   size_t G1HeapRegionSize                         = 1048576                                   {product} {ergonomic}
    uintx GCDrainStackTargetSize                   = 64                                        {product} {ergonomic}
     bool HeapDumpOnOutOfMemoryError               = true                                   {manageable} {command line}
    ccstr HeapDumpPath                             = c:\Users\MINH QUAN\AppData\Roaming\Code\User\globalStorage\redhat.vscode-xml         {manageable} {command line}
   size_t InitialHeapSize                          = 67108864                                  {product} {ergonomic}
   size_t MarkStackSize                            = 4194304                                   {product} {ergonomic}
   size_t MaxHeapSize                              = 67108864                                  {product} {command line}
   size_t MaxNewSize                               = 39845888                                  {product} {ergonomic}
   size_t MinHeapDeltaBytes                        = 1048576                                   {product} {ergonomic}
   size_t MinHeapSize                              = 8388608                                   {product} {ergonomic}
    uintx NonNMethodCodeHeapSize                   = 5839372                                {pd product} {ergonomic}
    uintx NonProfiledCodeHeapSize                  = 122909434                              {pd product} {ergonomic}
    uintx ProfiledCodeHeapSize                     = 122909434                              {pd product} {ergonomic}
    uintx ReservedCodeCacheSize                    = 251658240                              {pd product} {ergonomic}
     bool SegmentedCodeCache                       = true                                      {product} {ergonomic}
   size_t SoftMaxHeapSize                          = 67108864                               {manageable} {ergonomic}
     bool UseCompressedOops                        = true                           {product lp64_product} {ergonomic}
     bool UseG1GC                                  = true                                      {product} {ergonomic}
     bool UseLargePagesIndividualAllocation        = false                                  {pd product} {ergonomic}

Logging:
Log output configuration:
 #0: stdout all=warning uptime,level,tags foldmultilines=false
 #1: stderr all=off uptime,level,tags foldmultilines=false

Environment Variables:
JAVA_HOME=C:\Program Files\Java\jdk-21
PATH=C:\Program Files\nodejs;C:\Program Files (x86)\Common Files\Oracle\Java\javapath;C:\Windows\system32;C:\Windows;C:\Windows\System32\Wbem;C:\Windows\System32\WindowsPowerShell\v1.0\;C:\Windows\System32\OpenSSH\;C:\Program Files (x86)\NVIDIA Corporation\PhysX\Common;C:\WINDOWS\system32;C:\WINDOWS;C:\WINDOWS\System32\Wbem;C:\WINDOWS\System32\WindowsPowerShell\v1.0\;C:\WINDOWS\System32\OpenSSH\;C:\Program Files\dotnet\;C:\Program Files (x86)\Microsoft SQL Server\160\Tools\Binn\;C:\Program Files\Microsoft SQL Server\160\Tools\Binn\;C:\Program Files\Microsoft SQL Server\Client SDK\ODBC\170\Tools\Binn\;C:\Program Files\Microsoft SQL Server\160\DTS\Binn\;C:\Program Files (x86)\Microsoft SQL Server\160\DTS\Binn\;C:\xampp\php;C:\composer;C:\Program Files\Cloudflare\Cloudflare WARP\;C:\Program Files\NVIDIA Corporation\NVIDIA App\NvDLISR;C:\MinGW\bin;C:\Program Files\Java\jdk-21\bin;C:\Program Files\Git\cmd;C:\Program Files\nodejs\;C:\Users\MINH QUAN\AppData\Local\Programs\Python\Launcher\;C:\Users\MINH QUAN\AppData\Local\Microsoft\WindowsApps;C:\Users\MINH QUAN\.dotnet\tools;C:\Users\MINH QUAN\AppData\Local\Programs\Microsoft VS Code\bin;C:\Users\MINH QUAN\AppData\Roaming\Composer\vendor\bin;C:\Users\MINH QUAN\.bun\bin;C:\Users\MINH QUAN\AppData\Roaming\npm;C:\Users\MINH QUAN\AppData\Local\GitHubDesktop\bin;C:\Users\MINH QUAN\AppData\Local\Programs\Windsurf\bin
USERNAME=MINH_QUAN
OS=Windows_NT
PROCESSOR_IDENTIFIER=Intel64 Family 6 Model 186 Stepping 2, GenuineIntel
TMP=C:\Users\MINHQU~1\AppData\Local\Temp
TEMP=C:\Users\MINHQU~1\AppData\Local\Temp




Periodic native trim disabled

---------------  S Y S T E M  ---------------

OS:
 Windows 11 , 64 bit Build 26100 (10.0.26100.5074)
OS uptime: 0 days 0:27 hours

CPU: total 12 (initial active 12) (6 cores per cpu, 2 threads per core) family 6 model 186 stepping 2 microcode 0x5103, cx8, cmov, fxsr, ht, mmx, 3dnowpref, sse, sse2, sse3, ssse3, sse4.1, sse4.2, popcnt, lzcnt, tsc, tscinvbit, avx, avx2, aes, erms, clmul, bmi1, bmi2, adx, sha, fma, vzeroupper, clflush, clflushopt, clwb, serialize, rdtscp, rdpid, fsrm, f16c, pku, cet_ibt, cet_ss
Processor Information for processor 0
  Max Mhz: 2100, Current Mhz: 2100, Mhz Limit: 2100
Processor Information for processor 1
  Max Mhz: 2100, Current Mhz: 2100, Mhz Limit: 2100
Processor Information for processor 2
  Max Mhz: 2100, Current Mhz: 2100, Mhz Limit: 2100
Processor Information for processor 3
  Max Mhz: 2100, Current Mhz: 2100, Mhz Limit: 2100
Processor Information for processor 4
  Max Mhz: 2100, Current Mhz: 2100, Mhz Limit: 2100
Processor Information for processor 5
  Max Mhz: 2100, Current Mhz: 2100, Mhz Limit: 2100
Processor Information for processor 6
  Max Mhz: 2100, Current Mhz: 2100, Mhz Limit: 2100
Processor Information for processor 7
  Max Mhz: 2100, Current Mhz: 1453, Mhz Limit: 2100
Processor Information for processor 8
  Max Mhz: 2100, Current Mhz: 2100, Mhz Limit: 2100
Processor Information for processor 9
  Max Mhz: 2100, Current Mhz: 2100, Mhz Limit: 2100
Processor Information for processor 10
  Max Mhz: 2100, Current Mhz: 2100, Mhz Limit: 2100
Processor Information for processor 11
  Max Mhz: 2100, Current Mhz: 2100, Mhz Limit: 2100

Memory: 4k page, system-wide physical 16087M (3282M free)
TotalPageFile size 22831M (AvailPageFile size 131M)
current process WorkingSet (physical memory assigned to process): 70M, peak: 70M
current process commit charge ("private bytes"): 158M, peak: 158M

vm_info: Java HotSpot(TM) 64-Bit Server VM (21.0.2+13-LTS-58) for windows-amd64 JRE (21.0.2+13-LTS-58), built on 2024-01-05T18:32:24Z by "mach5one" with MS VC++ 17.1 (VS2022)

END.
